{
  "text": " Mohoo! Let's go with it again! Mohoo! Mohoo! Mohoo! Let's go with it again!",
  "segments": [
    {
      "id": 0,
      "seek": 0,
      "start": 0.44,
      "end": 2.98,
      "text": " Mohoo! Let's go with it again!",
      "tokens": [
        50363,
        337,
        1219,
        2238,
        0,
        3914,
        338,
        467,
        351,
        340,
        757,
        0,
        50513
      ],
      "temperature": 0.0,
      "avg_logprob": -0.8020243644714355,
      "compression_ratio": 0.7894736842105263,
      "no_speech_prob": 0.11818066984415054,
      "confidence": 0.496,
      "words": [
        {
          "text": "Mohoo!",
          "start": 0.44,
          "end": 1.72,
          "confidence": 0.271
        },
        {
          "text": "Let's",
          "start": 1.72,
          "end": 2.04,
          "confidence": 0.678
        },
        {
          "text": "go",
          "start": 2.04,
          "end": 2.18,
          "confidence": 0.914
        },
        {
          "text": "with",
          "start": 2.18,
          "end": 2.38,
          "confidence": 0.234
        },
        {
          "text": "it",
          "start": 2.38,
          "end": 2.44,
          "confidence": 0.933
        },
        {
          "text": "again!",
          "start": 2.44,
          "end": 2.98,
          "confidence": 0.996
        }
      ]
    },
    {
      "id": 1,
      "seek": 3000,
      "start": 30.06,
      "end": 31.25,
      "text": " Mohoo!",
      "tokens": [
        337,
        1219,
        2238,
        0
      ],
      "temperature": 0.0,
      "avg_logprob": -0.8320662379264832,
      "compression_ratio": 0.7894736842105263,
      "no_speech_prob": 0.15341022610664368,
      "confidence": 0.308,
      "words": [
        {
          "text": "Mohoo!",
          "start": 30.06,
          "end": 31.25,
          "confidence": 0.308
        }
      ]
    },
    {
      "id": 2,
      "seek": 3100,
      "start": 31.25,
      "end": 32.48,
      "text": " Mohoo!",
      "tokens": [
        337,
        1219,
        2238,
        0
      ],
      "temperature": 0.0,
      "avg_logprob": -0.767271101474762,
      "compression_ratio": 0.7894736842105263,
      "no_speech_prob": 0.1705959141254425,
      "confidence": 0.329,
      "words": [
        {
          "text": "Mohoo!",
          "start": 31.25,
          "end": 32.48,
          "confidence": 0.329
        }
      ]
    },
    {
      "id": 3,
      "seek": 3200,
      "start": 32.98,
      "end": 33.8,
      "text": " Mohoo!",
      "tokens": [
        337,
        1219,
        2238,
        0
      ],
      "temperature": 0.0,
      "avg_logprob": -0.5514491200447083,
      "compression_ratio": 0.7894736842105263,
      "no_speech_prob": 0.1296440064907074,
      "confidence": 0.338,
      "words": [
        {
          "text": "Mohoo!",
          "start": 32.98,
          "end": 33.8,
          "confidence": 0.338
        }
      ]
    },
    {
      "id": 4,
      "seek": 3400,
      "start": 34.4,
      "end": 35.48,
      "text": " Let's go with it again!",
      "tokens": [
        50363,
        3914,
        338,
        467,
        351,
        340,
        757,
        0,
        50463
      ],
      "temperature": 0.0,
      "avg_logprob": -0.3764993667602539,
      "compression_ratio": 0.7419354838709677,
      "no_speech_prob": 0.05320969223976135,
      "confidence": 0.815,
      "words": [
        {
          "text": "Let's",
          "start": 34.4,
          "end": 34.58,
          "confidence": 0.862
        },
        {
          "text": "go",
          "start": 34.58,
          "end": 34.76,
          "confidence": 0.923
        },
        {
          "text": "with",
          "start": 34.76,
          "end": 34.96,
          "confidence": 0.627
        },
        {
          "text": "it",
          "start": 34.96,
          "end": 35.0,
          "confidence": 0.686
        },
        {
          "text": "again!",
          "start": 35.0,
          "end": 35.48,
          "confidence": 0.992
        }
      ]
    }
  ],
  "language": "en"
}