start	end	text
380	1100	Dis-moi,
1280	1500	est-ce
1500	1660	que
1660	2040	l'avion
2040	2760	vole ?
