start	end	text
380	2760	Dis-moi, est-ce que l'avion vole ?
