{
  "text": " ...",
  "segments": [
    {
      "id": 0,
      "seek": 0,
      "start": 0.08,
      "end": 1.58,
      "text": " ...",
      "tokens": [
        50364,
        1097,
        50518
      ],
      "temperature": 0.0,
      "avg_logprob": -0.8883877396583557,
      "compression_ratio": 0.2727272727272727,
      "no_speech_prob": 0.4414949119091034,
      "confidence": 0.127,
      "words": [
        {
          "text": "...",
          "start": 0.08,
          "end": 1.58,
          "confidence": 0.127
        }
      ]
    }
  ],
  "language": "fr"
}