{
  "text": " Hehehe",
  "segments": [
    {
      "id": 0,
      "seek": 0,
      "start": 0.22,
      "end": 0.64,
      "text": " Hehehe",
      "tokens": [
        50364,
        634,
        23500,
        50398
      ],
      "temperature": 0.0,
      "avg_logprob": -1.2395231246948242,
      "compression_ratio": 0.5,
      "no_speech_prob": 0.3666148781776428,
      "confidence": 0.173,
      "words": [
        {
          "text": "Hehehe",
          "start": 0.22,
          "end": 0.64,
          "confidence": 0.173
        }
      ]
    }
  ],
  "language": "fr"
}