{
  "text": " Rires",
  "segments": [
    {
      "id": 0,
      "seek": 0,
      "start": 0.0,
      "end": 1.7,
      "text": " Rires",
      "tokens": [
        50364,
        497,
        3145,
        50576
      ],
      "temperature": 0.0,
      "avg_logprob": -1.0559712409973145,
      "compression_ratio": 0.38461538461538464,
      "no_speech_prob": 0.5892603397369385,
      "confidence": 0.254,
      "words": [
        {
          "text": "Rires",
          "start": 0.0,
          "end": 1.7,
          "confidence": 0.254
        }
      ]
    }
  ],
  "language": "fr"
}