{
  "text": " Le plus important au poker ce ne sont pas les cartes, c'est ce que vous en faites. Winamax, la référence du poker en ligne. Bonsoir à toutes et tous, vous êtes sur BFM TV, nous sommes en direct, c'est bien sûr BFM story avec tout ce qui fait l'actualité. Durant 60 minutes ce sont des gros plans, des analyses, des réactions que nous vous proposons. Comment Eric Verth peut-il encore soutenir la réforme des retraites alors qu'il est englué dans sa propre affaire, l'affaire Verth-Bettancourt ? Question posée par les leaders de la CFDT et la CGT. Réponse de Nicolas Sarkozy, Eric Verth portera le débat sur les retraites, on en parle dans BFM story avec le numéro de la CFDT. Et puis il y a une bataille qui a démarré, celle entre Marine Le Pen et Bruno Gognich, la bataille de la succession de Jean-Marie Le Pen à la tête du Front National. La tournée de campagne de Marine Le Pen commence aujourd'hui dans le Var, Marine Le Pen sera en direct dans BFM story. Restez avec nous Marine Le Pen dans moins de 3 minutes, à tout de suite. ...",
  "segments": [
    {
      "id": 0,
      "seek": 3000,
      "start": 30.88,
      "end": 34.26,
      "text": " Le plus important au poker ce ne sont pas les cartes, c'est ce que vous en faites.",
      "tokens": [
        50364,
        1456,
        1804,
        1021,
        1609,
        36863,
        1769,
        408,
        4900,
        1736,
        1512,
        5467,
        279,
        11,
        269,
        6,
        377,
        1769,
        631,
        2630,
        465,
        29902,
        13,
        50664
      ],
      "temperature": 0.0,
      "avg_logprob": -0.1931878740542403,
      "compression_ratio": 1.5084745762711864,
      "no_speech_prob": 0.5573714971542358,
      "confidence": 0.92,
      "words": [
        {
          "text": "Le",
          "start": 30.88,
          "end": 31.02,
          "confidence": 0.536
        },
        {
          "text": "plus",
          "start": 31.02,
          "end": 31.18,
          "confidence": 0.99
        },
        {
          "text": "important",
          "start": 31.18,
          "end": 31.5,
          "confidence": 0.993
        },
        {
          "text": "au",
          "start": 31.5,
          "end": 31.62,
          "confidence": 0.946
        },
        {
          "text": "poker",
          "start": 31.62,
          "end": 31.84,
          "confidence": 0.992
        },
        {
          "text": "ce",
          "start": 31.84,
          "end": 32.0,
          "confidence": 0.579
        },
        {
          "text": "ne",
          "start": 32.0,
          "end": 32.06,
          "confidence": 0.961
        },
        {
          "text": "sont",
          "start": 32.06,
          "end": 32.16,
          "confidence": 0.991
        },
        {
          "text": "pas",
          "start": 32.16,
          "end": 32.3,
          "confidence": 0.991
        },
        {
          "text": "les",
          "start": 32.3,
          "end": 32.46,
          "confidence": 0.969
        },
        {
          "text": "cartes,",
          "start": 32.46,
          "end": 33.26,
          "confidence": 0.996
        },
        {
          "text": "c'est",
          "start": 33.48,
          "end": 33.62,
          "confidence": 0.95
        },
        {
          "text": "ce",
          "start": 33.62,
          "end": 33.66,
          "confidence": 0.99
        },
        {
          "text": "que",
          "start": 33.66,
          "end": 33.76,
          "confidence": 0.991
        },
        {
          "text": "vous",
          "start": 33.76,
          "end": 33.9,
          "confidence": 0.991
        },
        {
          "text": "en",
          "start": 33.9,
          "end": 34.06,
          "confidence": 0.982
        },
        {
          "text": "faites.",
          "start": 34.06,
          "end": 34.26,
          "confidence": 0.894
        }
      ]
    },
    {
      "id": 1,
      "seek": 3000,
      "start": 36.26,
      "end": 38.74,
      "text": " Winamax, la référence du poker en ligne.",
      "tokens": [
        50664,
        10427,
        2404,
        87,
        11,
        635,
        30170,
        41635,
        1581,
        36863,
        465,
        34207,
        13,
        50814
      ],
      "temperature": 0.0,
      "avg_logprob": -0.1931878740542403,
      "compression_ratio": 1.5084745762711864,
      "no_speech_prob": 0.5573714971542358,
      "confidence": 0.967,
      "words": [
        {
          "text": "Winamax,",
          "start": 36.26,
          "end": 37.04,
          "confidence": 0.905
        },
        {
          "text": "la",
          "start": 37.26,
          "end": 37.36,
          "confidence": 0.987
        },
        {
          "text": "référence",
          "start": 37.36,
          "end": 37.78,
          "confidence": 0.998
        },
        {
          "text": "du",
          "start": 37.78,
          "end": 37.96,
          "confidence": 0.992
        },
        {
          "text": "poker",
          "start": 37.96,
          "end": 38.22,
          "confidence": 0.998
        },
        {
          "text": "en",
          "start": 38.22,
          "end": 38.44,
          "confidence": 0.993
        },
        {
          "text": "ligne.",
          "start": 38.44,
          "end": 38.74,
          "confidence": 0.993
        }
      ]
    },
    {
      "id": 2,
      "seek": 3000,
      "start": 44.9,
      "end": 51.38,
      "text": " Bonsoir à toutes et tous, vous êtes sur BFM TV, nous sommes en direct, c'est bien sûr BFM story avec tout ce qui fait l'actualité.",
      "tokens": [
        51114,
        7368,
        539,
        347,
        1531,
        14437,
        1030,
        8317,
        11,
        2630,
        18935,
        1022,
        363,
        37,
        44,
        3558,
        11,
        4666,
        25232,
        465,
        2047,
        11,
        269,
        6,
        377,
        3610,
        18143,
        363,
        37,
        44,
        1657,
        4163,
        3486,
        1769,
        1956,
        3887,
        287,
        6,
        578,
        901,
        5066,
        13,
        51414
      ],
      "temperature": 0.0,
      "avg_logprob": -0.1931878740542403,
      "compression_ratio": 1.5084745762711864,
      "no_speech_prob": 0.5573714971542358,
      "confidence": 0.907,
      "words": [
        {
          "text": "Bonsoir",
          "start": 44.9,
          "end": 45.42,
          "confidence": 0.955
        },
        {
          "text": "à",
          "start": 45.42,
          "end": 45.84,
          "confidence": 0.542
        },
        {
          "text": "toutes",
          "start": 45.84,
          "end": 46.06,
          "confidence": 0.916
        },
        {
          "text": "et",
          "start": 46.06,
          "end": 46.26,
          "confidence": 0.988
        },
        {
          "text": "tous,",
          "start": 46.26,
          "end": 46.5,
          "confidence": 0.981
        },
        {
          "text": "vous",
          "start": 46.6,
          "end": 46.74,
          "confidence": 0.971
        },
        {
          "text": "êtes",
          "start": 46.74,
          "end": 46.88,
          "confidence": 0.995
        },
        {
          "text": "sur",
          "start": 46.88,
          "end": 47.1,
          "confidence": 0.989
        },
        {
          "text": "BFM",
          "start": 47.1,
          "end": 47.52,
          "confidence": 0.987
        },
        {
          "text": "TV,",
          "start": 47.52,
          "end": 47.72,
          "confidence": 0.853
        },
        {
          "text": "nous",
          "start": 47.84,
          "end": 47.92,
          "confidence": 0.83
        },
        {
          "text": "sommes",
          "start": 47.92,
          "end": 48.14,
          "confidence": 0.988
        },
        {
          "text": "en",
          "start": 48.14,
          "end": 48.28,
          "confidence": 0.987
        },
        {
          "text": "direct,",
          "start": 48.28,
          "end": 48.52,
          "confidence": 0.998
        },
        {
          "text": "c'est",
          "start": 48.7,
          "end": 48.76,
          "confidence": 0.939
        },
        {
          "text": "bien",
          "start": 48.76,
          "end": 48.98,
          "confidence": 0.971
        },
        {
          "text": "sûr",
          "start": 48.98,
          "end": 49.22,
          "confidence": 0.907
        },
        {
          "text": "BFM",
          "start": 49.22,
          "end": 49.82,
          "confidence": 0.95
        },
        {
          "text": "story",
          "start": 49.82,
          "end": 50.04,
          "confidence": 0.356
        },
        {
          "text": "avec",
          "start": 50.04,
          "end": 50.26,
          "confidence": 0.554
        },
        {
          "text": "tout",
          "start": 50.26,
          "end": 50.42,
          "confidence": 0.93
        },
        {
          "text": "ce",
          "start": 50.42,
          "end": 50.52,
          "confidence": 0.995
        },
        {
          "text": "qui",
          "start": 50.52,
          "end": 50.58,
          "confidence": 0.951
        },
        {
          "text": "fait",
          "start": 50.58,
          "end": 50.72,
          "confidence": 0.961
        },
        {
          "text": "l'actualité.",
          "start": 50.72,
          "end": 51.38,
          "confidence": 0.994
        }
      ]
    },
    {
      "id": 3,
      "seek": 3000,
      "start": 51.96,
      "end": 56.22,
      "text": " Durant 60 minutes ce sont des gros plans, des analyses, des réactions que nous vous proposons.",
      "tokens": [
        51414,
        13710,
        394,
        4060,
        2077,
        1769,
        4900,
        730,
        18638,
        5482,
        11,
        730,
        37560,
        11,
        730,
        3960,
        12299,
        631,
        4666,
        2630,
        7532,
        892,
        13,
        51664
      ],
      "temperature": 0.0,
      "avg_logprob": -0.1931878740542403,
      "compression_ratio": 1.5084745762711864,
      "no_speech_prob": 0.5573714971542358,
      "confidence": 0.948,
      "words": [
        {
          "text": "Durant",
          "start": 51.96,
          "end": 52.32,
          "confidence": 0.935
        },
        {
          "text": "60",
          "start": 52.32,
          "end": 52.76,
          "confidence": 0.921
        },
        {
          "text": "minutes",
          "start": 52.76,
          "end": 53.08,
          "confidence": 0.912
        },
        {
          "text": "ce",
          "start": 53.08,
          "end": 53.28,
          "confidence": 0.754
        },
        {
          "text": "sont",
          "start": 53.28,
          "end": 53.62,
          "confidence": 0.979
        },
        {
          "text": "des",
          "start": 53.62,
          "end": 53.84,
          "confidence": 0.99
        },
        {
          "text": "gros",
          "start": 53.84,
          "end": 54.06,
          "confidence": 0.969
        },
        {
          "text": "plans,",
          "start": 54.06,
          "end": 54.2,
          "confidence": 0.958
        },
        {
          "text": "des",
          "start": 54.32,
          "end": 54.44,
          "confidence": 0.986
        },
        {
          "text": "analyses,",
          "start": 54.44,
          "end": 54.68,
          "confidence": 0.914
        },
        {
          "text": "des",
          "start": 54.78,
          "end": 54.86,
          "confidence": 0.995
        },
        {
          "text": "réactions",
          "start": 54.86,
          "end": 55.22,
          "confidence": 0.996
        },
        {
          "text": "que",
          "start": 55.22,
          "end": 55.4,
          "confidence": 0.882
        },
        {
          "text": "nous",
          "start": 55.4,
          "end": 55.52,
          "confidence": 0.948
        },
        {
          "text": "vous",
          "start": 55.52,
          "end": 55.78,
          "confidence": 0.99
        },
        {
          "text": "proposons.",
          "start": 55.78,
          "end": 56.22,
          "confidence": 0.991
        }
      ]
    },
    {
      "id": 4,
      "seek": 5600,
      "start": 56.66,
      "end": 64.23,
      "text": " Comment Eric Verth peut-il encore soutenir la réforme des retraites alors qu'il est englué dans sa propre affaire, l'affaire Verth-Bettancourt ?",
      "tokens": [
        50364,
        16328,
        9336,
        4281,
        392,
        5977,
        12,
        388,
        10122,
        29350,
        268,
        347,
        635,
        3960,
        44562,
        730,
        49356,
        3324,
        11246,
        421,
        6,
        388,
        871,
        1741,
        2781,
        526,
        2680,
        601,
        35221,
        2096,
        9020,
        11,
        287,
        6,
        2518,
        9020,
        4281,
        392,
        12,
        33,
        3093,
        4463,
        33403,
        2506,
        50764
      ],
      "temperature": 0.0,
      "avg_logprob": -0.1336895481232674,
      "compression_ratio": 1.573667711598746,
      "no_speech_prob": 0.42523330450057983,
      "confidence": 0.854,
      "words": [
        {
          "text": "Comment",
          "start": 56.66,
          "end": 56.96,
          "confidence": 0.944
        },
        {
          "text": "Eric",
          "start": 56.96,
          "end": 57.2,
          "confidence": 0.877
        },
        {
          "text": "Verth",
          "start": 57.2,
          "end": 57.36,
          "confidence": 0.368
        },
        {
          "text": "peut-il",
          "start": 57.36,
          "end": 57.8,
          "confidence": 0.947
        },
        {
          "text": "encore",
          "start": 57.8,
          "end": 58.22,
          "confidence": 0.954
        },
        {
          "text": "soutenir",
          "start": 58.22,
          "end": 58.62,
          "confidence": 0.997
        },
        {
          "text": "la",
          "start": 58.62,
          "end": 58.76,
          "confidence": 0.977
        },
        {
          "text": "réforme",
          "start": 58.76,
          "end": 59.2,
          "confidence": 0.996
        },
        {
          "text": "des",
          "start": 59.2,
          "end": 59.42,
          "confidence": 0.992
        },
        {
          "text": "retraites",
          "start": 59.42,
          "end": 59.76,
          "confidence": 0.99
        },
        {
          "text": "alors",
          "start": 59.76,
          "end": 59.98,
          "confidence": 0.494
        },
        {
          "text": "qu'il",
          "start": 59.98,
          "end": 60.74,
          "confidence": 0.96
        },
        {
          "text": "est",
          "start": 60.74,
          "end": 60.9,
          "confidence": 0.973
        },
        {
          "text": "englué",
          "start": 60.9,
          "end": 61.7,
          "confidence": 0.945
        },
        {
          "text": "dans",
          "start": 61.7,
          "end": 61.96,
          "confidence": 0.961
        },
        {
          "text": "sa",
          "start": 61.96,
          "end": 62.44,
          "confidence": 0.85
        },
        {
          "text": "propre",
          "start": 62.44,
          "end": 62.7,
          "confidence": 0.992
        },
        {
          "text": "affaire,",
          "start": 62.7,
          "end": 62.94,
          "confidence": 0.993
        },
        {
          "text": "l'affaire",
          "start": 63.02,
          "end": 63.3,
          "confidence": 0.91
        },
        {
          "text": "Verth-Bettancourt ?",
          "start": 63.3,
          "end": 64.23,
          "confidence": 0.71
        }
      ]
    },
    {
      "id": 5,
      "seek": 5600,
      "start": 64.23,
      "end": 67.18,
      "text": " Question posée par les leaders de la CFDT et la CGT.",
      "tokens": [
        50764,
        14464,
        1366,
        3856,
        971,
        1512,
        3523,
        368,
        635,
        21792,
        35,
        51,
        1030,
        635,
        38007,
        51,
        13,
        50914
      ],
      "temperature": 0.0,
      "avg_logprob": -0.1336895481232674,
      "compression_ratio": 1.573667711598746,
      "no_speech_prob": 0.42523330450057983,
      "confidence": 0.894,
      "words": [
        {
          "text": "Question",
          "start": 64.23,
          "end": 64.34,
          "confidence": 0.628
        },
        {
          "text": "posée",
          "start": 64.34,
          "end": 64.74,
          "confidence": 0.976
        },
        {
          "text": "par",
          "start": 64.74,
          "end": 64.96,
          "confidence": 0.988
        },
        {
          "text": "les",
          "start": 64.96,
          "end": 65.12,
          "confidence": 0.965
        },
        {
          "text": "leaders",
          "start": 65.12,
          "end": 65.66,
          "confidence": 0.977
        },
        {
          "text": "de",
          "start": 65.66,
          "end": 65.92,
          "confidence": 0.986
        },
        {
          "text": "la",
          "start": 65.92,
          "end": 66.1,
          "confidence": 0.967
        },
        {
          "text": "CFDT",
          "start": 66.1,
          "end": 66.52,
          "confidence": 0.994
        },
        {
          "text": "et",
          "start": 66.52,
          "end": 66.6,
          "confidence": 0.604
        },
        {
          "text": "la",
          "start": 66.6,
          "end": 66.74,
          "confidence": 0.605
        },
        {
          "text": "CGT.",
          "start": 66.74,
          "end": 67.18,
          "confidence": 0.987
        }
      ]
    },
    {
      "id": 6,
      "seek": 5600,
      "start": 67.5,
      "end": 76.38,
      "text": " Réponse de Nicolas Sarkozy, Eric Verth portera le débat sur les retraites, on en parle dans BFM story avec le numéro de la CFDT.",
      "tokens": [
        50914,
        41587,
        3739,
        368,
        38268,
        318,
        809,
        78,
        1229,
        11,
        9336,
        4281,
        392,
        1515,
        23833,
        476,
        2795,
        11980,
        1022,
        1512,
        49356,
        3324,
        11,
        322,
        465,
        18508,
        2680,
        363,
        37,
        44,
        1657,
        4163,
        476,
        49525,
        368,
        635,
        21792,
        35,
        51,
        13,
        51364
      ],
      "temperature": 0.0,
      "avg_logprob": -0.1336895481232674,
      "compression_ratio": 1.573667711598746,
      "no_speech_prob": 0.42523330450057983,
      "confidence": 0.968,
      "words": [
        {
          "text": "Réponse",
          "start": 67.5,
          "end": 67.96,
          "confidence": 0.946
        },
        {
          "text": "de",
          "start": 67.96,
          "end": 68.14,
          "confidence": 0.962
        },
        {
          "text": "Nicolas",
          "start": 68.14,
          "end": 68.38,
          "confidence": 0.931
        },
        {
          "text": "Sarkozy,",
          "start": 68.38,
          "end": 68.88,
          "confidence": 0.987
        },
        {
          "text": "Eric",
          "start": 68.98,
          "end": 69.24,
          "confidence": 0.961
        },
        {
          "text": "Verth",
          "start": 69.24,
          "end": 69.84,
          "confidence": 0.986
        },
        {
          "text": "portera",
          "start": 69.84,
          "end": 70.44,
          "confidence": 0.966
        },
        {
          "text": "le",
          "start": 70.44,
          "end": 71.06,
          "confidence": 0.989
        },
        {
          "text": "débat",
          "start": 71.06,
          "end": 71.46,
          "confidence": 0.996
        },
        {
          "text": "sur",
          "start": 71.46,
          "end": 71.7,
          "confidence": 0.988
        },
        {
          "text": "les",
          "start": 71.7,
          "end": 71.88,
          "confidence": 0.997
        },
        {
          "text": "retraites,",
          "start": 71.88,
          "end": 72.26,
          "confidence": 0.997
        },
        {
          "text": "on",
          "start": 72.36,
          "end": 72.5,
          "confidence": 0.867
        },
        {
          "text": "en",
          "start": 72.5,
          "end": 72.68,
          "confidence": 0.951
        },
        {
          "text": "parle",
          "start": 72.68,
          "end": 73.1,
          "confidence": 0.996
        },
        {
          "text": "dans",
          "start": 73.1,
          "end": 73.56,
          "confidence": 0.981
        },
        {
          "text": "BFM",
          "start": 73.56,
          "end": 74.46,
          "confidence": 0.991
        },
        {
          "text": "story",
          "start": 74.46,
          "end": 74.76,
          "confidence": 0.761
        },
        {
          "text": "avec",
          "start": 74.76,
          "end": 75.12,
          "confidence": 0.847
        },
        {
          "text": "le",
          "start": 75.12,
          "end": 75.32,
          "confidence": 0.982
        },
        {
          "text": "numéro",
          "start": 75.32,
          "end": 75.54,
          "confidence": 0.997
        },
        {
          "text": "de",
          "start": 75.54,
          "end": 75.76,
          "confidence": 0.996
        },
        {
          "text": "la",
          "start": 75.76,
          "end": 75.9,
          "confidence": 0.987
        },
        {
          "text": "CFDT.",
          "start": 75.9,
          "end": 76.38,
          "confidence": 0.998
        }
      ]
    },
    {
      "id": 7,
      "seek": 5600,
      "start": 76.8,
      "end": 83.04,
      "text": " Et puis il y a une bataille qui a démarré, celle entre Marine Le Pen et Bruno Gognich, la bataille de la succession de Jean-Marie Le Pen à la tête du Front National.",
      "tokens": [
        51364,
        3790,
        9093,
        1930,
        288,
        257,
        2251,
        272,
        3274,
        3409,
        1956,
        257,
        22761,
        2284,
        526,
        11,
        25722,
        3962,
        20415,
        1456,
        10571,
        1030,
        23046,
        460,
        2912,
        480,
        11,
        635,
        272,
        3274,
        3409,
        368,
        635,
        36624,
        368,
        13854,
        12,
        16639,
        414,
        1456,
        10571,
        1531,
        635,
        24661,
        1581,
        17348,
        4862,
        13,
        51714
      ],
      "temperature": 0.0,
      "avg_logprob": -0.1336895481232674,
      "compression_ratio": 1.573667711598746,
      "no_speech_prob": 0.42523330450057983,
      "confidence": 0.871,
      "words": [
        {
          "text": "Et",
          "start": 76.8,
          "end": 76.96,
          "confidence": 0.883
        },
        {
          "text": "puis",
          "start": 76.96,
          "end": 77.06,
          "confidence": 0.952
        },
        {
          "text": "il",
          "start": 77.06,
          "end": 77.18,
          "confidence": 0.789
        },
        {
          "text": "y",
          "start": 77.18,
          "end": 77.2,
          "confidence": 0.995
        },
        {
          "text": "a",
          "start": 77.2,
          "end": 77.22,
          "confidence": 0.986
        },
        {
          "text": "une",
          "start": 77.22,
          "end": 77.28,
          "confidence": 0.995
        },
        {
          "text": "bataille",
          "start": 77.28,
          "end": 77.56,
          "confidence": 0.996
        },
        {
          "text": "qui",
          "start": 77.56,
          "end": 77.72,
          "confidence": 0.997
        },
        {
          "text": "a",
          "start": 77.72,
          "end": 77.76,
          "confidence": 0.985
        },
        {
          "text": "démarré,",
          "start": 77.76,
          "end": 78.16,
          "confidence": 0.988
        },
        {
          "text": "celle",
          "start": 78.24,
          "end": 78.4,
          "confidence": 0.997
        },
        {
          "text": "entre",
          "start": 78.4,
          "end": 78.64,
          "confidence": 0.975
        },
        {
          "text": "Marine",
          "start": 78.64,
          "end": 78.94,
          "confidence": 0.987
        },
        {
          "text": "Le",
          "start": 78.94,
          "end": 79.12,
          "confidence": 0.986
        },
        {
          "text": "Pen",
          "start": 79.12,
          "end": 79.18,
          "confidence": 0.985
        },
        {
          "text": "et",
          "start": 79.18,
          "end": 79.34,
          "confidence": 0.997
        },
        {
          "text": "Bruno",
          "start": 79.34,
          "end": 79.54,
          "confidence": 0.986
        },
        {
          "text": "Gognich,",
          "start": 79.54,
          "end": 80.02,
          "confidence": 0.239
        },
        {
          "text": "la",
          "start": 80.2,
          "end": 80.32,
          "confidence": 0.707
        },
        {
          "text": "bataille",
          "start": 80.32,
          "end": 80.58,
          "confidence": 0.998
        },
        {
          "text": "de",
          "start": 80.58,
          "end": 80.72,
          "confidence": 0.976
        },
        {
          "text": "la",
          "start": 80.72,
          "end": 80.84,
          "confidence": 0.987
        },
        {
          "text": "succession",
          "start": 80.84,
          "end": 81.22,
          "confidence": 0.982
        },
        {
          "text": "de",
          "start": 81.22,
          "end": 81.44,
          "confidence": 0.985
        },
        {
          "text": "Jean-Marie",
          "start": 81.44,
          "end": 81.72,
          "confidence": 0.95
        },
        {
          "text": "Le",
          "start": 81.72,
          "end": 81.9,
          "confidence": 0.995
        },
        {
          "text": "Pen",
          "start": 81.9,
          "end": 82.0,
          "confidence": 0.999
        },
        {
          "text": "à",
          "start": 82.0,
          "end": 82.16,
          "confidence": 0.977
        },
        {
          "text": "la",
          "start": 82.16,
          "end": 82.22,
          "confidence": 0.995
        },
        {
          "text": "tête",
          "start": 82.22,
          "end": 82.32,
          "confidence": 0.925
        },
        {
          "text": "du",
          "start": 82.32,
          "end": 82.46,
          "confidence": 0.997
        },
        {
          "text": "Front",
          "start": 82.46,
          "end": 82.66,
          "confidence": 0.777
        },
        {
          "text": "National.",
          "start": 82.66,
          "end": 83.04,
          "confidence": 0.822
        }
      ]
    },
    {
      "id": 8,
      "seek": 8300,
      "start": 83.34,
      "end": 88.88,
      "text": " La tournée de campagne de Marine Le Pen commence aujourd'hui dans le Var, Marine Le Pen sera en direct dans BFM story.",
      "tokens": [
        50364,
        2369,
        3512,
        77,
        3856,
        368,
        2255,
        13887,
        368,
        20415,
        1456,
        10571,
        18137,
        14023,
        6,
        10556,
        2680,
        476,
        14662,
        11,
        20415,
        1456,
        10571,
        15021,
        465,
        2047,
        2680,
        363,
        37,
        44,
        1657,
        13,
        50664
      ],
      "temperature": 0.0,
      "avg_logprob": -0.11255872032859109,
      "compression_ratio": 1.3591549295774648,
      "no_speech_prob": 0.40272650122642517,
      "confidence": 0.955,
      "words": [
        {
          "text": "La",
          "start": 83.34,
          "end": 83.68,
          "confidence": 0.922
        },
        {
          "text": "tournée",
          "start": 83.68,
          "end": 84.16,
          "confidence": 0.994
        },
        {
          "text": "de",
          "start": 84.16,
          "end": 84.48,
          "confidence": 0.936
        },
        {
          "text": "campagne",
          "start": 84.48,
          "end": 84.8,
          "confidence": 0.981
        },
        {
          "text": "de",
          "start": 84.8,
          "end": 84.98,
          "confidence": 0.972
        },
        {
          "text": "Marine",
          "start": 84.98,
          "end": 85.14,
          "confidence": 0.997
        },
        {
          "text": "Le",
          "start": 85.14,
          "end": 85.32,
          "confidence": 0.997
        },
        {
          "text": "Pen",
          "start": 85.32,
          "end": 85.44,
          "confidence": 0.999
        },
        {
          "text": "commence",
          "start": 85.44,
          "end": 85.8,
          "confidence": 0.971
        },
        {
          "text": "aujourd'hui",
          "start": 85.8,
          "end": 86.14,
          "confidence": 0.988
        },
        {
          "text": "dans",
          "start": 86.14,
          "end": 86.28,
          "confidence": 0.979
        },
        {
          "text": "le",
          "start": 86.28,
          "end": 86.46,
          "confidence": 0.923
        },
        {
          "text": "Var,",
          "start": 86.46,
          "end": 86.64,
          "confidence": 0.534
        },
        {
          "text": "Marine",
          "start": 86.74,
          "end": 86.96,
          "confidence": 0.992
        },
        {
          "text": "Le",
          "start": 86.96,
          "end": 87.12,
          "confidence": 0.992
        },
        {
          "text": "Pen",
          "start": 87.12,
          "end": 87.22,
          "confidence": 0.999
        },
        {
          "text": "sera",
          "start": 87.22,
          "end": 87.48,
          "confidence": 0.989
        },
        {
          "text": "en",
          "start": 87.48,
          "end": 87.76,
          "confidence": 0.989
        },
        {
          "text": "direct",
          "start": 87.76,
          "end": 88.04,
          "confidence": 0.997
        },
        {
          "text": "dans",
          "start": 88.04,
          "end": 88.34,
          "confidence": 0.926
        },
        {
          "text": "BFM",
          "start": 88.34,
          "end": 88.68,
          "confidence": 0.996
        },
        {
          "text": "story.",
          "start": 88.68,
          "end": 88.88,
          "confidence": 0.831
        }
      ]
    },
    {
      "id": 9,
      "seek": 8300,
      "start": 89.02,
      "end": 92.28,
      "text": " Restez avec nous Marine Le Pen dans moins de 3 minutes, à tout de suite.",
      "tokens": [
        50664,
        13094,
        4371,
        4163,
        4666,
        20415,
        1456,
        10571,
        2680,
        13099,
        368,
        805,
        2077,
        11,
        1531,
        3486,
        368,
        14205,
        13,
        50814
      ],
      "temperature": 0.0,
      "avg_logprob": -0.11255872032859109,
      "compression_ratio": 1.3591549295774648,
      "no_speech_prob": 0.40272650122642517,
      "confidence": 0.936,
      "words": [
        {
          "text": "Restez",
          "start": 89.02,
          "end": 89.4,
          "confidence": 0.967
        },
        {
          "text": "avec",
          "start": 89.4,
          "end": 89.7,
          "confidence": 0.997
        },
        {
          "text": "nous",
          "start": 89.7,
          "end": 89.94,
          "confidence": 0.956
        },
        {
          "text": "Marine",
          "start": 89.94,
          "end": 90.24,
          "confidence": 0.911
        },
        {
          "text": "Le",
          "start": 90.24,
          "end": 90.52,
          "confidence": 0.998
        },
        {
          "text": "Pen",
          "start": 90.52,
          "end": 90.68,
          "confidence": 0.999
        },
        {
          "text": "dans",
          "start": 90.68,
          "end": 90.98,
          "confidence": 0.843
        },
        {
          "text": "moins",
          "start": 90.98,
          "end": 91.2,
          "confidence": 0.992
        },
        {
          "text": "de",
          "start": 91.2,
          "end": 91.34,
          "confidence": 0.991
        },
        {
          "text": "3",
          "start": 91.34,
          "end": 91.52,
          "confidence": 0.598
        },
        {
          "text": "minutes,",
          "start": 91.52,
          "end": 91.8,
          "confidence": 0.985
        },
        {
          "text": "à",
          "start": 91.82,
          "end": 91.98,
          "confidence": 0.961
        },
        {
          "text": "tout",
          "start": 91.98,
          "end": 92.1,
          "confidence": 0.918
        },
        {
          "text": "de",
          "start": 92.1,
          "end": 92.14,
          "confidence": 0.999
        },
        {
          "text": "suite.",
          "start": 92.14,
          "end": 92.28,
          "confidence": 0.999
        }
      ]
    },
    {
      "id": 10,
      "seek": 9200,
      "start": 92.28,
      "end": 93.08,
      "text": " ...",
      "tokens": [
        50364,
        1097,
        51064
      ],
      "temperature": 0.0,
      "avg_logprob": -0.6870794296264648,
      "compression_ratio": 0.2727272727272727,
      "no_speech_prob": 0.79963219165802,
      "confidence": 0.153,
      "words": [
        {
          "text": "...",
          "start": 92.28,
          "end": 93.08,
          "confidence": 0.153
        }
      ]
    }
  ],
  "language": "fr"
}