{
  "text": "いきます ニュースタブでのサイトメイション機が 実際と違う検に関するご質問いただいております同じ度メインでデレクトリーごとに 別再度として管理上をしているサイトバリマスのサプテレクトリーごとにわけたサイトは それぞれ パブリシャーセンターに登録していくぐるニュース上ではサイトとして認識され パブリコンアイコンはサイトボトフのものが 正しく表示されますしかし ルグル検査結果のニュースタブでは パブリコンサイトメイショー機ともに 正しくない医療時にいいなりますこちらいたいです ものではありません パブリコンはサブテレクトリーごとに設定した",
  "segments": [
    {
      "id": 0,
      "seek": 0,
      "start": 0.08,
      "end": 6.62,
      "text": "いきます ニュースタブでのサイトメイション機が 実際と違う検に関するご質問いただいております",
      "tokens": [
        50364,
        47348,
        15096,
        233,
        26167,
        3384,
        9550,
        12144,
        28889,
        2474,
        2972,
        23607,
        8040,
        7588,
        21647,
        8040,
        43891,
        4824,
        17543,
        5142,
        220,
        33197,
        34837,
        3193,
        49806,
        38739,
        250,
        4108,
        5196,
        95,
        22570,
        9991,
        43450,
        11361,
        32418,
        18549,
        6117,
        19420,
        50712
      ],
      "temperature": 0.0,
      "avg_logprob": -0.44024292115242253,
      "compression_ratio": 1.6122448979591837,
      "no_speech_prob": 0.18976172804832458,
      "confidence": 0.549,
      "words": [
        {
          "text": "いきます",
          "start": 0.08,
          "end": 0.6,
          "confidence": 0.173
        },
        {
          "text": " ニ",
          "start": 0.6,
          "end": 1.32,
          "confidence": 0.187
        },
        {
          "text": "ュ",
          "start": 1.32,
          "end": 1.38,
          "confidence": 0.974
        },
        {
          "text": "ー",
          "start": 1.38,
          "end": 1.5,
          "confidence": 0.945
        },
        {
          "text": "ス",
          "start": 1.5,
          "end": 1.52,
          "confidence": 0.961
        },
        {
          "text": "タ",
          "start": 1.52,
          "end": 1.68,
          "confidence": 0.87
        },
        {
          "text": "ブ",
          "start": 1.68,
          "end": 1.8,
          "confidence": 0.772
        },
        {
          "text": "で",
          "start": 1.8,
          "end": 2.02,
          "confidence": 0.948
        },
        {
          "text": "の",
          "start": 2.02,
          "end": 2.26,
          "confidence": 0.838
        },
        {
          "text": "サ",
          "start": 2.26,
          "end": 2.56,
          "confidence": 0.015
        },
        {
          "text": "イ",
          "start": 2.56,
          "end": 2.66,
          "confidence": 0.983
        },
        {
          "text": "ト",
          "start": 2.66,
          "end": 2.76,
          "confidence": 0.992
        },
        {
          "text": "メ",
          "start": 2.76,
          "end": 2.94,
          "confidence": 0.386
        },
        {
          "text": "イ",
          "start": 2.94,
          "end": 3.0,
          "confidence": 0.234
        },
        {
          "text": "ショ",
          "start": 3.0,
          "end": 3.14,
          "confidence": 0.894
        },
        {
          "text": "ン",
          "start": 3.14,
          "end": 3.2,
          "confidence": 0.983
        },
        {
          "text": "機",
          "start": 3.2,
          "end": 3.32,
          "confidence": 0.363
        },
        {
          "text": "が",
          "start": 3.32,
          "end": 3.5,
          "confidence": 0.64
        },
        {
          "text": " ",
          "start": 3.5,
          "end": 3.6,
          "confidence": 0.232
        },
        {
          "text": "実",
          "start": 3.6,
          "end": 3.76,
          "confidence": 0.751
        },
        {
          "text": "際",
          "start": 3.76,
          "end": 3.9,
          "confidence": 0.98
        },
        {
          "text": "と",
          "start": 3.9,
          "end": 4.08,
          "confidence": 0.928
        },
        {
          "text": "違う",
          "start": 4.08,
          "end": 4.38,
          "confidence": 0.898
        },
        {
          "text": "検",
          "start": 4.38,
          "end": 4.64,
          "confidence": 0.327
        },
        {
          "text": "に",
          "start": 4.64,
          "end": 4.74,
          "confidence": 0.187
        },
        {
          "text": "関",
          "start": 4.74,
          "end": 4.94,
          "confidence": 0.497
        },
        {
          "text": "する",
          "start": 4.94,
          "end": 5.12,
          "confidence": 0.988
        },
        {
          "text": "ご",
          "start": 5.12,
          "end": 5.3,
          "confidence": 0.649
        },
        {
          "text": "質",
          "start": 5.3,
          "end": 5.46,
          "confidence": 0.894
        },
        {
          "text": "問",
          "start": 5.46,
          "end": 5.62,
          "confidence": 0.992
        },
        {
          "text": "いただ",
          "start": 5.62,
          "end": 5.92,
          "confidence": 0.936
        },
        {
          "text": "いて",
          "start": 5.92,
          "end": 6.14,
          "confidence": 0.981
        },
        {
          "text": "お",
          "start": 6.14,
          "end": 6.26,
          "confidence": 0.817
        },
        {
          "text": "ります",
          "start": 6.26,
          "end": 6.62,
          "confidence": 0.971
        }
      ]
    },
    {
      "id": 1,
      "seek": 0,
      "start": 6.94,
      "end": 13.58,
      "text": "同じ度メインでデレクトリーごとに 別再度として管理上をしているサイトバリマスの",
      "tokens": [
        50712,
        13089,
        9257,
        13127,
        21647,
        8040,
        4824,
        2474,
        31327,
        16680,
        10825,
        7588,
        12376,
        3384,
        9991,
        3193,
        4108,
        220,
        16158,
        8623,
        13127,
        3193,
        8822,
        23131,
        13876,
        5708,
        5998,
        8822,
        22979,
        23607,
        8040,
        7588,
        18593,
        12376,
        13258,
        9550,
        2972,
        51044
      ],
      "temperature": 0.0,
      "avg_logprob": -0.44024292115242253,
      "compression_ratio": 1.6122448979591837,
      "no_speech_prob": 0.18976172804832458,
      "confidence": 0.525,
      "words": [
        {
          "text": "同",
          "start": 6.94,
          "end": 7.28,
          "confidence": 0.469
        },
        {
          "text": "じ",
          "start": 7.28,
          "end": 7.44,
          "confidence": 0.218
        },
        {
          "text": "度",
          "start": 7.44,
          "end": 7.62,
          "confidence": 0.139
        },
        {
          "text": "メ",
          "start": 7.62,
          "end": 7.74,
          "confidence": 0.209
        },
        {
          "text": "イ",
          "start": 7.74,
          "end": 7.82,
          "confidence": 0.904
        },
        {
          "text": "ン",
          "start": 7.82,
          "end": 7.84,
          "confidence": 0.911
        },
        {
          "text": "で",
          "start": 7.84,
          "end": 8.0,
          "confidence": 0.979
        },
        {
          "text": "デ",
          "start": 8.0,
          "end": 8.14,
          "confidence": 0.37
        },
        {
          "text": "レ",
          "start": 8.14,
          "end": 8.28,
          "confidence": 0.674
        },
        {
          "text": "ク",
          "start": 8.28,
          "end": 8.36,
          "confidence": 0.974
        },
        {
          "text": "ト",
          "start": 8.36,
          "end": 8.5,
          "confidence": 0.979
        },
        {
          "text": "リ",
          "start": 8.5,
          "end": 8.62,
          "confidence": 0.96
        },
        {
          "text": "ー",
          "start": 8.62,
          "end": 8.72,
          "confidence": 0.701
        },
        {
          "text": "ご",
          "start": 8.72,
          "end": 8.86,
          "confidence": 0.267
        },
        {
          "text": "と",
          "start": 8.86,
          "end": 9.0,
          "confidence": 0.993
        },
        {
          "text": "に",
          "start": 9.0,
          "end": 9.14,
          "confidence": 0.967
        },
        {
          "text": " ",
          "start": 9.14,
          "end": 9.34,
          "confidence": 0.12
        },
        {
          "text": "別",
          "start": 9.34,
          "end": 9.4,
          "confidence": 0.527
        },
        {
          "text": "再",
          "start": 9.4,
          "end": 9.58,
          "confidence": 0.342
        },
        {
          "text": "度",
          "start": 9.58,
          "end": 9.74,
          "confidence": 0.323
        },
        {
          "text": "と",
          "start": 9.74,
          "end": 9.92,
          "confidence": 0.891
        },
        {
          "text": "して",
          "start": 9.92,
          "end": 10.4,
          "confidence": 0.998
        },
        {
          "text": "管",
          "start": 10.4,
          "end": 10.86,
          "confidence": 0.418
        },
        {
          "text": "理",
          "start": 10.86,
          "end": 11.08,
          "confidence": 1.0
        },
        {
          "text": "上",
          "start": 11.08,
          "end": 11.36,
          "confidence": 0.472
        },
        {
          "text": "を",
          "start": 11.36,
          "end": 11.56,
          "confidence": 0.987
        },
        {
          "text": "して",
          "start": 11.56,
          "end": 11.84,
          "confidence": 0.931
        },
        {
          "text": "いる",
          "start": 11.84,
          "end": 12.16,
          "confidence": 0.939
        },
        {
          "text": "サ",
          "start": 12.16,
          "end": 12.52,
          "confidence": 0.069
        },
        {
          "text": "イ",
          "start": 12.52,
          "end": 12.58,
          "confidence": 0.985
        },
        {
          "text": "ト",
          "start": 12.58,
          "end": 12.7,
          "confidence": 0.976
        },
        {
          "text": "バ",
          "start": 12.7,
          "end": 12.82,
          "confidence": 0.297
        },
        {
          "text": "リ",
          "start": 12.82,
          "end": 12.96,
          "confidence": 0.362
        },
        {
          "text": "マ",
          "start": 12.96,
          "end": 13.12,
          "confidence": 0.19
        },
        {
          "text": "ス",
          "start": 13.12,
          "end": 13.22,
          "confidence": 0.859
        },
        {
          "text": "の",
          "start": 13.22,
          "end": 13.58,
          "confidence": 0.7
        }
      ]
    },
    {
      "id": 2,
      "seek": 0,
      "start": 13.68,
      "end": 20.74,
      "text": "サプテレクトリーごとにわけたサイトは それぞれ パブリシャーセンターに登録していくぐるニュース上では",
      "tokens": [
        51044,
        23607,
        20953,
        22985,
        16680,
        10825,
        7588,
        12376,
        3384,
        9991,
        3193,
        4108,
        9206,
        7625,
        3368,
        23607,
        8040,
        7588,
        3065,
        47765,
        31563,
        4132,
        15096,
        239,
        28889,
        12376,
        11054,
        17233,
        3384,
        31223,
        4824,
        30736,
        4108,
        46246,
        8822,
        49394,
        35849,
        4895,
        34737,
        26167,
        3384,
        9550,
        5708,
        16719,
        51408
      ],
      "temperature": 0.0,
      "avg_logprob": -0.44024292115242253,
      "compression_ratio": 1.6122448979591837,
      "no_speech_prob": 0.18976172804832458,
      "confidence": 0.622,
      "words": [
        {
          "text": "サ",
          "start": 13.68,
          "end": 14.22,
          "confidence": 0.398
        },
        {
          "text": "プ",
          "start": 14.22,
          "end": 14.32,
          "confidence": 0.533
        },
        {
          "text": "テ",
          "start": 14.32,
          "end": 14.42,
          "confidence": 0.637
        },
        {
          "text": "レ",
          "start": 14.42,
          "end": 14.58,
          "confidence": 0.825
        },
        {
          "text": "ク",
          "start": 14.58,
          "end": 14.66,
          "confidence": 0.474
        },
        {
          "text": "ト",
          "start": 14.66,
          "end": 14.78,
          "confidence": 0.973
        },
        {
          "text": "リ",
          "start": 14.78,
          "end": 14.92,
          "confidence": 0.873
        },
        {
          "text": "ー",
          "start": 14.92,
          "end": 15.04,
          "confidence": 0.917
        },
        {
          "text": "ご",
          "start": 15.04,
          "end": 15.1,
          "confidence": 0.016
        },
        {
          "text": "と",
          "start": 15.1,
          "end": 15.38,
          "confidence": 0.991
        },
        {
          "text": "に",
          "start": 15.38,
          "end": 15.86,
          "confidence": 0.493
        },
        {
          "text": "わ",
          "start": 15.86,
          "end": 16.02,
          "confidence": 0.756
        },
        {
          "text": "け",
          "start": 16.02,
          "end": 16.14,
          "confidence": 0.988
        },
        {
          "text": "た",
          "start": 16.14,
          "end": 16.28,
          "confidence": 0.951
        },
        {
          "text": "サ",
          "start": 16.28,
          "end": 16.42,
          "confidence": 0.802
        },
        {
          "text": "イ",
          "start": 16.42,
          "end": 16.5,
          "confidence": 0.981
        },
        {
          "text": "ト",
          "start": 16.5,
          "end": 16.6,
          "confidence": 0.904
        },
        {
          "text": "は",
          "start": 16.6,
          "end": 17.08,
          "confidence": 0.976
        },
        {
          "text": " それ",
          "start": 17.08,
          "end": 17.44,
          "confidence": 0.128
        },
        {
          "text": "ぞ",
          "start": 17.44,
          "end": 17.6,
          "confidence": 0.85
        },
        {
          "text": "れ",
          "start": 17.6,
          "end": 17.72,
          "confidence": 0.995
        },
        {
          "text": " パ",
          "start": 17.72,
          "end": 17.86,
          "confidence": 0.178
        },
        {
          "text": "ブ",
          "start": 17.86,
          "end": 17.94,
          "confidence": 0.941
        },
        {
          "text": "リ",
          "start": 17.94,
          "end": 18.04,
          "confidence": 0.991
        },
        {
          "text": "シ",
          "start": 18.04,
          "end": 18.18,
          "confidence": 0.755
        },
        {
          "text": "ャ",
          "start": 18.18,
          "end": 18.26,
          "confidence": 0.825
        },
        {
          "text": "ー",
          "start": 18.26,
          "end": 18.42,
          "confidence": 0.765
        },
        {
          "text": "セ",
          "start": 18.42,
          "end": 18.44,
          "confidence": 0.588
        },
        {
          "text": "ン",
          "start": 18.44,
          "end": 18.52,
          "confidence": 0.832
        },
        {
          "text": "ター",
          "start": 18.52,
          "end": 18.6,
          "confidence": 0.998
        },
        {
          "text": "に",
          "start": 18.6,
          "end": 18.76,
          "confidence": 0.858
        },
        {
          "text": "登録",
          "start": 18.76,
          "end": 19.12,
          "confidence": 0.902
        },
        {
          "text": "して",
          "start": 19.12,
          "end": 19.38,
          "confidence": 0.766
        },
        {
          "text": "いく",
          "start": 19.38,
          "end": 19.62,
          "confidence": 0.877
        },
        {
          "text": "ぐ",
          "start": 19.62,
          "end": 19.78,
          "confidence": 0.221
        },
        {
          "text": "る",
          "start": 19.78,
          "end": 19.9,
          "confidence": 0.85
        },
        {
          "text": "ニ",
          "start": 19.9,
          "end": 20.02,
          "confidence": 0.68
        },
        {
          "text": "ュ",
          "start": 20.02,
          "end": 20.14,
          "confidence": 0.996
        },
        {
          "text": "ー",
          "start": 20.14,
          "end": 20.16,
          "confidence": 0.989
        },
        {
          "text": "ス",
          "start": 20.16,
          "end": 20.22,
          "confidence": 0.982
        },
        {
          "text": "上",
          "start": 20.22,
          "end": 20.4,
          "confidence": 0.236
        },
        {
          "text": "では",
          "start": 20.4,
          "end": 20.74,
          "confidence": 0.763
        }
      ]
    },
    {
      "id": 3,
      "seek": 2088,
      "start": 20.9,
      "end": 27.0,
      "text": "サイトとして認識され パブリコンアイコンはサイトボトフのものが 正しく表示されます",
      "tokens": [
        50364,
        23607,
        8040,
        7588,
        3193,
        8822,
        22041,
        43143,
        6722,
        4132,
        15096,
        239,
        28889,
        12376,
        18066,
        4824,
        12817,
        8040,
        18066,
        4824,
        3065,
        23607,
        8040,
        7588,
        37626,
        7588,
        17320,
        2972,
        44726,
        5142,
        220,
        15789,
        26568,
        40053,
        6722,
        4132,
        5368,
        50684
      ],
      "temperature": 0.0,
      "avg_logprob": -0.35092457005235017,
      "compression_ratio": 1.6926406926406927,
      "no_speech_prob": 0.06554599106311798,
      "confidence": 0.389,
      "words": [
        {
          "text": "サ",
          "start": 20.9,
          "end": 21.26,
          "confidence": 0.002
        },
        {
          "text": "イ",
          "start": 21.26,
          "end": 21.34,
          "confidence": 0.939
        },
        {
          "text": "ト",
          "start": 21.34,
          "end": 21.44,
          "confidence": 0.379
        },
        {
          "text": "と",
          "start": 21.44,
          "end": 21.58,
          "confidence": 0.832
        },
        {
          "text": "して",
          "start": 21.58,
          "end": 21.8,
          "confidence": 0.981
        },
        {
          "text": "認",
          "start": 21.8,
          "end": 22.08,
          "confidence": 0.179
        },
        {
          "text": "識",
          "start": 22.08,
          "end": 22.2,
          "confidence": 0.986
        },
        {
          "text": "さ",
          "start": 22.2,
          "end": 22.34,
          "confidence": 0.982
        },
        {
          "text": "れ",
          "start": 22.34,
          "end": 22.64,
          "confidence": 0.948
        },
        {
          "text": " パ",
          "start": 22.64,
          "end": 22.86,
          "confidence": 0.141
        },
        {
          "text": "ブ",
          "start": 22.86,
          "end": 23.0,
          "confidence": 0.051
        },
        {
          "text": "リ",
          "start": 23.0,
          "end": 23.18,
          "confidence": 0.007
        },
        {
          "text": "コ",
          "start": 23.18,
          "end": 23.22,
          "confidence": 0.817
        },
        {
          "text": "ン",
          "start": 23.22,
          "end": 23.3,
          "confidence": 0.887
        },
        {
          "text": "ア",
          "start": 23.3,
          "end": 23.46,
          "confidence": 0.107
        },
        {
          "text": "イ",
          "start": 23.46,
          "end": 23.52,
          "confidence": 0.957
        },
        {
          "text": "コ",
          "start": 23.52,
          "end": 23.64,
          "confidence": 0.309
        },
        {
          "text": "ン",
          "start": 23.64,
          "end": 23.86,
          "confidence": 0.893
        },
        {
          "text": "は",
          "start": 23.86,
          "end": 23.88,
          "confidence": 0.834
        },
        {
          "text": "サ",
          "start": 23.88,
          "end": 24.04,
          "confidence": 0.642
        },
        {
          "text": "イ",
          "start": 24.04,
          "end": 24.16,
          "confidence": 0.997
        },
        {
          "text": "ト",
          "start": 24.16,
          "end": 24.24,
          "confidence": 0.989
        },
        {
          "text": "ボ",
          "start": 24.24,
          "end": 24.38,
          "confidence": 0.587
        },
        {
          "text": "ト",
          "start": 24.38,
          "end": 24.5,
          "confidence": 0.861
        },
        {
          "text": "フ",
          "start": 24.5,
          "end": 24.66,
          "confidence": 0.037
        },
        {
          "text": "の",
          "start": 24.66,
          "end": 24.72,
          "confidence": 0.659
        },
        {
          "text": "もの",
          "start": 24.72,
          "end": 24.9,
          "confidence": 0.502
        },
        {
          "text": "が",
          "start": 24.9,
          "end": 25.08,
          "confidence": 0.339
        },
        {
          "text": " ",
          "start": 25.08,
          "end": 25.32,
          "confidence": 0.283
        },
        {
          "text": "正",
          "start": 25.32,
          "end": 25.4,
          "confidence": 0.631
        },
        {
          "text": "しく",
          "start": 25.4,
          "end": 25.64,
          "confidence": 0.979
        },
        {
          "text": "表示",
          "start": 25.64,
          "end": 26.0,
          "confidence": 0.665
        },
        {
          "text": "さ",
          "start": 26.0,
          "end": 26.28,
          "confidence": 0.993
        },
        {
          "text": "れ",
          "start": 26.28,
          "end": 26.6,
          "confidence": 0.986
        },
        {
          "text": "ます",
          "start": 26.6,
          "end": 27.0,
          "confidence": 0.888
        }
      ]
    },
    {
      "id": 4,
      "seek": 2088,
      "start": 27.28,
      "end": 33.8,
      "text": "しかし ルグル検査結果のニュースタブでは パブリコンサイトメイショー機ともに 正しくない医療時にいいなります",
      "tokens": [
        50684,
        32156,
        2849,
        220,
        9405,
        23839,
        9405,
        38739,
        250,
        17238,
        119,
        35181,
        2972,
        34737,
        26167,
        3384,
        9550,
        12144,
        28889,
        16719,
        15096,
        239,
        28889,
        12376,
        18066,
        4824,
        23607,
        8040,
        7588,
        21647,
        8040,
        43891,
        3384,
        17543,
        3193,
        4801,
        4108,
        220,
        15789,
        26568,
        9311,
        9937,
        119,
        6651,
        224,
        6611,
        4108,
        13806,
        3203,
        19420,
        51024
      ],
      "temperature": 0.0,
      "avg_logprob": -0.35092457005235017,
      "compression_ratio": 1.6926406926406927,
      "no_speech_prob": 0.06554599106311798,
      "confidence": 0.502,
      "words": [
        {
          "text": "しか",
          "start": 27.28,
          "end": 27.58,
          "confidence": 0.909
        },
        {
          "text": "し",
          "start": 27.58,
          "end": 27.72,
          "confidence": 0.989
        },
        {
          "text": " ",
          "start": 27.72,
          "end": 27.86,
          "confidence": 0.065
        },
        {
          "text": "ル",
          "start": 27.86,
          "end": 27.9,
          "confidence": 0.236
        },
        {
          "text": "グ",
          "start": 27.9,
          "end": 28.0,
          "confidence": 0.538
        },
        {
          "text": "ル",
          "start": 28.0,
          "end": 28.14,
          "confidence": 0.989
        },
        {
          "text": "検",
          "start": 28.14,
          "end": 28.32,
          "confidence": 0.565
        },
        {
          "text": "査",
          "start": 28.32,
          "end": 28.46,
          "confidence": 0.728
        },
        {
          "text": "結果",
          "start": 28.46,
          "end": 28.72,
          "confidence": 0.977
        },
        {
          "text": "の",
          "start": 28.72,
          "end": 28.92,
          "confidence": 0.96
        },
        {
          "text": "ニ",
          "start": 28.92,
          "end": 29.06,
          "confidence": 0.777
        },
        {
          "text": "ュ",
          "start": 29.06,
          "end": 29.14,
          "confidence": 0.995
        },
        {
          "text": "ー",
          "start": 29.14,
          "end": 29.2,
          "confidence": 0.98
        },
        {
          "text": "ス",
          "start": 29.2,
          "end": 29.26,
          "confidence": 0.971
        },
        {
          "text": "タ",
          "start": 29.26,
          "end": 29.34,
          "confidence": 0.806
        },
        {
          "text": "ブ",
          "start": 29.34,
          "end": 29.44,
          "confidence": 0.685
        },
        {
          "text": "では",
          "start": 29.44,
          "end": 29.68,
          "confidence": 0.942
        },
        {
          "text": " パ",
          "start": 29.68,
          "end": 30.02,
          "confidence": 0.123
        },
        {
          "text": "ブ",
          "start": 30.02,
          "end": 30.14,
          "confidence": 0.041
        },
        {
          "text": "リ",
          "start": 30.14,
          "end": 30.32,
          "confidence": 0.021
        },
        {
          "text": "コ",
          "start": 30.32,
          "end": 30.34,
          "confidence": 0.89
        },
        {
          "text": "ン",
          "start": 30.34,
          "end": 30.42,
          "confidence": 0.918
        },
        {
          "text": "サ",
          "start": 30.42,
          "end": 30.54,
          "confidence": 0.426
        },
        {
          "text": "イ",
          "start": 30.54,
          "end": 30.62,
          "confidence": 0.979
        },
        {
          "text": "ト",
          "start": 30.62,
          "end": 30.72,
          "confidence": 0.956
        },
        {
          "text": "メ",
          "start": 30.72,
          "end": 30.86,
          "confidence": 0.251
        },
        {
          "text": "イ",
          "start": 30.86,
          "end": 30.92,
          "confidence": 0.622
        },
        {
          "text": "ショ",
          "start": 30.92,
          "end": 31.02,
          "confidence": 0.416
        },
        {
          "text": "ー",
          "start": 31.02,
          "end": 31.08,
          "confidence": 0.617
        },
        {
          "text": "機",
          "start": 31.08,
          "end": 31.24,
          "confidence": 0.126
        },
        {
          "text": "と",
          "start": 31.24,
          "end": 31.42,
          "confidence": 0.357
        },
        {
          "text": "も",
          "start": 31.42,
          "end": 31.54,
          "confidence": 0.81
        },
        {
          "text": "に",
          "start": 31.54,
          "end": 31.66,
          "confidence": 0.919
        },
        {
          "text": " ",
          "start": 31.66,
          "end": 31.8,
          "confidence": 0.402
        },
        {
          "text": "正",
          "start": 31.8,
          "end": 31.96,
          "confidence": 0.437
        },
        {
          "text": "しく",
          "start": 31.96,
          "end": 32.18,
          "confidence": 0.998
        },
        {
          "text": "ない",
          "start": 32.18,
          "end": 32.4,
          "confidence": 0.981
        },
        {
          "text": "医",
          "start": 32.4,
          "end": 32.6,
          "confidence": 0.234
        },
        {
          "text": "療",
          "start": 32.6,
          "end": 32.76,
          "confidence": 0.686
        },
        {
          "text": "時",
          "start": 32.76,
          "end": 32.96,
          "confidence": 0.452
        },
        {
          "text": "に",
          "start": 32.96,
          "end": 33.12,
          "confidence": 0.925
        },
        {
          "text": "いい",
          "start": 33.12,
          "end": 33.36,
          "confidence": 0.577
        },
        {
          "text": "な",
          "start": 33.36,
          "end": 33.48,
          "confidence": 0.807
        },
        {
          "text": "ります",
          "start": 33.48,
          "end": 33.8,
          "confidence": 0.941
        }
      ]
    },
    {
      "id": 5,
      "seek": 2088,
      "start": 34.04,
      "end": 40.36,
      "text": "こちらいたいです ものではありません パブリコンはサブテレクトリーごとに設定した",
      "tokens": [
        51024,
        34395,
        17679,
        1764,
        4767,
        32505,
        2972,
        16719,
        14498,
        30250,
        15096,
        239,
        28889,
        12376,
        18066,
        4824,
        3065,
        23607,
        28889,
        22985,
        16680,
        10825,
        7588,
        12376,
        3384,
        9991,
        3193,
        4108,
        39035,
        12088,
        8533,
        51388
      ],
      "temperature": 0.0,
      "avg_logprob": -0.35092457005235017,
      "compression_ratio": 1.6926406926406927,
      "no_speech_prob": 0.06554599106311798,
      "confidence": 0.364,
      "words": [
        {
          "text": "こちら",
          "start": 34.04,
          "end": 34.54,
          "confidence": 0.408
        },
        {
          "text": "いた",
          "start": 34.54,
          "end": 34.82,
          "confidence": 0.255
        },
        {
          "text": "い",
          "start": 34.82,
          "end": 34.98,
          "confidence": 0.11
        },
        {
          "text": "です",
          "start": 34.98,
          "end": 35.04,
          "confidence": 0.021
        },
        {
          "text": " も",
          "start": 35.04,
          "end": 35.18,
          "confidence": 0.009
        },
        {
          "text": "の",
          "start": 35.18,
          "end": 35.28,
          "confidence": 0.812
        },
        {
          "text": "では",
          "start": 35.28,
          "end": 35.5,
          "confidence": 0.995
        },
        {
          "text": "あり",
          "start": 35.5,
          "end": 35.72,
          "confidence": 0.981
        },
        {
          "text": "ません",
          "start": 35.72,
          "end": 36.18,
          "confidence": 0.999
        },
        {
          "text": " パ",
          "start": 36.18,
          "end": 36.9,
          "confidence": 0.273
        },
        {
          "text": "ブ",
          "start": 36.9,
          "end": 37.02,
          "confidence": 0.011
        },
        {
          "text": "リ",
          "start": 37.02,
          "end": 37.1,
          "confidence": 0.237
        },
        {
          "text": "コ",
          "start": 37.1,
          "end": 37.18,
          "confidence": 0.951
        },
        {
          "text": "ン",
          "start": 37.18,
          "end": 37.84,
          "confidence": 0.832
        },
        {
          "text": "は",
          "start": 37.84,
          "end": 37.86,
          "confidence": 0.95
        },
        {
          "text": "サ",
          "start": 37.86,
          "end": 38.22,
          "confidence": 0.307
        },
        {
          "text": "ブ",
          "start": 38.22,
          "end": 38.32,
          "confidence": 0.98
        },
        {
          "text": "テ",
          "start": 38.32,
          "end": 38.42,
          "confidence": 0.317
        },
        {
          "text": "レ",
          "start": 38.42,
          "end": 38.56,
          "confidence": 0.394
        },
        {
          "text": "ク",
          "start": 38.56,
          "end": 38.66,
          "confidence": 0.752
        },
        {
          "text": "ト",
          "start": 38.66,
          "end": 38.78,
          "confidence": 0.731
        },
        {
          "text": "リ",
          "start": 38.78,
          "end": 38.92,
          "confidence": 0.988
        },
        {
          "text": "ー",
          "start": 38.92,
          "end": 38.96,
          "confidence": 0.528
        },
        {
          "text": "ご",
          "start": 38.96,
          "end": 39.08,
          "confidence": 0.051
        },
        {
          "text": "と",
          "start": 39.08,
          "end": 39.24,
          "confidence": 0.973
        },
        {
          "text": "に",
          "start": 39.24,
          "end": 39.52,
          "confidence": 0.978
        },
        {
          "text": "設",
          "start": 39.52,
          "end": 39.84,
          "confidence": 0.621
        },
        {
          "text": "定",
          "start": 39.84,
          "end": 40.04,
          "confidence": 0.996
        },
        {
          "text": "した",
          "start": 40.04,
          "end": 40.36,
          "confidence": 0.894
        }
      ]
    }
  ],
  "language": "Japanese"
}