{
  "text": " Bonjour !",
  "segments": [
    {
      "id": 0,
      "seek": 0,
      "start": 0.14,
      "end": 0.96,
      "text": " Bonjour !",
      "tokens": [
        50364,
        25431,
        2298,
        50414
      ],
      "temperature": 0.0,
      "avg_logprob": -0.698755931854248,
      "compression_ratio": 0.5294117647058824,
      "no_speech_prob": 0.019103480502963066,
      "confidence": 0.828,
      "words": [
        {
          "text": "Bonjour !",
          "start": 0.14,
          "end": 0.96,
          "confidence": 0.828
        }
      ]
    }
  ],
  "language": "fr",
  "language_probs": {
    "en": 0.007303962018340826,
    "zh": 0.04105774685740471,
    "de": 0.0015919815050438046,
    "es": 0.0021759807132184505,
    "ru": 0.10402871668338776,
    "ko": 0.006650333292782307,
    "fr": 0.405062735080719,
    "ja": 0.0019202962284907699,
    "pt": 0.3331955373287201,
    "tr": 0.007361247204244137,
    "pl": 0.053132668137550354,
    "ca": 6.393653893610463e-05,
    "nl": 0.0077145216055214405,
    "ar": 0.0014608843484893441,
    "sv": 0.006150552537292242,
    "it": 0.0026043078396469355,
    "id": 0.0002558547130320221,
    "hi": 0.00036081296275369823,
    "fi": 5.5984699429245666e-05,
    "vi": 0.0012016906403005123,
    "he": 0.00032852397998794913,
    "uk": 0.001734843128360808,
    "el": 0.00019087926193606108,
    "ms": 0.0005948800244368613,
    "cs": 0.000711978180333972,
    "ro": 0.0009000247810035944,
    "da": 0.0001005862868623808,
    "hu": 8.842102397466078e-05,
    "ta": 7.971397280925885e-06,
    "no": 0.00037812875234521925,
    "th": 5.1174160034861416e-05,
    "ur": 0.00023205013712868094,
    "hr": 0.00042514156666584313,
    "bg": 0.00043183661182411015,
    "lt": 0.00013856348232366145,
    "la": 0.000879175728186965,
    "mi": 5.5984699429245666e-05,
    "ml": 3.6567064398695948e-06,
    "cy": 0.0005009392625652254,
    "sk": 0.0006382130668498576,
    "te": 1.9499542759149335e-05,
    "fa": 0.00011577410623431206,
    "lv": 2.0919955204590224e-05,
    "bn": 3.544730498106219e-05,
    "sr": 0.00010097998892888427,
    "az": 3.265558916609734e-05,
    "sl": 0.000493172905407846,
    "kn": 1.1439115041866899e-06,
    "et": 3.89254364563385e-06,
    "mk": 4.1767136281123385e-05,
    "br": 0.0016683823196217418,
    "eu": 5.5116739531513304e-05,
    "is": 9.46626823861152e-06,
    "hy": 4.233576873957645e-06,
    "ne": 3.3035587421181845e-06,
    "mn": 3.558604294084944e-05,
    "bs": 0.0002639764279592782,
    "kk": 1.3091374057694338e-05,
    "sq": 0.00016977150517050177,
    "sw": 3.0557486752513796e-05,
    "gl": 0.00019312926451675594,
    "mr": 2.1630326330068783e-07,
    "pa": 2.83674307866022e-06,
    "si": 2.837166903191246e-05,
    "km": 0.00015277782222256064,
    "sn": 0.000281001441180706,
    "yo": 0.00036364287370815873,
    "so": 8.303907748086203e-07,
    "af": 2.2182357497513294e-05,
    "oc": 0.00042183310142718256,
    "ka": 1.5604907730448758e-06,
    "be": 0.00017311997362412512,
    "tg": 2.0730703909066506e-07,
    "sd": 3.5309112718096e-05,
    "gu": 8.567501481593354e-07,
    "am": 2.6648738185031107e-06,
    "yi": 2.8594189643627033e-05,
    "lo": 1.2938854524691124e-05,
    "uz": 1.4941893278219709e-09,
    "fo": 5.8901099691865966e-05,
    "ht": 0.0001786153734428808,
    "ps": 8.997561053547543e-06,
    "tk": 1.2832416018682125e-08,
    "nn": 0.0024085910990834236,
    "mt": 8.09692846814869e-06,
    "sa": 5.5766442528693005e-05,
    "lb": 6.159483234569052e-08,
    "my": 3.847768675768748e-05,
    "bo": 9.087214129976928e-05,
    "tl": 6.557092092407402e-06,
    "mg": 1.5002612485659483e-08,
    "as": 2.3471538952435367e-06,
    "tt": 1.3769226825388614e-07,
    "haw": 0.0002518880646675825,
    "ln": 2.1584026399068534e-05,
    "ha": 7.045330541188832e-09,
    "ba": 1.9039308796209298e-08,
    "jw": 0.00028542656218633056,
    "su": 9.29715771036399e-09
  }
}