{
  "text": " Боже улыл! Эскому зарегиан! Боже улыл! Эскому зарегиан!",
  "segments": [
    {
      "id": 0,
      "seek": 0,
      "start": 0.44,
      "end": 1.88,
      "text": " Боже улыл!",
      "tokens": [
        50364,
        5697,
        9292,
        1595,
        30975,
        693,
        0,
        50464
      ],
      "temperature": 0.0,
      "avg_logprob": -0.9444295983565482,
      "compression_ratio": 0.8166666666666667,
      "no_speech_prob": 0.04268376901745796,
      "confidence": 0.317,
      "words": [
        {
          "text": "Боже",
          "start": 0.44,
          "end": 0.86,
          "confidence": 0.422
        },
        {
          "text": "улыл!",
          "start": 0.86,
          "end": 1.88,
          "confidence": 0.261
        }
      ]
    },
    {
      "id": 1,
      "seek": 0,
      "start": 1.88,
      "end": 3.14,
      "text": " Эскому зарегиан!",
      "tokens": [
        50464,
        5381,
        4218,
        4161,
        17821,
        4953,
        435,
        1416,
        0,
        50564
      ],
      "temperature": 0.0,
      "avg_logprob": -0.9444295983565482,
      "compression_ratio": 0.8166666666666667,
      "no_speech_prob": 0.04268376901745796,
      "confidence": 0.396,
      "words": [
        {
          "text": "Эскому",
          "start": 1.88,
          "end": 2.3,
          "confidence": 0.287
        },
        {
          "text": "зарегиан!",
          "start": 2.3,
          "end": 3.14,
          "confidence": 0.505
        }
      ]
    },
    {
      "id": 2,
      "seek": 3000,
      "start": 32.98,
      "end": 34.02,
      "text": " Боже улыл!",
      "tokens": [
        50364,
        5697,
        9292,
        1595,
        30975,
        693,
        0,
        50564
      ],
      "temperature": 0.0,
      "avg_logprob": -0.30732538825587224,
      "compression_ratio": 0.8166666666666667,
      "no_speech_prob": 0.22181619703769684,
      "confidence": 0.577,
      "words": [
        {
          "text": "Боже",
          "start": 32.98,
          "end": 33.36,
          "confidence": 0.444
        },
        {
          "text": "улыл!",
          "start": 33.36,
          "end": 34.02,
          "confidence": 0.686
        }
      ]
    },
    {
      "id": 3,
      "seek": 3000,
      "start": 34.42,
      "end": 35.72,
      "text": " Эскому зарегиан!",
      "tokens": [
        50564,
        5381,
        4218,
        4161,
        17821,
        4953,
        435,
        1416,
        0,
        50664
      ],
      "temperature": 0.0,
      "avg_logprob": -0.30732538825587224,
      "compression_ratio": 0.8166666666666667,
      "no_speech_prob": 0.22181619703769684,
      "confidence": 0.849,
      "words": [
        {
          "text": "Эскому",
          "start": 34.42,
          "end": 34.84,
          "confidence": 0.69
        },
        {
          "text": "зарегиан!",
          "start": 34.84,
          "end": 35.72,
          "confidence": 0.992
        }
      ]
    }
  ],
  "language": "ru",
  "language_probs": {
    "en": 0.050850968807935715,
    "zh": 0.000681403384078294,
    "de": 0.0007310390938073397,
    "es": 0.01434317510575056,
    "ru": 0.5135765671730042,
    "ko": 0.0008348728879354894,
    "fr": 0.021197838708758354,
    "ja": 0.0015719811199232936,
    "pt": 0.20269688963890076,
    "tr": 0.0052354964427649975,
    "pl": 0.10598251223564148,
    "ca": 0.00012216888717375696,
    "nl": 0.008631874807178974,
    "ar": 0.000931367976590991,
    "sv": 0.0007842904306016862,
    "it": 0.0003548910026438534,
    "id": 0.00036189061938785017,
    "hi": 3.1131399737205356e-05,
    "fi": 7.015569281065837e-05,
    "vi": 3.69694535038434e-05,
    "he": 0.00010449659021105617,
    "uk": 0.004842042922973633,
    "el": 0.004880018997937441,
    "ms": 0.00024969701189547777,
    "cs": 0.0017952588386833668,
    "ro": 0.0008414208423346281,
    "da": 1.0758723874459974e-05,
    "hu": 0.0007601603865623474,
    "ta": 3.681982661873917e-06,
    "no": 0.00013261307321954519,
    "th": 1.203564124807599e-06,
    "ur": 0.0001061421717167832,
    "hr": 0.0008414208423346281,
    "bg": 0.007558321580290794,
    "lt": 0.0001061421717167832,
    "la": 0.002434731926769018,
    "mi": 6.275507985264994e-06,
    "ml": 4.9546488298801705e-06,
    "cy": 0.0004521428782027215,
    "sk": 0.0019110430730506778,
    "te": 1.4086941519053653e-05,
    "fa": 6.338038656394929e-05,
    "lv": 9.66435472946614e-05,
    "bn": 2.2248606910579838e-05,
    "sr": 0.00021525226475205272,
    "az": 5.379023787099868e-05,
    "sl": 0.0004965817788615823,
    "kn": 5.735422519137501e-07,
    "et": 3.4928464174299734e-06,
    "mk": 0.0002401312522124499,
    "br": 0.002695002593100071,
    "eu": 4.710030407295562e-05,
    "is": 5.485115616465919e-05,
    "hy": 4.196751433482859e-06,
    "ne": 1.044653913595539e-06,
    "mn": 1.002823410090059e-05,
    "bs": 0.0004433976428117603,
    "kk": 1.2286848686926533e-05,
    "sq": 0.00021864200243726373,
    "sw": 1.3494463019014802e-05,
    "gl": 0.00066561863059178,
    "mr": 8.312456998282869e-07,
    "pa": 1.8514169823902193e-06,
    "si": 0.00010490557906450704,
    "km": 0.00046832123189233243,
    "sn": 0.0001612164924154058,
    "yo": 0.00029421495855785906,
    "so": 4.19202905277416e-07,
    "af": 1.9179498849553056e-05,
    "oc": 0.0002689342654775828,
    "ka": 6.563843271578662e-06,
    "be": 0.00028965360252186656,
    "tg": 3.0341843171299843e-07,
    "sd": 1.2977498954569455e-05,
    "gu": 2.2012378053659631e-07,
    "am": 1.0405813100078376e-06,
    "yi": 0.0001417183957528323,
    "lo": 9.465352377446834e-07,
    "uz": 1.9853909627443045e-09,
    "fo": 8.411696398979984e-06,
    "ht": 4.673376679420471e-05,
    "ps": 3.85115527024027e-06,
    "tk": 1.2043804176187223e-08,
    "nn": 0.03361043706536293,
    "mt": 1.2383216017042287e-05,
    "sa": 6.826336175436154e-05,
    "lb": 8.868869372236077e-08,
    "my": 2.013623316088342e-06,
    "bo": 4.737001745525049e-06,
    "tl": 7.4088115979975555e-06,
    "mg": 8.133345552607807e-09,
    "as": 1.8805726540449541e-06,
    "tt": 9.040726354214712e-07,
    "haw": 0.0020342946518212557,
    "ln": 7.251335773617029e-06,
    "ha": 3.7309964007192775e-09,
    "ba": 1.685231154624489e-08,
    "jw": 0.0009760652319528162,
    "su": 1.2209596000900547e-08
  }
}