{
  "text": "",
  "segments": [],
  "language": "en",
  "language_probs": {
    "en": 0.4808807075023651,
    "zh": 0.018213840201497078,
    "de": 0.013016844168305397,
    "es": 0.011944927275180817,
    "ru": 0.018500667065382004,
    "ko": 0.051081977784633636,
    "fr": 0.020003991201519966,
    "ja": 0.0640711560845375,
    "pt": 0.009598019532859325,
    "tr": 0.0021584045607596636,
    "pl": 0.016583889722824097,
    "ca": 0.00040873297257348895,
    "nl": 0.008274009451270103,
    "ar": 0.0019806630443781614,
    "sv": 0.0016941509675234556,
    "it": 0.007833674550056458,
    "id": 0.0019499557092785835,
    "hi": 0.0014045004500076175,
    "fi": 0.0012688604183495045,
    "vi": 0.0008128625340759754,
    "he": 0.0004853823338635266,
    "uk": 0.000628131499979645,
    "el": 0.0008192379609681666,
    "ms": 0.0028371689841151237,
    "cs": 0.0010437361197546124,
    "ro": 0.0007517749909311533,
    "da": 0.00025181309320032597,
    "hu": 0.0009652981534600258,
    "ta": 0.0002222242474090308,
    "no": 0.000294399302219972,
    "th": 0.0009804993169382215,
    "ur": 0.00014919429668225348,
    "hr": 0.00012861353752668947,
    "bg": 0.00039001571713015437,
    "lt": 2.3605967726325616e-05,
    "la": 0.015948571264743805,
    "mi": 0.0006480705342255533,
    "ml": 0.0005007900763303041,
    "cy": 0.00887671671807766,
    "sk": 0.00017038523219525814,
    "te": 0.00014573821681551635,
    "fa": 0.00026805358356796205,
    "lv": 3.239181387471035e-05,
    "bn": 0.0007696027751080692,
    "sr": 4.031226126244292e-05,
    "az": 2.9263566830195487e-05,
    "sl": 0.00010334386752219871,
    "kn": 1.471464474889217e-05,
    "et": 3.0074781534494832e-05,
    "mk": 2.0034123735968024e-05,
    "br": 0.0027072455268353224,
    "eu": 0.00014688125520478934,
    "is": 4.0947084926301613e-05,
    "hy": 4.031226126244292e-05,
    "ne": 3.407919211895205e-05,
    "mn": 0.00015758057998027653,
    "bs": 8.70242656674236e-05,
    "kk": 1.0312683116353583e-05,
    "sq": 3.054839180549607e-05,
    "sw": 6.938178557902575e-05,
    "gl": 0.00048160512233152986,
    "mr": 4.462160723051056e-05,
    "pa": 1.774924930941779e-05,
    "si": 0.00014919429668225348,
    "km": 0.0005900749238207936,
    "sn": 0.00034418763243593276,
    "yo": 0.00016643825802020729,
    "so": 2.9546331461460795e-06,
    "af": 6.12292205914855e-05,
    "oc": 0.00019007847004104406,
    "ka": 2.6231691663269885e-05,
    "be": 6.027994822943583e-05,
    "tg": 1.8432780279908911e-07,
    "sd": 3.1150902941590175e-05,
    "gu": 1.0353045581723563e-05,
    "am": 5.14518842464895e-06,
    "yi": 8.303913637064397e-05,
    "lo": 1.093499486159999e-05,
    "uz": 2.238000673671081e-09,
    "fo": 0.00017172157822642475,
    "ht": 7.102714153006673e-05,
    "ps": 1.2151311238994822e-05,
    "tk": 1.9753235491748455e-08,
    "nn": 0.21674992144107819,
    "mt": 1.3293573829287197e-05,
    "sa": 0.0002498534449841827,
    "lb": 1.793558652707361e-07,
    "my": 0.0001025396486511454,
    "bo": 4.4971580791752785e-05,
    "tl": 0.00036638585152104497,
    "mg": 2.4098989470644483e-08,
    "as": 1.7474074411438778e-05,
    "tt": 9.341277973362594e-08,
    "haw": 0.0036429972387850285,
    "ln": 6.182085598993581e-06,
    "ha": 2.126728304574499e-08,
    "ba": 1.7082484760067018e-08,
    "jw": 0.0037003657780587673,
    "su": 3.750336219354722e-08
  }
}