{
  "text": " Wie wieder zu dazu ist Meshfuchs von 1962 als Meshale für die außerordentliche Form des grullischen Rätus ist dann nicht so weitergegangen wie sich Papstbälle dick das gewünscht hatte. Das hat er als Meshale im Rätus",
  "segments": [
    {
      "id": 0,
      "seek": 0,
      "start": 0.92,
      "end": 8.04,
      "text": " Wie wieder zu dazu ist Meshfuchs von 1962 als Meshale für die außerordentliche Form des grullischen",
      "tokens": [
        50364,
        9233,
        6216,
        2164,
        13034,
        1418,
        376,
        14935,
        69,
        37503,
        2957,
        39498,
        3907,
        376,
        14935,
        1220,
        2959,
        978,
        39428,
        765,
        7698,
        68,
        10126,
        730,
        677,
        858,
        6282,
        50764
      ],
      "temperature": 0.0,
      "avg_logprob": -0.6873348460477942,
      "compression_ratio": 1.3293413173652695,
      "no_speech_prob": 0.04554257169365883,
      "confidence": 0.502,
      "words": [
        {
          "text": "Wie",
          "start": 0.92,
          "end": 1.1,
          "confidence": 0.46
        },
        {
          "text": "wieder",
          "start": 1.1,
          "end": 1.4,
          "confidence": 0.89
        },
        {
          "text": "zu",
          "start": 1.4,
          "end": 1.6,
          "confidence": 0.279
        },
        {
          "text": "dazu",
          "start": 1.6,
          "end": 1.92,
          "confidence": 0.174
        },
        {
          "text": "ist",
          "start": 1.92,
          "end": 2.14,
          "confidence": 0.648
        },
        {
          "text": "Meshfuchs",
          "start": 2.14,
          "end": 2.74,
          "confidence": 0.332
        },
        {
          "text": "von",
          "start": 2.74,
          "end": 3.22,
          "confidence": 0.628
        },
        {
          "text": "1962",
          "start": 3.22,
          "end": 4.84,
          "confidence": 0.182
        },
        {
          "text": "als",
          "start": 4.84,
          "end": 5.24,
          "confidence": 0.882
        },
        {
          "text": "Meshale",
          "start": 5.24,
          "end": 5.78,
          "confidence": 0.388
        },
        {
          "text": "für",
          "start": 5.78,
          "end": 5.92,
          "confidence": 0.935
        },
        {
          "text": "die",
          "start": 5.92,
          "end": 6.08,
          "confidence": 0.973
        },
        {
          "text": "außerordentliche",
          "start": 6.08,
          "end": 7.04,
          "confidence": 0.899
        },
        {
          "text": "Form",
          "start": 7.04,
          "end": 7.4,
          "confidence": 0.642
        },
        {
          "text": "des",
          "start": 7.4,
          "end": 7.62,
          "confidence": 0.974
        },
        {
          "text": "grullischen",
          "start": 7.62,
          "end": 8.04,
          "confidence": 0.368
        }
      ]
    },
    {
      "id": 1,
      "seek": 0,
      "start": 9.42,
      "end": 12.78,
      "text": " Rätus ist dann nicht so weitergegangen wie sich Papstbälle dick das gewünscht hatte.",
      "tokens": [
        50764,
        497,
        3628,
        301,
        1418,
        3594,
        1979,
        370,
        8988,
        432,
        47152,
        3355,
        3041,
        15919,
        372,
        65,
        31447,
        18659,
        1482,
        6906,
        3412,
        82,
        4701,
        13299,
        13,
        51014
      ],
      "temperature": 0.0,
      "avg_logprob": -0.6873348460477942,
      "compression_ratio": 1.3293413173652695,
      "no_speech_prob": 0.04554257169365883,
      "confidence": 0.629,
      "words": [
        {
          "text": "Rätus",
          "start": 9.42,
          "end": 9.44,
          "confidence": 0.38
        },
        {
          "text": "ist",
          "start": 9.44,
          "end": 9.62,
          "confidence": 0.894
        },
        {
          "text": "dann",
          "start": 9.62,
          "end": 9.78,
          "confidence": 0.586
        },
        {
          "text": "nicht",
          "start": 9.78,
          "end": 9.96,
          "confidence": 0.979
        },
        {
          "text": "so",
          "start": 9.96,
          "end": 10.12,
          "confidence": 0.991
        },
        {
          "text": "weitergegangen",
          "start": 10.12,
          "end": 10.88,
          "confidence": 0.703
        },
        {
          "text": "wie",
          "start": 10.88,
          "end": 11.04,
          "confidence": 0.764
        },
        {
          "text": "sich",
          "start": 11.04,
          "end": 11.24,
          "confidence": 0.968
        },
        {
          "text": "Papstbälle",
          "start": 11.24,
          "end": 11.72,
          "confidence": 0.452
        },
        {
          "text": "dick",
          "start": 11.72,
          "end": 11.9,
          "confidence": 0.251
        },
        {
          "text": "das",
          "start": 11.9,
          "end": 12.08,
          "confidence": 0.832
        },
        {
          "text": "gewünscht",
          "start": 12.08,
          "end": 12.58,
          "confidence": 0.801
        },
        {
          "text": "hatte.",
          "start": 12.58,
          "end": 12.78,
          "confidence": 0.905
        }
      ]
    },
    {
      "id": 2,
      "seek": 0,
      "start": 14.0,
      "end": 15.28,
      "text": " Das hat er als Meshale im Rätus",
      "tokens": [
        51014,
        2846,
        2385,
        1189,
        3907,
        376,
        14935,
        1220,
        566,
        497,
        3628,
        301,
        51164
      ],
      "temperature": 0.0,
      "avg_logprob": -0.6873348460477942,
      "compression_ratio": 1.3293413173652695,
      "no_speech_prob": 0.04554257169365883,
      "confidence": 0.409,
      "words": [
        {
          "text": "Das",
          "start": 14.0,
          "end": 14.2,
          "confidence": 0.937
        },
        {
          "text": "hat",
          "start": 14.2,
          "end": 14.4,
          "confidence": 0.955
        },
        {
          "text": "er",
          "start": 14.4,
          "end": 14.56,
          "confidence": 0.735
        },
        {
          "text": "als",
          "start": 14.56,
          "end": 14.7,
          "confidence": 0.831
        },
        {
          "text": "Meshale",
          "start": 14.7,
          "end": 15.1,
          "confidence": 0.188
        },
        {
          "text": "im",
          "start": 15.1,
          "end": 15.12,
          "confidence": 0.049
        },
        {
          "text": "Rätus",
          "start": 15.12,
          "end": 15.28,
          "confidence": 0.665
        }
      ]
    }
  ],
  "language": "de",
  "language_probs": {
    "en": 0.003948777448385954,
    "zh": 0.00014956390077713877,
    "de": 0.9891475439071655,
    "es": 0.00012893213715869933,
    "ru": 0.00023714249255135655,
    "ko": 5.588794738287106e-05,
    "fr": 0.0003396909451112151,
    "ja": 4.6332737838383764e-05,
    "pt": 0.00025047239614650607,
    "tr": 0.00022277477546595037,
    "pl": 0.0002974433300551027,
    "ca": 6.430743155760865e-07,
    "nl": 0.0004194623325020075,
    "ar": 0.00012893213715869933,
    "sv": 0.0003216129553038627,
    "it": 0.00012207050167489797,
    "id": 5.047548370384902e-07,
    "hi": 3.234545874875039e-05,
    "fi": 2.2580772565561347e-05,
    "vi": 3.5727969134313753e-06,
    "he": 5.588794738287106e-05,
    "uk": 7.803705557307694e-06,
    "el": 5.75409239900182e-06,
    "ms": 3.079943553530029e-06,
    "cs": 5.66488324693637e-06,
    "ro": 9.41306643653661e-06,
    "da": 0.0003971389669459313,
    "hu": 3.062406904064119e-05,
    "ta": 2.978914039886149e-07,
    "no": 5.9959013015031815e-05,
    "th": 3.985743205703329e-06,
    "ur": 3.994131839135662e-05,
    "hr": 2.3430975488736294e-06,
    "bg": 2.14176452573156e-06,
    "lt": 4.0400067291557207e-07,
    "la": 0.0016590057639405131,
    "mi": 1.2373242498142645e-05,
    "ml": 6.845490361229167e-07,
    "cy": 0.00010857175220735371,
    "sk": 8.6873791360631e-07,
    "te": 4.816404270968633e-07,
    "fa": 1.1899231139977928e-05,
    "lv": 1.6680078260833398e-06,
    "bn": 2.870823209377704e-06,
    "sr": 1.942496055562515e-06,
    "az": 5.038451490690932e-06,
    "sl": 1.5042036466184072e-05,
    "kn": 9.410256041064713e-08,
    "et": 2.3157997475209413e-06,
    "mk": 2.1289341134433926e-07,
    "br": 9.214365127263591e-05,
    "eu": 6.995197054493474e-06,
    "is": 6.270454377954593e-06,
    "hy": 1.0338229913031682e-05,
    "ne": 6.609009801650245e-07,
    "mn": 4.921735580865061e-06,
    "bs": 3.079943553530029e-06,
    "kk": 5.127035365148913e-07,
    "sq": 1.8106053403244005e-06,
    "sw": 1.1024859531971742e-06,
    "gl": 4.921735580865061e-06,
    "mr": 3.469125715582777e-07,
    "pa": 3.0495573355437955e-07,
    "si": 1.1806630027422216e-05,
    "km": 4.561441164696589e-05,
    "sn": 3.416361505514942e-05,
    "yo": 5.620798674499383e-06,
    "so": 7.300143067823228e-08,
    "af": 1.3068748557998333e-05,
    "oc": 1.391161003994057e-05,
    "ka": 1.54265501350892e-06,
    "be": 9.94217953120824e-06,
    "tg": 1.757804923840922e-08,
    "sd": 2.6037237148557324e-06,
    "gu": 8.04901887363485e-08,
    "am": 2.7017577508559043e-07,
    "yi": 0.0002838224172592163,
    "lo": 2.0235232511822687e-07,
    "uz": 3.099218659485814e-10,
    "fo": 1.7585924069862813e-05,
    "ht": 7.988765901245642e-06,
    "ps": 4.506953246163903e-07,
    "tk": 1.6128115509772556e-09,
    "nn": 0.0009676895570009947,
    "mt": 1.035689592754352e-06,
    "sa": 6.3196334849635605e-06,
    "lb": 8.387269758713956e-07,
    "my": 1.5010446077212691e-06,
    "bo": 1.566948412801139e-06,
    "tl": 6.506547265416884e-07,
    "mg": 1.875467336986958e-09,
    "as": 5.488954002430546e-08,
    "tt": 4.150760180010593e-09,
    "haw": 5.588794738287106e-05,
    "ln": 4.4025495071764453e-07,
    "ha": 2.0003279033176113e-09,
    "ba": 9.598264405497048e-10,
    "jw": 5.8114270359510556e-05,
    "su": 8.31066104822753e-10
  }
}