{
  "text": " You can't do it, man.",
  "segments": [
    {
      "id": 0,
      "seek": 0,
      "start": 0.0,
      "end": 1.44,
      "text": " You can't do it, man.",
      "tokens": [
        50364,
        509,
        393,
        380,
        360,
        309,
        11,
        587,
        13,
        50464
      ],
      "temperature": 0.0,
      "avg_logprob": -1.4257353869351475,
      "compression_ratio": 0.7241379310344828,
      "no_speech_prob": 0.4177960157394409,
      "confidence": 0.189,
      "words": [
        {
          "text": "You",
          "start": 0.0,
          "end": 0.56,
          "confidence": 0.081
        },
        {
          "text": "can't",
          "start": 0.56,
          "end": 0.82,
          "confidence": 0.302
        },
        {
          "text": "do",
          "start": 0.82,
          "end": 1.04,
          "confidence": 0.118
        },
        {
          "text": "it,",
          "start": 1.04,
          "end": 1.2,
          "confidence": 0.372
        },
        {
          "text": "man.",
          "start": 1.26,
          "end": 1.44,
          "confidence": 0.142
        }
      ]
    }
  ],
  "language": "en",
  "language_probs": {
    "en": 0.22957198321819305,
    "zh": 0.008901471272110939,
    "de": 0.02785024233162403,
    "es": 0.03660845384001732,
    "ru": 0.01812249794602394,
    "ko": 0.06083052232861519,
    "fr": 0.050037823617458344,
    "ja": 0.027633508667349815,
    "pt": 0.053264982998371124,
    "tr": 0.052850473672151566,
    "pl": 0.025959279388189316,
    "ca": 0.001167618902400136,
    "nl": 0.012262295000255108,
    "ar": 0.04627741873264313,
    "sv": 0.05804488807916641,
    "it": 0.018264634534716606,
    "id": 0.0061658695340156555,
    "hi": 0.028734305873513222,
    "fi": 0.00779438903555274,
    "vi": 0.0017391633009538054,
    "he": 0.006262968294322491,
    "uk": 0.004172035492956638,
    "el": 0.02326974831521511,
    "ms": 0.002322087762877345,
    "cs": 0.00351320649497211,
    "ro": 0.003798681776970625,
    "da": 0.004877604078501463,
    "hu": 0.019748777151107788,
    "ta": 0.004107354674488306,
    "no": 0.005232905503362417,
    "th": 0.006824995391070843,
    "ur": 0.03660845384001732,
    "hr": 0.0009567126980982721,
    "bg": 0.000524235307238996,
    "lt": 0.0007900504861027002,
    "la": 0.005232905503362417,
    "mi": 0.0026312703266739845,
    "ml": 0.0026312703266739845,
    "cy": 0.01490716077387333,
    "sk": 0.00025649185408838093,
    "te": 0.0010840975446626544,
    "fa": 0.00646177539601922,
    "lv": 0.00022284396982286125,
    "bn": 0.001851329579949379,
    "sr": 0.0006549748941324651,
    "az": 0.0015169251710176468,
    "sl": 0.0012332515325397253,
    "kn": 0.00015256117330864072,
    "et": 0.000547251955140382,
    "mk": 0.00016367423813790083,
    "br": 0.0017665510531514883,
    "eu": 0.00125267228577286,
    "is": 0.0007364080520346761,
    "hy": 0.0003069805388804525,
    "ne": 0.00043801500578410923,
    "mn": 0.0007509324350394309,
    "bs": 0.0013650848995894194,
    "kk": 8.557905675843358e-05,
    "sq": 0.0002595153055153787,
    "sw": 0.001292436383664608,
    "gl": 0.004801983945071697,
    "mr": 0.00020852641318924725,
    "pa": 0.0009345505386590958,
    "si": 0.0011860063532367349,
    "km": 0.0007249911432154477,
    "sn": 0.001986186718568206,
    "yo": 0.0008987485198304057,
    "so": 4.6166442189132795e-05,
    "af": 0.00015137392620090395,
    "oc": 0.0004773216787725687,
    "ka": 0.00022284396982286125,
    "be": 0.0003926341305486858,
    "tg": 3.2477300919708796e-06,
    "sd": 0.002845081500709057,
    "gu": 0.000468089448986575,
    "am": 8.230057574110106e-05,
    "yi": 0.0008279658504761755,
    "lo": 7.122521492419764e-05,
    "uz": 4.292865796173828e-08,
    "fo": 0.0010883405338972807,
    "ht": 0.0015408133622258902,
    "ps": 0.0002698532189242542,
    "tk": 3.5196916314816917e-07,
    "nn": 0.007979228161275387,
    "mt": 0.0004867360112257302,
    "sa": 0.001292436383664608,
    "lb": 7.456646926584654e-07,
    "my": 0.0004212349303998053,
    "bo": 0.0012380782281979918,
    "tl": 0.011340769939124584,
    "mg": 4.152275892010948e-07,
    "as": 0.00019742883159779012,
    "tt": 1.6014748780435184e-06,
    "haw": 0.004511046223342419,
    "ln": 8.008066652109846e-05,
    "ha": 7.505962571485725e-07,
    "ba": 2.516638630822854e-07,
    "jw": 0.01032588817179203,
    "su": 1.0538688002270646e-06
  }
}