{
  "text": " Haha.",
  "segments": [
    {
      "id": 0,
      "seek": 0,
      "start": 0.18,
      "end": 0.56,
      "text": " Haha.",
      "tokens": [
        50364,
        19131,
        13,
        50401
      ],
      "temperature": 0.0,
      "avg_logprob": -1.3161625862121582,
      "compression_ratio": 0.38461538461538464,
      "no_speech_prob": 0.5727680921554565,
      "confidence": 0.079,
      "words": [
        {
          "text": "Haha.",
          "start": 0.18,
          "end": 0.56,
          "confidence": 0.079
        }
      ]
    }
  ],
  "language": "en",
  "language_probs": {
    "en": 0.6554492712020874,
    "zh": 0.038450948894023895,
    "de": 0.025613853707909584,
    "es": 0.012004972435534,
    "ru": 0.01136607863008976,
    "ko": 0.04638069495558739,
    "fr": 0.024061987176537514,
    "ja": 0.014256256632506847,
    "pt": 0.019334351643919945,
    "tr": 0.009204532019793987,
    "pl": 0.007997035048902035,
    "ca": 0.000376959826098755,
    "nl": 0.027695180848240852,
    "ar": 0.0034127160906791687,
    "sv": 0.004701214376837015,
    "it": 0.0023091589100658894,
    "id": 0.003231094218790531,
    "hi": 0.019183890894055367,
    "fi": 0.0003843946906272322,
    "vi": 0.0028737946413457394,
    "he": 0.0006487889331765473,
    "uk": 0.000761479779612273,
    "el": 0.0010572100291028619,
    "ms": 0.0036900255363434553,
    "cs": 0.0018195734592154622,
    "ro": 0.003359806491062045,
    "da": 0.001357484608888626,
    "hu": 0.0012752386974170804,
    "ta": 0.0015932717360556126,
    "no": 0.0012802298879250884,
    "th": 0.00844655279070139,
    "ur": 0.002102513099089265,
    "hr": 0.00023867608979344368,
    "bg": 0.00032117380760610104,
    "lt": 0.00015112028631847352,
    "la": 0.001877332921139896,
    "mi": 0.0015442520380020142,
    "ml": 0.0010127451969310641,
    "cy": 0.013288293033838272,
    "sk": 0.0001627629535505548,
    "te": 0.001107946620322764,
    "fa": 0.00035550701431930065,
    "lv": 0.00010549896251177415,
    "bn": 0.0016894169384613633,
    "sr": 9.094579581869766e-05,
    "az": 9.949499508365989e-05,
    "sl": 0.00024243468942586333,
    "kn": 2.7845457225339487e-05,
    "et": 4.004289075965062e-05,
    "mk": 3.082211333094165e-05,
    "br": 0.0008528169128112495,
    "eu": 9.988441888708621e-05,
    "is": 0.000155309506226331,
    "hy": 0.00014704407658427954,
    "ne": 0.00018086731142830104,
    "mn": 0.0002652243711054325,
    "bs": 0.00024243468942586333,
    "kk": 2.7200421754969284e-05,
    "sq": 6.177784962346777e-05,
    "sw": 0.00029819979681633413,
    "gl": 0.0007209545583464205,
    "mr": 0.00017258478328585625,
    "pa": 8.057351806201041e-05,
    "si": 0.0005132342921569943,
    "km": 0.000761479779612273,
    "sn": 0.0008137635886669159,
    "yo": 0.00030646618688479066,
    "so": 3.4012084597634384e-06,
    "af": 4.6269477024907246e-05,
    "oc": 0.00016212840273510665,
    "ka": 4.3636271584546193e-05,
    "be": 7.779005682095885e-05,
    "tg": 2.468644311193202e-07,
    "sd": 0.00021987872605677694,
    "gu": 8.849268488120288e-05,
    "am": 1.851288106990978e-05,
    "yi": 0.00012382352724671364,
    "lo": 5.346427860786207e-05,
    "uz": 3.715637353352008e-09,
    "fo": 0.00022863772755954415,
    "ht": 0.00039351038867607713,
    "ps": 4.6089087845757604e-05,
    "tk": 2.928288722614525e-08,
    "nn": 0.006375792436301708,
    "mt": 3.385146919754334e-05,
    "sa": 0.0004172564949840307,
    "lb": 1.5539163200628536e-07,
    "my": 0.00015837271348573267,
    "bo": 0.00055493856780231,
    "tl": 0.0009588479297235608,
    "mg": 3.752660759914761e-08,
    "as": 4.3466148781590164e-05,
    "tt": 1.5722335433565604e-07,
    "haw": 0.0029650188516825438,
    "ln": 1.3386517821345478e-05,
    "ha": 5.1092818864617584e-08,
    "ba": 2.5590921381990483e-08,
    "jw": 0.003205949906259775,
    "su": 1.030089435971604e-07
  }
}