{
  "text": " Dima, est ce que l'on vole ?",
  "segments": [
    {
      "id": 0,
      "seek": 0,
      "start": 0.42,
      "end": 2.58,
      "text": " Dima, est ce que l'on vole ?",
      "tokens": [
        50364,
        413,
        4775,
        11,
        871,
        1769,
        631,
        287,
        6,
        266,
        49877,
        2506,
        50494
      ],
      "temperature": 0.0,
      "avg_logprob": -0.84262786592756,
      "compression_ratio": 0.7777777777777778,
      "no_speech_prob": 0.0010857833549380302,
      "confidence": 0.456,
      "words": [
        {
          "text": "Dima,",
          "start": 0.42,
          "end": 0.84,
          "confidence": 0.247
        },
        {
          "text": "est",
          "start": 1.2,
          "end": 1.4,
          "confidence": 0.93
        },
        {
          "text": "ce",
          "start": 1.4,
          "end": 1.56,
          "confidence": 0.587
        },
        {
          "text": "que",
          "start": 1.56,
          "end": 1.68,
          "confidence": 0.917
        },
        {
          "text": "l'on",
          "start": 1.68,
          "end": 2.02,
          "confidence": 0.482
        },
        {
          "text": "vole ?",
          "start": 2.02,
          "end": 2.58,
          "confidence": 0.249
        }
      ]
    }
  ],
  "language": "fr",
  "language_probs": {
    "en": 0.0004426497616805136,
    "zh": 4.149576125200838e-05,
    "de": 8.061250991886482e-05,
    "es": 2.3643573513254523e-05,
    "ru": 2.6583182261674665e-05,
    "ko": 3.125686362182023e-06,
    "fr": 0.9882750511169434,
    "ja": 9.954315464710817e-05,
    "pt": 0.001112821395508945,
    "tr": 4.917394107906148e-06,
    "pl": 1.275475096917944e-05,
    "ca": 6.974348707444733e-07,
    "nl": 4.4867618271382526e-05,
    "ar": 7.226058369269595e-05,
    "sv": 2.070300433842931e-05,
    "it": 0.0011041612597182393,
    "id": 8.47865123887459e-07,
    "hi": 1.3029798537900206e-06,
    "fi": 7.733837747991856e-08,
    "vi": 1.0227206530544208e-06,
    "he": 0.00013500054774340242,
    "uk": 1.5260881980339036e-07,
    "el": 2.256085463159252e-05,
    "ms": 2.1866731913178228e-05,
    "cs": 2.845969675036031e-06,
    "ro": 1.1981979696429335e-05,
    "da": 2.890787072828971e-06,
    "hu": 5.885350674361689e-06,
    "ta": 6.410619590724309e-09,
    "no": 5.347418436940643e-07,
    "th": 1.6343028619303368e-06,
    "ur": 1.8374961427980452e-06,
    "hr": 1.6563056703944312e-08,
    "bg": 3.927567036043911e-07,
    "lt": 1.0610692768864283e-08,
    "la": 0.0002483040152583271,
    "mi": 3.675223183563503e-07,
    "ml": 9.69895896929529e-09,
    "cy": 1.6123514797072858e-05,
    "sk": 1.1035021429961489e-07,
    "te": 1.5406043107901723e-09,
    "fa": 8.347201401193161e-07,
    "lv": 1.1562876878201678e-08,
    "bn": 2.817891413542384e-07,
    "sr": 2.631305839884135e-08,
    "az": 8.493960024225089e-08,
    "sl": 1.6343028619303368e-06,
    "kn": 9.533188682908644e-10,
    "et": 2.3911566060519363e-08,
    "mk": 7.041739991109353e-08,
    "br": 0.006255499552935362,
    "eu": 5.113281076774001e-06,
    "is": 4.954483046049063e-08,
    "hy": 1.5142120446398621e-07,
    "ne": 3.3518703368429215e-09,
    "mn": 5.44143468061975e-08,
    "bs": 3.0050458121877455e-08,
    "kk": 4.082804316851707e-09,
    "sq": 8.9203280140282e-07,
    "sw": 8.578595043218229e-07,
    "gl": 2.0066037905053236e-05,
    "mr": 4.1877967760228785e-09,
    "pa": 1.5501206007684232e-07,
    "si": 4.0364432152273366e-07,
    "km": 4.556057433546812e-07,
    "sn": 9.856106771621853e-06,
    "yo": 3.807865141425282e-05,
    "so": 3.3918873043603526e-08,
    "af": 1.2072351296410488e-07,
    "oc": 0.0013957907212898135,
    "ka": 9.512783094578481e-08,
    "be": 3.131329435746011e-07,
    "tg": 5.366745270407591e-09,
    "sd": 8.412670240431908e-07,
    "gu": 1.056932585896675e-08,
    "am": 3.313314422825897e-08,
    "yi": 6.4637929426680785e-06,
    "lo": 3.0587924015890167e-07,
    "uz": 7.609391415586142e-12,
    "fo": 1.476469492445176e-06,
    "ht": 0.00015660336066503078,
    "ps": 1.3679765231700003e-07,
    "tk": 1.9443653631601165e-10,
    "nn": 8.12447615317069e-05,
    "mt": 3.942939201806439e-07,
    "sa": 1.9826342168016708e-07,
    "lb": 5.294661065136097e-08,
    "my": 1.9407825675443746e-06,
    "bo": 1.593091383256251e-07,
    "tl": 5.999636698561517e-08,
    "mg": 8.532987094689304e-10,
    "as": 6.023119425435652e-08,
    "tt": 1.1589410542356404e-09,
    "haw": 0.00011547208850970492,
    "ln": 5.851840614923276e-05,
    "ha": 9.052323890479386e-10,
    "ba": 3.292170147606299e-10,
    "jw": 3.3533717669342877e-06,
    "su": 2.532218323914037e-10
  }
}