{
  "text": " Hello. How are you? How are you? Oh, I'm okay. I will be. I said she could stay with us tomorrow until she feels better. Of course she can. This won't be for long. Well, you can stay as long as you want, my love. I really miss you.",
  "segments": [
    {
      "id": 0,
      "seek": 0,
      "start": 1.32,
      "end": 1.82,
      "text": " Hello.",
      "tokens": [
        50364,
        2425,
        13,
        50464
      ],
      "temperature": 0.0,
      "avg_logprob": -0.21419989641974954,
      "compression_ratio": 1.4713375796178343,
      "no_speech_prob": 0.0501624159514904,
      "confidence": 0.189,
      "words": [
        {
          "text": "Hello.",
          "start": 1.32,
          "end": 1.82,
          "confidence": 0.189
        }
      ]
    },
    {
      "id": 1,
      "seek": 0,
      "start": 1.94,
      "end": 3.54,
      "text": " How are you?",
      "tokens": [
        50464,
        1012,
        366,
        291,
        30,
        50564
      ],
      "temperature": 0.0,
      "avg_logprob": -0.21419989641974954,
      "compression_ratio": 1.4713375796178343,
      "no_speech_prob": 0.0501624159514904,
      "confidence": 0.157,
      "words": [
        {
          "text": "How",
          "start": 1.94,
          "end": 2.6,
          "confidence": 0.004
        },
        {
          "text": "are",
          "start": 2.6,
          "end": 3.1,
          "confidence": 0.238
        },
        {
          "text": "you?",
          "start": 3.1,
          "end": 3.54,
          "confidence": 0.809
        }
      ]
    },
    {
      "id": 2,
      "seek": 0,
      "start": 3.7,
      "end": 6.38,
      "text": " How are you?",
      "tokens": [
        50564,
        1012,
        366,
        291,
        30,
        50664
      ],
      "temperature": 0.0,
      "avg_logprob": -0.21419989641974954,
      "compression_ratio": 1.4713375796178343,
      "no_speech_prob": 0.0501624159514904,
      "confidence": 0.353,
      "words": [
        {
          "text": "How",
          "start": 3.7,
          "end": 4.3,
          "confidence": 0.021
        },
        {
          "text": "are",
          "start": 4.3,
          "end": 6.12,
          "confidence": 0.93
        },
        {
          "text": "you?",
          "start": 6.12,
          "end": 6.38,
          "confidence": 0.897
        }
      ]
    },
    {
      "id": 3,
      "seek": 0,
      "start": 6.38,
      "end": 7.74,
      "text": " Oh, I'm okay.",
      "tokens": [
        50664,
        876,
        11,
        286,
        478,
        1392,
        13,
        50764
      ],
      "temperature": 0.0,
      "avg_logprob": -0.21419989641974954,
      "compression_ratio": 1.4713375796178343,
      "no_speech_prob": 0.0501624159514904,
      "confidence": 0.63,
      "words": [
        {
          "text": "Oh,",
          "start": 6.38,
          "end": 6.66,
          "confidence": 0.37
        },
        {
          "text": "I'm",
          "start": 6.76,
          "end": 7.18,
          "confidence": 0.979
        },
        {
          "text": "okay.",
          "start": 7.18,
          "end": 7.74,
          "confidence": 0.692
        }
      ]
    },
    {
      "id": 4,
      "seek": 0,
      "start": 7.74,
      "end": 9.2,
      "text": " I will be.",
      "tokens": [
        50764,
        286,
        486,
        312,
        13,
        50864
      ],
      "temperature": 0.0,
      "avg_logprob": -0.21419989641974954,
      "compression_ratio": 1.4713375796178343,
      "no_speech_prob": 0.0501624159514904,
      "confidence": 0.543,
      "words": [
        {
          "text": "I",
          "start": 7.74,
          "end": 8.64,
          "confidence": 0.468
        },
        {
          "text": "will",
          "start": 8.64,
          "end": 8.88,
          "confidence": 0.582
        },
        {
          "text": "be.",
          "start": 8.88,
          "end": 9.2,
          "confidence": 0.565
        }
      ]
    },
    {
      "id": 5,
      "seek": 0,
      "start": 9.5,
      "end": 11.56,
      "text": " I said she could stay with us tomorrow until she feels better.",
      "tokens": [
        50864,
        286,
        848,
        750,
        727,
        1754,
        365,
        505,
        4153,
        1826,
        750,
        3417,
        1101,
        13,
        50964
      ],
      "temperature": 0.0,
      "avg_logprob": -0.21419989641974954,
      "compression_ratio": 1.4713375796178343,
      "no_speech_prob": 0.0501624159514904,
      "confidence": 0.494,
      "words": [
        {
          "text": "I",
          "start": 9.5,
          "end": 9.52,
          "confidence": 0.283
        },
        {
          "text": "said",
          "start": 9.52,
          "end": 9.64,
          "confidence": 0.561
        },
        {
          "text": "she",
          "start": 9.64,
          "end": 9.78,
          "confidence": 0.919
        },
        {
          "text": "could",
          "start": 9.78,
          "end": 9.98,
          "confidence": 0.898
        },
        {
          "text": "stay",
          "start": 9.98,
          "end": 10.16,
          "confidence": 0.993
        },
        {
          "text": "with",
          "start": 10.16,
          "end": 10.28,
          "confidence": 0.991
        },
        {
          "text": "us",
          "start": 10.28,
          "end": 10.46,
          "confidence": 0.966
        },
        {
          "text": "tomorrow",
          "start": 10.46,
          "end": 10.68,
          "confidence": 0.004
        },
        {
          "text": "until",
          "start": 10.68,
          "end": 10.84,
          "confidence": 0.312
        },
        {
          "text": "she",
          "start": 10.84,
          "end": 10.98,
          "confidence": 0.997
        },
        {
          "text": "feels",
          "start": 10.98,
          "end": 11.2,
          "confidence": 0.988
        },
        {
          "text": "better.",
          "start": 11.2,
          "end": 11.56,
          "confidence": 0.825
        }
      ]
    },
    {
      "id": 6,
      "seek": 0,
      "start": 11.56,
      "end": 13.42,
      "text": " Of course she can.",
      "tokens": [
        50964,
        2720,
        1164,
        750,
        393,
        13,
        51064
      ],
      "temperature": 0.0,
      "avg_logprob": -0.21419989641974954,
      "compression_ratio": 1.4713375796178343,
      "no_speech_prob": 0.0501624159514904,
      "confidence": 0.31,
      "words": [
        {
          "text": "Of",
          "start": 11.56,
          "end": 12.54,
          "confidence": 0.09
        },
        {
          "text": "course",
          "start": 12.54,
          "end": 12.72,
          "confidence": 0.985
        },
        {
          "text": "she",
          "start": 12.72,
          "end": 13.04,
          "confidence": 0.209
        },
        {
          "text": "can.",
          "start": 13.04,
          "end": 13.42,
          "confidence": 0.392
        }
      ]
    },
    {
      "id": 7,
      "seek": 0,
      "start": 13.54,
      "end": 15.24,
      "text": " This won't be for long.",
      "tokens": [
        51064,
        639,
        1582,
        380,
        312,
        337,
        938,
        13,
        51164
      ],
      "temperature": 0.0,
      "avg_logprob": -0.21419989641974954,
      "compression_ratio": 1.4713375796178343,
      "no_speech_prob": 0.0501624159514904,
      "confidence": 0.444,
      "words": [
        {
          "text": "This",
          "start": 13.54,
          "end": 14.16,
          "confidence": 0.007
        },
        {
          "text": "won't",
          "start": 14.16,
          "end": 14.58,
          "confidence": 0.926
        },
        {
          "text": "be",
          "start": 14.58,
          "end": 14.8,
          "confidence": 0.99
        },
        {
          "text": "for",
          "start": 14.8,
          "end": 14.98,
          "confidence": 0.978
        },
        {
          "text": "long.",
          "start": 14.98,
          "end": 15.24,
          "confidence": 0.765
        }
      ]
    },
    {
      "id": 8,
      "seek": 0,
      "start": 15.5,
      "end": 17.62,
      "text": " Well, you can stay as long as you want, my love.",
      "tokens": [
        51164,
        1042,
        11,
        291,
        393,
        1754,
        382,
        938,
        382,
        291,
        528,
        11,
        452,
        959,
        13,
        51264
      ],
      "temperature": 0.0,
      "avg_logprob": -0.21419989641974954,
      "compression_ratio": 1.4713375796178343,
      "no_speech_prob": 0.0501624159514904,
      "confidence": 0.587,
      "words": [
        {
          "text": "Well,",
          "start": 15.5,
          "end": 15.52,
          "confidence": 0.073
        },
        {
          "text": "you",
          "start": 15.52,
          "end": 15.66,
          "confidence": 0.491
        },
        {
          "text": "can",
          "start": 15.66,
          "end": 15.88,
          "confidence": 0.876
        },
        {
          "text": "stay",
          "start": 15.88,
          "end": 16.12,
          "confidence": 0.932
        },
        {
          "text": "as",
          "start": 16.12,
          "end": 16.28,
          "confidence": 0.979
        },
        {
          "text": "long",
          "start": 16.28,
          "end": 16.4,
          "confidence": 0.995
        },
        {
          "text": "as",
          "start": 16.4,
          "end": 16.54,
          "confidence": 0.995
        },
        {
          "text": "you",
          "start": 16.54,
          "end": 16.62,
          "confidence": 0.995
        },
        {
          "text": "want,",
          "start": 16.62,
          "end": 16.8,
          "confidence": 0.643
        },
        {
          "text": "my",
          "start": 16.98,
          "end": 17.2,
          "confidence": 0.958
        },
        {
          "text": "love.",
          "start": 17.2,
          "end": 17.62,
          "confidence": 0.835
        }
      ]
    },
    {
      "id": 9,
      "seek": 0,
      "start": 17.62,
      "end": 19.52,
      "text": " I really miss you.",
      "tokens": [
        51264,
        286,
        534,
        1713,
        291,
        13,
        51364
      ],
      "temperature": 0.0,
      "avg_logprob": -0.21419989641974954,
      "compression_ratio": 1.4713375796178343,
      "no_speech_prob": 0.0501624159514904,
      "confidence": 0.477,
      "words": [
        {
          "text": "I",
          "start": 17.62,
          "end": 17.94,
          "confidence": 0.495
        },
        {
          "text": "really",
          "start": 17.94,
          "end": 18.3,
          "confidence": 0.89
        },
        {
          "text": "miss",
          "start": 18.3,
          "end": 18.78,
          "confidence": 0.338
        },
        {
          "text": "you.",
          "start": 18.78,
          "end": 19.52,
          "confidence": 0.408
        }
      ]
    }
  ],
  "language": "en"
}