{
  "text": " Apollo 11, Houston we got a recommendation for you on your Soyuz-EA GLEME GVA. Alright, okay. Yeah, sir. We like to see you guys. I'll put that camera there. They make it want to go on the helmet. We're going to have a B1. And you can put the other one on the mic helmet with those GVA. Alright, that's a bit on the helmet. I got a bit on the helmet. The other one's mic down. Mic going to the leak, we say. We got him in there helmet bag. And we got him in the helmet bag. We're taking the leak on him. Yeah, we're taking the leak on him. Yeah, we were going to hang me on it. We were going to hang you on it with the cover on the tractor. Okay, fine. We weren't sure of that. Just a suggestion. We thought we'd say you could check it out. It's not much of a hard to turn to. So I guess we're going to come up with this. Let us know. Okay, no problem. We'll let it know by the end of the night.",
  "segments": [
    {
      "id": 0,
      "seek": 0,
      "start": 0.52,
      "end": 6.54,
      "text": " Apollo 11, Houston we got a recommendation for you on your Soyuz-EA GLEME GVA.",
      "tokens": [
        50364,
        25187,
        2975,
        11,
        18717,
        321,
        658,
        257,
        11879,
        337,
        291,
        322,
        428,
        24758,
        3334,
        12,
        36,
        32,
        460,
        2634,
        15454,
        460,
        20914,
        13,
        50714
      ],
      "temperature": 0.2,
      "avg_logprob": -0.6873873496542171,
      "compression_ratio": 1.4019607843137254,
      "no_speech_prob": 0.44993358850479126,
      "confidence": 0.549,
      "words": [
        {
          "text": "Apollo",
          "start": 0.52,
          "end": 0.88,
          "confidence": 0.156
        },
        {
          "text": "11,",
          "start": 0.88,
          "end": 1.26,
          "confidence": 0.977
        },
        {
          "text": "Houston",
          "start": 1.52,
          "end": 1.72,
          "confidence": 0.986
        },
        {
          "text": "we",
          "start": 1.72,
          "end": 1.94,
          "confidence": 0.518
        },
        {
          "text": "got",
          "start": 1.94,
          "end": 2.1,
          "confidence": 0.824
        },
        {
          "text": "a",
          "start": 2.1,
          "end": 2.26,
          "confidence": 0.989
        },
        {
          "text": "recommendation",
          "start": 2.26,
          "end": 2.86,
          "confidence": 0.968
        },
        {
          "text": "for",
          "start": 2.86,
          "end": 3.44,
          "confidence": 0.947
        },
        {
          "text": "you",
          "start": 3.44,
          "end": 3.6,
          "confidence": 0.984
        },
        {
          "text": "on",
          "start": 3.6,
          "end": 3.72,
          "confidence": 0.909
        },
        {
          "text": "your",
          "start": 3.72,
          "end": 3.92,
          "confidence": 0.972
        },
        {
          "text": "Soyuz-EA",
          "start": 3.92,
          "end": 5.26,
          "confidence": 0.32
        },
        {
          "text": "GLEME",
          "start": 5.26,
          "end": 5.74,
          "confidence": 0.558
        },
        {
          "text": "GVA.",
          "start": 5.74,
          "end": 6.54,
          "confidence": 0.336
        }
      ]
    },
    {
      "id": 1,
      "seek": 0,
      "start": 10.8,
      "end": 12.22,
      "text": " Alright, okay.",
      "tokens": [
        50714,
        2798,
        11,
        1392,
        13,
        50964
      ],
      "temperature": 0.2,
      "avg_logprob": -0.6873873496542171,
      "compression_ratio": 1.4019607843137254,
      "no_speech_prob": 0.44993358850479126,
      "confidence": 0.388,
      "words": [
        {
          "text": "Alright,",
          "start": 10.8,
          "end": 11.04,
          "confidence": 0.295
        },
        {
          "text": "okay.",
          "start": 11.68,
          "end": 12.22,
          "confidence": 0.511
        }
      ]
    },
    {
      "id": 2,
      "seek": 0,
      "start": 12.5,
      "end": 13.36,
      "text": " Yeah, sir.",
      "tokens": [
        50964,
        865,
        11,
        4735,
        13,
        51014
      ],
      "temperature": 0.2,
      "avg_logprob": -0.6873873496542171,
      "compression_ratio": 1.4019607843137254,
      "no_speech_prob": 0.44993358850479126,
      "confidence": 0.151,
      "words": [
        {
          "text": "Yeah,",
          "start": 12.5,
          "end": 12.96,
          "confidence": 0.162
        },
        {
          "text": "sir.",
          "start": 13.34,
          "end": 13.36,
          "confidence": 0.141
        }
      ]
    },
    {
      "id": 3,
      "seek": 0,
      "start": 13.36,
      "end": 14.22,
      "text": " We like to see you guys.",
      "tokens": [
        51014,
        492,
        411,
        281,
        536,
        291,
        1074,
        13,
        51064
      ],
      "temperature": 0.2,
      "avg_logprob": -0.6873873496542171,
      "compression_ratio": 1.4019607843137254,
      "no_speech_prob": 0.44993358850479126,
      "confidence": 0.289,
      "words": [
        {
          "text": "We",
          "start": 13.36,
          "end": 13.38,
          "confidence": 0.254
        },
        {
          "text": "like",
          "start": 13.38,
          "end": 13.4,
          "confidence": 0.398
        },
        {
          "text": "to",
          "start": 13.4,
          "end": 13.56,
          "confidence": 0.296
        },
        {
          "text": "see",
          "start": 13.56,
          "end": 14.0,
          "confidence": 0.18
        },
        {
          "text": "you",
          "start": 14.0,
          "end": 14.08,
          "confidence": 0.151
        },
        {
          "text": "guys.",
          "start": 14.08,
          "end": 14.22,
          "confidence": 0.714
        }
      ]
    },
    {
      "id": 4,
      "seek": 0,
      "start": 14.22,
      "end": 14.6,
      "text": " I'll put that camera there.",
      "tokens": [
        51064,
        286,
        603,
        829,
        300,
        2799,
        456,
        13,
        51114
      ],
      "temperature": 0.2,
      "avg_logprob": -0.6873873496542171,
      "compression_ratio": 1.4019607843137254,
      "no_speech_prob": 0.44993358850479126,
      "confidence": 0.338,
      "words": [
        {
          "text": "I'll",
          "start": 14.22,
          "end": 14.24,
          "confidence": 0.23
        },
        {
          "text": "put",
          "start": 14.24,
          "end": 14.26,
          "confidence": 0.236
        },
        {
          "text": "that",
          "start": 14.26,
          "end": 14.28,
          "confidence": 0.846
        },
        {
          "text": "camera",
          "start": 14.28,
          "end": 14.48,
          "confidence": 0.457
        },
        {
          "text": "there.",
          "start": 14.48,
          "end": 14.6,
          "confidence": 0.306
        }
      ]
    },
    {
      "id": 5,
      "seek": 0,
      "start": 14.6,
      "end": 17.17,
      "text": " They make it want to go on the helmet.",
      "tokens": [
        51114,
        814,
        652,
        309,
        528,
        281,
        352,
        322,
        264,
        15922,
        13,
        51214
      ],
      "temperature": 0.2,
      "avg_logprob": -0.6873873496542171,
      "compression_ratio": 1.4019607843137254,
      "no_speech_prob": 0.44993358850479126,
      "confidence": 0.561,
      "words": [
        {
          "text": "They",
          "start": 14.6,
          "end": 15.32,
          "confidence": 0.319
        },
        {
          "text": "make",
          "start": 15.32,
          "end": 15.68,
          "confidence": 0.408
        },
        {
          "text": "it",
          "start": 15.68,
          "end": 15.86,
          "confidence": 0.285
        },
        {
          "text": "want",
          "start": 15.86,
          "end": 16.06,
          "confidence": 0.279
        },
        {
          "text": "to",
          "start": 16.06,
          "end": 16.2,
          "confidence": 0.978
        },
        {
          "text": "go",
          "start": 16.2,
          "end": 16.38,
          "confidence": 0.901
        },
        {
          "text": "on",
          "start": 16.38,
          "end": 16.6,
          "confidence": 0.952
        },
        {
          "text": "the",
          "start": 16.6,
          "end": 16.78,
          "confidence": 0.867
        },
        {
          "text": "helmet.",
          "start": 16.78,
          "end": 17.17,
          "confidence": 0.731
        }
      ]
    },
    {
      "id": 6,
      "seek": 0,
      "start": 17.17,
      "end": 19.08,
      "text": " We're going to have a B1.",
      "tokens": [
        51214,
        492,
        434,
        516,
        281,
        362,
        257,
        363,
        16,
        13,
        51314
      ],
      "temperature": 0.2,
      "avg_logprob": -0.6873873496542171,
      "compression_ratio": 1.4019607843137254,
      "no_speech_prob": 0.44993358850479126,
      "confidence": 0.676,
      "words": [
        {
          "text": "We're",
          "start": 17.17,
          "end": 17.76,
          "confidence": 0.556
        },
        {
          "text": "going",
          "start": 17.76,
          "end": 17.92,
          "confidence": 0.623
        },
        {
          "text": "to",
          "start": 17.92,
          "end": 17.98,
          "confidence": 0.993
        },
        {
          "text": "have",
          "start": 17.98,
          "end": 18.2,
          "confidence": 0.955
        },
        {
          "text": "a",
          "start": 18.2,
          "end": 18.36,
          "confidence": 0.351
        },
        {
          "text": "B1.",
          "start": 18.36,
          "end": 19.08,
          "confidence": 0.825
        }
      ]
    },
    {
      "id": 7,
      "seek": 0,
      "start": 19.36,
      "end": 23.74,
      "text": " And you can put the other one on the mic helmet with those GVA.",
      "tokens": [
        51314,
        400,
        291,
        393,
        829,
        264,
        661,
        472,
        322,
        264,
        3123,
        15922,
        365,
        729,
        460,
        20914,
        13,
        51564
      ],
      "temperature": 0.2,
      "avg_logprob": -0.6873873496542171,
      "compression_ratio": 1.4019607843137254,
      "no_speech_prob": 0.44993358850479126,
      "confidence": 0.651,
      "words": [
        {
          "text": "And",
          "start": 19.36,
          "end": 19.62,
          "confidence": 0.49
        },
        {
          "text": "you",
          "start": 19.62,
          "end": 20.32,
          "confidence": 0.918
        },
        {
          "text": "can",
          "start": 20.32,
          "end": 20.48,
          "confidence": 0.781
        },
        {
          "text": "put",
          "start": 20.48,
          "end": 20.64,
          "confidence": 0.991
        },
        {
          "text": "the",
          "start": 20.64,
          "end": 20.84,
          "confidence": 0.986
        },
        {
          "text": "other",
          "start": 20.84,
          "end": 21.0,
          "confidence": 0.998
        },
        {
          "text": "one",
          "start": 21.0,
          "end": 21.18,
          "confidence": 0.981
        },
        {
          "text": "on",
          "start": 21.18,
          "end": 21.42,
          "confidence": 0.992
        },
        {
          "text": "the",
          "start": 21.42,
          "end": 21.96,
          "confidence": 0.633
        },
        {
          "text": "mic",
          "start": 21.96,
          "end": 22.48,
          "confidence": 0.438
        },
        {
          "text": "helmet",
          "start": 22.48,
          "end": 22.8,
          "confidence": 0.951
        },
        {
          "text": "with",
          "start": 22.8,
          "end": 23.06,
          "confidence": 0.354
        },
        {
          "text": "those",
          "start": 23.06,
          "end": 23.3,
          "confidence": 0.396
        },
        {
          "text": "GVA.",
          "start": 23.3,
          "end": 23.74,
          "confidence": 0.36
        }
      ]
    },
    {
      "id": 8,
      "seek": 2400,
      "start": 27.38,
      "end": 31.2,
      "text": " Alright, that's a bit on the helmet.",
      "tokens": [
        50364,
        2798,
        11,
        300,
        311,
        257,
        857,
        322,
        264,
        15922,
        13,
        50714
      ],
      "temperature": 0.2,
      "avg_logprob": -0.7881743211012621,
      "compression_ratio": 1.55,
      "no_speech_prob": 0.18406571447849274,
      "confidence": 0.362,
      "words": [
        {
          "text": "Alright,",
          "start": 27.38,
          "end": 27.4,
          "confidence": 0.087
        },
        {
          "text": "that's",
          "start": 29.36,
          "end": 29.4,
          "confidence": 0.285
        },
        {
          "text": "a",
          "start": 29.4,
          "end": 29.42,
          "confidence": 0.404
        },
        {
          "text": "bit",
          "start": 29.42,
          "end": 29.88,
          "confidence": 0.419
        },
        {
          "text": "on",
          "start": 29.88,
          "end": 30.48,
          "confidence": 0.709
        },
        {
          "text": "the",
          "start": 30.48,
          "end": 31.18,
          "confidence": 0.344
        },
        {
          "text": "helmet.",
          "start": 31.18,
          "end": 31.2,
          "confidence": 0.996
        }
      ]
    },
    {
      "id": 9,
      "seek": 2400,
      "start": 31.34,
      "end": 34.2,
      "text": " I got a bit on the helmet.",
      "tokens": [
        50714,
        286,
        658,
        257,
        857,
        322,
        264,
        15922,
        13,
        50864
      ],
      "temperature": 0.2,
      "avg_logprob": -0.7881743211012621,
      "compression_ratio": 1.55,
      "no_speech_prob": 0.18406571447849274,
      "confidence": 0.56,
      "words": [
        {
          "text": "I",
          "start": 31.34,
          "end": 31.54,
          "confidence": 0.234
        },
        {
          "text": "got",
          "start": 31.54,
          "end": 31.84,
          "confidence": 0.766
        },
        {
          "text": "a",
          "start": 31.84,
          "end": 32.12,
          "confidence": 0.372
        },
        {
          "text": "bit",
          "start": 32.12,
          "end": 33.46,
          "confidence": 0.407
        },
        {
          "text": "on",
          "start": 33.46,
          "end": 33.88,
          "confidence": 0.932
        },
        {
          "text": "the",
          "start": 33.88,
          "end": 34.04,
          "confidence": 0.684
        },
        {
          "text": "helmet.",
          "start": 34.04,
          "end": 34.2,
          "confidence": 0.998
        }
      ]
    },
    {
      "id": 10,
      "seek": 2400,
      "start": 34.24,
      "end": 36.38,
      "text": " The other one's mic down.",
      "tokens": [
        50864,
        440,
        661,
        472,
        311,
        3123,
        760,
        13,
        51014
      ],
      "temperature": 0.2,
      "avg_logprob": -0.7881743211012621,
      "compression_ratio": 1.55,
      "no_speech_prob": 0.18406571447849274,
      "confidence": 0.352,
      "words": [
        {
          "text": "The",
          "start": 34.24,
          "end": 34.6,
          "confidence": 0.155
        },
        {
          "text": "other",
          "start": 34.6,
          "end": 35.58,
          "confidence": 0.945
        },
        {
          "text": "one's",
          "start": 35.58,
          "end": 35.86,
          "confidence": 0.432
        },
        {
          "text": "mic",
          "start": 35.86,
          "end": 36.06,
          "confidence": 0.238
        },
        {
          "text": "down.",
          "start": 36.06,
          "end": 36.38,
          "confidence": 0.295
        }
      ]
    },
    {
      "id": 11,
      "seek": 2400,
      "start": 37.6,
      "end": 39.18,
      "text": " Mic going to the leak, we say.",
      "tokens": [
        51014,
        5818,
        516,
        281,
        264,
        17143,
        11,
        321,
        584,
        13,
        51114
      ],
      "temperature": 0.2,
      "avg_logprob": -0.7881743211012621,
      "compression_ratio": 1.55,
      "no_speech_prob": 0.18406571447849274,
      "confidence": 0.452,
      "words": [
        {
          "text": "Mic",
          "start": 37.6,
          "end": 37.86,
          "confidence": 0.354
        },
        {
          "text": "going",
          "start": 37.86,
          "end": 38.12,
          "confidence": 0.652
        },
        {
          "text": "to",
          "start": 38.12,
          "end": 38.36,
          "confidence": 0.336
        },
        {
          "text": "the",
          "start": 38.36,
          "end": 38.48,
          "confidence": 0.469
        },
        {
          "text": "leak,",
          "start": 38.48,
          "end": 38.76,
          "confidence": 0.165
        },
        {
          "text": "we",
          "start": 38.94,
          "end": 38.96,
          "confidence": 0.862
        },
        {
          "text": "say.",
          "start": 38.96,
          "end": 39.18,
          "confidence": 0.748
        }
      ]
    },
    {
      "id": 12,
      "seek": 2400,
      "start": 39.88,
      "end": 41.94,
      "text": " We got him in there helmet bag.",
      "tokens": [
        51114,
        492,
        658,
        796,
        294,
        456,
        15922,
        3411,
        13,
        51264
      ],
      "temperature": 0.2,
      "avg_logprob": -0.7881743211012621,
      "compression_ratio": 1.55,
      "no_speech_prob": 0.18406571447849274,
      "confidence": 0.46,
      "words": [
        {
          "text": "We",
          "start": 39.88,
          "end": 40.2,
          "confidence": 0.545
        },
        {
          "text": "got",
          "start": 40.2,
          "end": 40.48,
          "confidence": 0.48
        },
        {
          "text": "him",
          "start": 40.48,
          "end": 40.64,
          "confidence": 0.434
        },
        {
          "text": "in",
          "start": 40.64,
          "end": 40.76,
          "confidence": 0.886
        },
        {
          "text": "there",
          "start": 40.76,
          "end": 40.98,
          "confidence": 0.744
        },
        {
          "text": "helmet",
          "start": 40.98,
          "end": 41.52,
          "confidence": 0.288
        },
        {
          "text": "bag.",
          "start": 41.52,
          "end": 41.94,
          "confidence": 0.204
        }
      ]
    },
    {
      "id": 13,
      "seek": 2400,
      "start": 42.46,
      "end": 47.42,
      "text": " And we got him in the helmet bag.",
      "tokens": [
        51264,
        400,
        321,
        658,
        796,
        294,
        264,
        15922,
        3411,
        13,
        51564
      ],
      "temperature": 0.2,
      "avg_logprob": -0.7881743211012621,
      "compression_ratio": 1.55,
      "no_speech_prob": 0.18406571447849274,
      "confidence": 0.413,
      "words": [
        {
          "text": "And",
          "start": 42.46,
          "end": 43.34,
          "confidence": 0.574
        },
        {
          "text": "we",
          "start": 43.34,
          "end": 44.0,
          "confidence": 0.309
        },
        {
          "text": "got",
          "start": 44.0,
          "end": 44.18,
          "confidence": 0.29
        },
        {
          "text": "him",
          "start": 44.18,
          "end": 44.48,
          "confidence": 0.3
        },
        {
          "text": "in",
          "start": 44.48,
          "end": 44.52,
          "confidence": 0.815
        },
        {
          "text": "the",
          "start": 44.52,
          "end": 44.64,
          "confidence": 0.394
        },
        {
          "text": "helmet",
          "start": 44.64,
          "end": 46.46,
          "confidence": 0.194
        },
        {
          "text": "bag.",
          "start": 46.46,
          "end": 47.42,
          "confidence": 0.887
        }
      ]
    },
    {
      "id": 14,
      "seek": 4800,
      "start": 51.48,
      "end": 52.94,
      "text": " We're taking the leak on him.",
      "tokens": [
        50364,
        492,
        434,
        1940,
        264,
        17143,
        322,
        796,
        13,
        50614
      ],
      "temperature": 0.2,
      "avg_logprob": -0.4506545960903168,
      "compression_ratio": 1.766355140186916,
      "no_speech_prob": 0.14940056204795837,
      "confidence": 0.306,
      "words": [
        {
          "text": "We're",
          "start": 51.48,
          "end": 51.68,
          "confidence": 0.246
        },
        {
          "text": "taking",
          "start": 51.68,
          "end": 51.92,
          "confidence": 0.313
        },
        {
          "text": "the",
          "start": 51.92,
          "end": 52.54,
          "confidence": 0.296
        },
        {
          "text": "leak",
          "start": 52.54,
          "end": 52.56,
          "confidence": 0.249
        },
        {
          "text": "on",
          "start": 52.56,
          "end": 52.86,
          "confidence": 0.23
        },
        {
          "text": "him.",
          "start": 52.86,
          "end": 52.94,
          "confidence": 0.78
        }
      ]
    },
    {
      "id": 15,
      "seek": 4800,
      "start": 53.06,
      "end": 54.36,
      "text": " Yeah, we're taking the leak on him.",
      "tokens": [
        50614,
        865,
        11,
        321,
        434,
        1940,
        264,
        17143,
        322,
        796,
        13,
        50714
      ],
      "temperature": 0.2,
      "avg_logprob": -0.4506545960903168,
      "compression_ratio": 1.766355140186916,
      "no_speech_prob": 0.14940056204795837,
      "confidence": 0.911,
      "words": [
        {
          "text": "Yeah,",
          "start": 53.06,
          "end": 53.26,
          "confidence": 0.764
        },
        {
          "text": "we're",
          "start": 53.34,
          "end": 53.4,
          "confidence": 0.928
        },
        {
          "text": "taking",
          "start": 53.4,
          "end": 53.62,
          "confidence": 0.971
        },
        {
          "text": "the",
          "start": 53.62,
          "end": 53.78,
          "confidence": 0.91
        },
        {
          "text": "leak",
          "start": 53.78,
          "end": 53.86,
          "confidence": 0.992
        },
        {
          "text": "on",
          "start": 53.86,
          "end": 54.18,
          "confidence": 0.828
        },
        {
          "text": "him.",
          "start": 54.18,
          "end": 54.36,
          "confidence": 0.994
        }
      ]
    },
    {
      "id": 16,
      "seek": 4800,
      "start": 56.58,
      "end": 57.86,
      "text": " Yeah, we were going to hang me on it.",
      "tokens": [
        50714,
        865,
        11,
        321,
        645,
        516,
        281,
        3967,
        385,
        322,
        309,
        13,
        50864
      ],
      "temperature": 0.2,
      "avg_logprob": -0.4506545960903168,
      "compression_ratio": 1.766355140186916,
      "no_speech_prob": 0.14940056204795837,
      "confidence": 0.419,
      "words": [
        {
          "text": "Yeah,",
          "start": 56.58,
          "end": 56.6,
          "confidence": 0.142
        },
        {
          "text": "we",
          "start": 56.66,
          "end": 56.68,
          "confidence": 0.314
        },
        {
          "text": "were",
          "start": 56.68,
          "end": 56.84,
          "confidence": 0.437
        },
        {
          "text": "going",
          "start": 56.84,
          "end": 57.08,
          "confidence": 0.377
        },
        {
          "text": "to",
          "start": 57.08,
          "end": 57.22,
          "confidence": 0.983
        },
        {
          "text": "hang",
          "start": 57.22,
          "end": 57.38,
          "confidence": 0.609
        },
        {
          "text": "me",
          "start": 57.38,
          "end": 57.58,
          "confidence": 0.379
        },
        {
          "text": "on",
          "start": 57.58,
          "end": 57.72,
          "confidence": 0.819
        },
        {
          "text": "it.",
          "start": 57.72,
          "end": 57.86,
          "confidence": 0.292
        }
      ]
    },
    {
      "id": 17,
      "seek": 4800,
      "start": 57.86,
      "end": 61.48,
      "text": " We were going to hang you on it with the cover on the tractor.",
      "tokens": [
        50864,
        492,
        645,
        516,
        281,
        3967,
        291,
        322,
        309,
        365,
        264,
        2060,
        322,
        264,
        31857,
        13,
        51064
      ],
      "temperature": 0.2,
      "avg_logprob": -0.4506545960903168,
      "compression_ratio": 1.766355140186916,
      "no_speech_prob": 0.14940056204795837,
      "confidence": 0.54,
      "words": [
        {
          "text": "We",
          "start": 57.86,
          "end": 58.02,
          "confidence": 0.506
        },
        {
          "text": "were",
          "start": 58.02,
          "end": 58.4,
          "confidence": 0.595
        },
        {
          "text": "going",
          "start": 58.4,
          "end": 58.44,
          "confidence": 0.945
        },
        {
          "text": "to",
          "start": 58.44,
          "end": 58.6,
          "confidence": 0.995
        },
        {
          "text": "hang",
          "start": 58.6,
          "end": 58.72,
          "confidence": 0.966
        },
        {
          "text": "you",
          "start": 58.72,
          "end": 58.9,
          "confidence": 0.597
        },
        {
          "text": "on",
          "start": 58.9,
          "end": 59.16,
          "confidence": 0.791
        },
        {
          "text": "it",
          "start": 59.16,
          "end": 59.52,
          "confidence": 0.866
        },
        {
          "text": "with",
          "start": 59.52,
          "end": 60.12,
          "confidence": 0.524
        },
        {
          "text": "the",
          "start": 60.12,
          "end": 60.28,
          "confidence": 0.573
        },
        {
          "text": "cover",
          "start": 60.28,
          "end": 61.0,
          "confidence": 0.876
        },
        {
          "text": "on",
          "start": 61.0,
          "end": 61.22,
          "confidence": 0.462
        },
        {
          "text": "the",
          "start": 61.22,
          "end": 61.32,
          "confidence": 0.27
        },
        {
          "text": "tractor.",
          "start": 61.32,
          "end": 61.48,
          "confidence": 0.049
        }
      ]
    },
    {
      "id": 18,
      "seek": 4800,
      "start": 62.52,
      "end": 63.03,
      "text": " Okay, fine.",
      "tokens": [
        51064,
        1033,
        11,
        2489,
        13,
        51114
      ],
      "temperature": 0.2,
      "avg_logprob": -0.4506545960903168,
      "compression_ratio": 1.766355140186916,
      "no_speech_prob": 0.14940056204795837,
      "confidence": 0.883,
      "words": [
        {
          "text": "Okay,",
          "start": 62.52,
          "end": 62.78,
          "confidence": 0.87
        },
        {
          "text": "fine.",
          "start": 62.88,
          "end": 63.03,
          "confidence": 0.897
        }
      ]
    },
    {
      "id": 19,
      "seek": 4800,
      "start": 63.03,
      "end": 63.98,
      "text": " We weren't sure of that.",
      "tokens": [
        51114,
        492,
        4999,
        380,
        988,
        295,
        300,
        13,
        51164
      ],
      "temperature": 0.2,
      "avg_logprob": -0.4506545960903168,
      "compression_ratio": 1.766355140186916,
      "no_speech_prob": 0.14940056204795837,
      "confidence": 0.873,
      "words": [
        {
          "text": "We",
          "start": 63.03,
          "end": 63.28,
          "confidence": 0.878
        },
        {
          "text": "weren't",
          "start": 63.28,
          "end": 63.54,
          "confidence": 0.977
        },
        {
          "text": "sure",
          "start": 63.54,
          "end": 63.72,
          "confidence": 0.973
        },
        {
          "text": "of",
          "start": 63.72,
          "end": 63.84,
          "confidence": 0.549
        },
        {
          "text": "that.",
          "start": 63.84,
          "end": 63.98,
          "confidence": 0.989
        }
      ]
    },
    {
      "id": 20,
      "seek": 4800,
      "start": 64.14,
      "end": 65.1,
      "text": " Just a suggestion.",
      "tokens": [
        51164,
        1449,
        257,
        16541,
        13,
        51214
      ],
      "temperature": 0.2,
      "avg_logprob": -0.4506545960903168,
      "compression_ratio": 1.766355140186916,
      "no_speech_prob": 0.14940056204795837,
      "confidence": 0.742,
      "words": [
        {
          "text": "Just",
          "start": 64.14,
          "end": 64.56,
          "confidence": 0.489
        },
        {
          "text": "a",
          "start": 64.56,
          "end": 64.72,
          "confidence": 0.838
        },
        {
          "text": "suggestion.",
          "start": 64.72,
          "end": 65.1,
          "confidence": 0.997
        }
      ]
    },
    {
      "id": 21,
      "seek": 4800,
      "start": 65.2,
      "end": 67.7,
      "text": " We thought we'd say you could check it out.",
      "tokens": [
        51214,
        492,
        1194,
        321,
        1116,
        584,
        291,
        727,
        1520,
        309,
        484,
        13,
        51364
      ],
      "temperature": 0.2,
      "avg_logprob": -0.4506545960903168,
      "compression_ratio": 1.766355140186916,
      "no_speech_prob": 0.14940056204795837,
      "confidence": 0.697,
      "words": [
        {
          "text": "We",
          "start": 65.2,
          "end": 65.4,
          "confidence": 0.885
        },
        {
          "text": "thought",
          "start": 65.4,
          "end": 65.54,
          "confidence": 0.979
        },
        {
          "text": "we'd",
          "start": 65.54,
          "end": 65.9,
          "confidence": 0.576
        },
        {
          "text": "say",
          "start": 65.9,
          "end": 66.06,
          "confidence": 0.275
        },
        {
          "text": "you",
          "start": 66.06,
          "end": 67.08,
          "confidence": 0.928
        },
        {
          "text": "could",
          "start": 67.08,
          "end": 67.22,
          "confidence": 0.728
        },
        {
          "text": "check",
          "start": 67.22,
          "end": 67.38,
          "confidence": 0.513
        },
        {
          "text": "it",
          "start": 67.38,
          "end": 67.54,
          "confidence": 0.991
        },
        {
          "text": "out.",
          "start": 67.54,
          "end": 67.7,
          "confidence": 0.998
        }
      ]
    },
    {
      "id": 22,
      "seek": 4800,
      "start": 68.2,
      "end": 69.22,
      "text": " It's not much of a hard to turn to.",
      "tokens": [
        51364,
        467,
        311,
        406,
        709,
        295,
        257,
        1152,
        281,
        1261,
        281,
        13,
        51414
      ],
      "temperature": 0.2,
      "avg_logprob": -0.4506545960903168,
      "compression_ratio": 1.766355140186916,
      "no_speech_prob": 0.14940056204795837,
      "confidence": 0.467,
      "words": [
        {
          "text": "It's",
          "start": 68.2,
          "end": 68.3,
          "confidence": 0.373
        },
        {
          "text": "not",
          "start": 68.3,
          "end": 68.4,
          "confidence": 0.822
        },
        {
          "text": "much",
          "start": 68.4,
          "end": 68.56,
          "confidence": 0.939
        },
        {
          "text": "of",
          "start": 68.56,
          "end": 68.7,
          "confidence": 0.638
        },
        {
          "text": "a",
          "start": 68.7,
          "end": 68.72,
          "confidence": 0.67
        },
        {
          "text": "hard",
          "start": 68.72,
          "end": 68.84,
          "confidence": 0.173
        },
        {
          "text": "to",
          "start": 68.84,
          "end": 68.98,
          "confidence": 0.382
        },
        {
          "text": "turn",
          "start": 68.98,
          "end": 69.1,
          "confidence": 0.696
        },
        {
          "text": "to.",
          "start": 69.1,
          "end": 69.22,
          "confidence": 0.232
        }
      ]
    },
    {
      "id": 23,
      "seek": 4800,
      "start": 69.22,
      "end": 71.92,
      "text": " So I guess we're going to come up with this.",
      "tokens": [
        51414,
        407,
        286,
        2041,
        321,
        434,
        516,
        281,
        808,
        493,
        365,
        341,
        13,
        51564
      ],
      "temperature": 0.2,
      "avg_logprob": -0.4506545960903168,
      "compression_ratio": 1.766355140186916,
      "no_speech_prob": 0.14940056204795837,
      "confidence": 0.742,
      "words": [
        {
          "text": "So",
          "start": 69.22,
          "end": 69.56,
          "confidence": 0.656
        },
        {
          "text": "I",
          "start": 69.56,
          "end": 70.48,
          "confidence": 0.493
        },
        {
          "text": "guess",
          "start": 70.48,
          "end": 70.62,
          "confidence": 0.992
        },
        {
          "text": "we're",
          "start": 70.62,
          "end": 71.08,
          "confidence": 0.73
        },
        {
          "text": "going",
          "start": 71.08,
          "end": 71.2,
          "confidence": 0.883
        },
        {
          "text": "to",
          "start": 71.2,
          "end": 71.26,
          "confidence": 0.993
        },
        {
          "text": "come",
          "start": 71.26,
          "end": 71.4,
          "confidence": 0.903
        },
        {
          "text": "up",
          "start": 71.4,
          "end": 71.6,
          "confidence": 0.831
        },
        {
          "text": "with",
          "start": 71.6,
          "end": 71.76,
          "confidence": 0.966
        },
        {
          "text": "this.",
          "start": 71.76,
          "end": 71.92,
          "confidence": 0.345
        }
      ]
    },
    {
      "id": 24,
      "seek": 4800,
      "start": 71.92,
      "end": 72.44,
      "text": " Let us know.",
      "tokens": [
        51564,
        961,
        505,
        458,
        13,
        51614
      ],
      "temperature": 0.2,
      "avg_logprob": -0.4506545960903168,
      "compression_ratio": 1.766355140186916,
      "no_speech_prob": 0.14940056204795837,
      "confidence": 0.896,
      "words": [
        {
          "text": "Let",
          "start": 71.92,
          "end": 72.1,
          "confidence": 0.726
        },
        {
          "text": "us",
          "start": 72.1,
          "end": 72.24,
          "confidence": 0.993
        },
        {
          "text": "know.",
          "start": 72.24,
          "end": 72.44,
          "confidence": 0.999
        }
      ]
    },
    {
      "id": 25,
      "seek": 4800,
      "start": 74.18,
      "end": 75.14,
      "text": " Okay, no problem.",
      "tokens": [
        51614,
        1033,
        11,
        572,
        1154,
        13,
        51714
      ],
      "temperature": 0.2,
      "avg_logprob": -0.4506545960903168,
      "compression_ratio": 1.766355140186916,
      "no_speech_prob": 0.14940056204795837,
      "confidence": 0.838,
      "words": [
        {
          "text": "Okay,",
          "start": 74.18,
          "end": 74.46,
          "confidence": 0.687
        },
        {
          "text": "no",
          "start": 74.58,
          "end": 74.82,
          "confidence": 0.878
        },
        {
          "text": "problem.",
          "start": 74.82,
          "end": 75.14,
          "confidence": 0.975
        }
      ]
    },
    {
      "id": 26,
      "seek": 7500,
      "start": 76.56,
      "end": 78.24,
      "text": " We'll let it know by the end of the night.",
      "tokens": [
        50364,
        492,
        603,
        718,
        309,
        458,
        538,
        264,
        917,
        295,
        264,
        1818,
        13,
        50514
      ],
      "temperature": 0.2,
      "avg_logprob": -0.6192415873209636,
      "compression_ratio": 0.9130434782608695,
      "no_speech_prob": 0.813217043876648,
      "confidence": 0.532,
      "words": [
        {
          "text": "We'll",
          "start": 76.56,
          "end": 76.8,
          "confidence": 0.479
        },
        {
          "text": "let",
          "start": 76.8,
          "end": 76.92,
          "confidence": 0.593
        },
        {
          "text": "it",
          "start": 76.92,
          "end": 76.94,
          "confidence": 0.429
        },
        {
          "text": "know",
          "start": 76.94,
          "end": 77.18,
          "confidence": 0.46
        },
        {
          "text": "by",
          "start": 77.18,
          "end": 77.32,
          "confidence": 0.375
        },
        {
          "text": "the",
          "start": 77.32,
          "end": 77.4,
          "confidence": 0.972
        },
        {
          "text": "end",
          "start": 77.4,
          "end": 77.5,
          "confidence": 0.993
        },
        {
          "text": "of",
          "start": 77.5,
          "end": 77.64,
          "confidence": 0.989
        },
        {
          "text": "the",
          "start": 77.64,
          "end": 78.14,
          "confidence": 0.417
        },
        {
          "text": "night.",
          "start": 78.14,
          "end": 78.24,
          "confidence": 0.245
        }
      ]
    }
  ],
  "language": "en"
}