{
  "text": " Wie wieder zu dazu ist Meshfuchs von 1962 als Meshale für die außerordentliche Form des grullischen Rätos ist dann nicht so weitergegangen wie sich Papsbelle dick das gewünscht hatte. Das hat er als Meshale im Rätos.",
  "segments": [
    {
      "id": 0,
      "seek": 0,
      "start": 0.9,
      "end": 12.76,
      "text": " Wie wieder zu dazu ist Meshfuchs von 1962 als Meshale für die außerordentliche Form des grullischen Rätos ist dann nicht so weitergegangen wie sich Papsbelle dick das gewünscht hatte.",
      "tokens": [
        9233,
        6216,
        2164,
        13034,
        1418,
        376,
        14935,
        69,
        37503,
        2957,
        39498,
        3907,
        376,
        14935,
        1220,
        2959,
        978,
        39428,
        765,
        7698,
        68,
        10126,
        730,
        677,
        858,
        6282,
        497,
        3628,
        329,
        1418,
        3594,
        1979,
        370,
        8988,
        432,
        47152,
        3355,
        3041,
        430,
        2382,
        65,
        4434,
        18659,
        1482,
        6906,
        3412,
        82,
        4701,
        13299,
        13
      ],
      "temperature": 0.0,
      "avg_logprob": -0.6555103008563702,
      "compression_ratio": 1.2619047619047619,
      "no_speech_prob": 0.11051499098539352,
      "confidence": 0.541,
      "words": [
        {
          "text": "Wie",
          "start": 0.9,
          "end": 1.06,
          "confidence": 0.478
        },
        {
          "text": "wieder",
          "start": 1.06,
          "end": 1.32,
          "confidence": 0.901
        },
        {
          "text": "zu",
          "start": 1.32,
          "end": 1.54,
          "confidence": 0.249
        },
        {
          "text": "dazu",
          "start": 1.54,
          "end": 1.86,
          "confidence": 0.131
        },
        {
          "text": "ist",
          "start": 1.86,
          "end": 2.12,
          "confidence": 0.586
        },
        {
          "text": "Meshfuchs",
          "start": 2.12,
          "end": 2.72,
          "confidence": 0.332
        },
        {
          "text": "von",
          "start": 2.72,
          "end": 2.94,
          "confidence": 0.626
        },
        {
          "text": "1962",
          "start": 2.94,
          "end": 4.72,
          "confidence": 0.208
        },
        {
          "text": "als",
          "start": 4.72,
          "end": 5.22,
          "confidence": 0.885
        },
        {
          "text": "Meshale",
          "start": 5.22,
          "end": 5.7,
          "confidence": 0.385
        },
        {
          "text": "für",
          "start": 5.7,
          "end": 5.9,
          "confidence": 0.933
        },
        {
          "text": "die",
          "start": 5.9,
          "end": 6.08,
          "confidence": 0.972
        },
        {
          "text": "außerordentliche",
          "start": 6.08,
          "end": 6.98,
          "confidence": 0.899
        },
        {
          "text": "Form",
          "start": 6.98,
          "end": 7.22,
          "confidence": 0.655
        },
        {
          "text": "des",
          "start": 7.22,
          "end": 7.58,
          "confidence": 0.971
        },
        {
          "text": "grullischen",
          "start": 7.58,
          "end": 8.04,
          "confidence": 0.384
        },
        {
          "text": "Rätos",
          "start": 8.04,
          "end": 8.58,
          "confidence": 0.368
        },
        {
          "text": "ist",
          "start": 8.58,
          "end": 9.6,
          "confidence": 0.549
        },
        {
          "text": "dann",
          "start": 9.6,
          "end": 9.74,
          "confidence": 0.5
        },
        {
          "text": "nicht",
          "start": 9.74,
          "end": 9.92,
          "confidence": 0.936
        },
        {
          "text": "so",
          "start": 9.92,
          "end": 10.08,
          "confidence": 0.953
        },
        {
          "text": "weitergegangen",
          "start": 10.08,
          "end": 10.86,
          "confidence": 0.74
        },
        {
          "text": "wie",
          "start": 10.86,
          "end": 11.04,
          "confidence": 0.703
        },
        {
          "text": "sich",
          "start": 11.04,
          "end": 11.22,
          "confidence": 0.939
        },
        {
          "text": "Papsbelle",
          "start": 11.22,
          "end": 11.62,
          "confidence": 0.356
        },
        {
          "text": "dick",
          "start": 11.62,
          "end": 11.84,
          "confidence": 0.319
        },
        {
          "text": "das",
          "start": 11.84,
          "end": 12.08,
          "confidence": 0.844
        },
        {
          "text": "gewünscht",
          "start": 12.08,
          "end": 12.48,
          "confidence": 0.818
        },
        {
          "text": "hatte.",
          "start": 12.48,
          "end": 12.76,
          "confidence": 0.922
        }
      ]
    },
    {
      "id": 1,
      "seek": 1300,
      "start": 13.98,
      "end": 15.22,
      "text": " Das hat er als Meshale im Rätos.",
      "tokens": [
        50364,
        2846,
        2385,
        1189,
        3907,
        376,
        14935,
        1220,
        566,
        497,
        3628,
        329,
        13,
        51314
      ],
      "temperature": 0.0,
      "avg_logprob": -0.9505692799886067,
      "compression_ratio": 0.8048780487804879,
      "no_speech_prob": 0.044665463268756866,
      "confidence": 0.381,
      "words": [
        {
          "text": "Das",
          "start": 13.98,
          "end": 14.2,
          "confidence": 0.841
        },
        {
          "text": "hat",
          "start": 14.2,
          "end": 14.32,
          "confidence": 0.878
        },
        {
          "text": "er",
          "start": 14.32,
          "end": 14.46,
          "confidence": 0.606
        },
        {
          "text": "als",
          "start": 14.46,
          "end": 14.7,
          "confidence": 0.626
        },
        {
          "text": "Meshale",
          "start": 14.7,
          "end": 15.0,
          "confidence": 0.206
        },
        {
          "text": "im",
          "start": 15.0,
          "end": 15.04,
          "confidence": 0.101
        },
        {
          "text": "Rätos.",
          "start": 15.04,
          "end": 15.22,
          "confidence": 0.464
        }
      ]
    }
  ],
  "language": "de"
}