{
  "text": " Mohoo! Let's go with it again! Mohoo! Let's go with it again!",
  "segments": [
    {
      "id": 0,
      "seek": 0,
      "start": 0.42,
      "end": 2.8,
      "text": " Mohoo! Let's go with it again!",
      "tokens": [
        50363,
        337,
        1219,
        2238,
        0,
        3914,
        338,
        467,
        351,
        340,
        757,
        0,
        50513
      ],
      "temperature": 0.0,
      "avg_logprob": -0.8018474578857422,
      "compression_ratio": 0.7894736842105263,
      "no_speech_prob": 0.11800757050514221,
      "confidence": 0.496,
      "words": [
        {
          "text": "Mohoo!",
          "start": 0.42,
          "end": 1.36,
          "confidence": 0.271
        },
        {
          "text": "Let's",
          "start": 1.9,
          "end": 2.18,
          "confidence": 0.677
        },
        {
          "text": "go",
          "start": 2.18,
          "end": 2.32,
          "confidence": 0.915
        },
        {
          "text": "with",
          "start": 2.32,
          "end": 2.46,
          "confidence": 0.233
        },
        {
          "text": "it",
          "start": 2.46,
          "end": 2.56,
          "confidence": 0.933
        },
        {
          "text": "again!",
          "start": 2.56,
          "end": 2.8,
          "confidence": 0.996
        }
      ]
    },
    {
      "id": 1,
      "seek": 3000,
      "start": 32.98,
      "end": 35.44,
      "text": " Mohoo! Let's go with it again!",
      "tokens": [
        50363,
        337,
        1219,
        2238,
        0,
        3914,
        338,
        467,
        351,
        340,
        757,
        0,
        50663
      ],
      "temperature": 0.0,
      "avg_logprob": -0.19353563444955008,
      "compression_ratio": 0.7894736842105263,
      "no_speech_prob": 0.4543602466583252,
      "confidence": 0.952,
      "words": [
        {
          "text": "Mohoo!",
          "start": 32.98,
          "end": 34.02,
          "confidence": 0.896
        },
        {
          "text": "Let's",
          "start": 34.44,
          "end": 34.72,
          "confidence": 0.961
        },
        {
          "text": "go",
          "start": 34.72,
          "end": 34.84,
          "confidence": 0.99
        },
        {
          "text": "with",
          "start": 34.84,
          "end": 35.0,
          "confidence": 0.985
        },
        {
          "text": "it",
          "start": 35.0,
          "end": 35.1,
          "confidence": 0.991
        },
        {
          "text": "again!",
          "start": 35.1,
          "end": 35.44,
          "confidence": 0.998
        }
      ]
    }
  ],
  "language": "en"
}