{
  "text": " Mohoo! Let's go with it again! Mohoo! Let's go with it again!",
  "segments": [
    {
      "id": 0,
      "seek": 0,
      "start": 0.42,
      "end": 2.8,
      "text": " Mohoo! Let's go with it again!",
      "tokens": [
        50363,
        337,
        1219,
        2238,
        0,
        3914,
        338,
        467,
        351,
        340,
        757,
        0,
        50513
      ],
      "temperature": 0.0,
      "avg_logprob": -0.8018474578857422,
      "compression_ratio": 0.7894736842105263,
      "no_speech_prob": 0.11800757050514221,
      "confidence": 0.496,
      "words": [
        {
          "text": "Mohoo!",
          "start": 0.42,
          "end": 1.36,
          "confidence": 0.271
        },
        {
          "text": "Let's",
          "start": 1.9,
          "end": 2.18,
          "confidence": 0.677
        },
        {
          "text": "go",
          "start": 2.18,
          "end": 2.32,
          "confidence": 0.915
        },
        {
          "text": "with",
          "start": 2.32,
          "end": 2.46,
          "confidence": 0.233
        },
        {
          "text": "it",
          "start": 2.46,
          "end": 2.56,
          "confidence": 0.933
        },
        {
          "text": "again!",
          "start": 2.56,
          "end": 2.8,
          "confidence": 0.996
        }
      ]
    },
    {
      "id": 1,
      "seek": 3000,
      "start": 30.0,
      "end": 30.06,
      "text": " Mohoo!",
      "tokens": [
        50363,
        337,
        1219,
        2238,
        0,
        50413
      ],
      "temperature": 0.0,
      "avg_logprob": -0.8362894058227539,
      "compression_ratio": 0.7894736842105263,
      "no_speech_prob": 0.13507936894893646,
      "confidence": 0.306,
      "words": [
        {
          "text": "Mohoo!",
          "start": 30.0,
          "end": 30.06,
          "confidence": 0.306
        }
      ]
    },
    {
      "id": 2,
      "seek": 3000,
      "start": 34.38,
      "end": 35.36,
      "text": " Let's go with it again!",
      "tokens": [
        50413,
        3914,
        338,
        467,
        351,
        340,
        757,
        0,
        50613
      ],
      "temperature": 0.0,
      "avg_logprob": -0.8362894058227539,
      "compression_ratio": 0.7894736842105263,
      "no_speech_prob": 0.13507936894893646,
      "confidence": 0.847,
      "words": [
        {
          "text": "Let's",
          "start": 34.38,
          "end": 34.74,
          "confidence": 0.876
        },
        {
          "text": "go",
          "start": 34.74,
          "end": 34.86,
          "confidence": 0.959
        },
        {
          "text": "with",
          "start": 34.86,
          "end": 34.98,
          "confidence": 0.619
        },
        {
          "text": "it",
          "start": 34.98,
          "end": 35.1,
          "confidence": 0.813
        },
        {
          "text": "again!",
          "start": 35.1,
          "end": 35.36,
          "confidence": 0.997
        }
      ]
    }
  ],
  "language": "en"
}