{
  "text": " Bonjour! Est-ce que vous allez bien? Bonjour! Bonjour! Est-ce que vous allez bien?",
  "segments": [
    {
      "id": 0,
      "seek": 0,
      "start": 0.46,
      "end": 0.68,
      "text": " Bonjour!",
      "tokens": [
        25431,
        2298
      ],
      "temperature": 0.0,
      "avg_logprob": -0.7739177703857422,
      "compression_ratio": 0.8181818181818182,
      "no_speech_prob": 0.04250079020857811,
      "confidence": 0.69,
      "words": [
        {
          "text": "Bonjour!",
          "start": 0.46,
          "end": 0.68,
          "confidence": 0.69
        }
      ]
    },
    {
      "id": 1,
      "seek": 148,
      "start": 1.86,
      "end": 2.8,
      "text": " Est-ce que vous allez bien?",
      "tokens": [
        50364,
        4410,
        12,
        384,
        631,
        2630,
        18146,
        3610,
        2506,
        50464
      ],
      "temperature": 0.0,
      "avg_logprob": -0.4815776131369851,
      "compression_ratio": 0.7714285714285715,
      "no_speech_prob": 0.04176269844174385,
      "confidence": 0.632,
      "words": [
        {
          "text": "Est-ce",
          "start": 1.86,
          "end": 2.14,
          "confidence": 0.548
        },
        {
          "text": "que",
          "start": 2.14,
          "end": 2.18,
          "confidence": 0.848
        },
        {
          "text": "vous",
          "start": 2.18,
          "end": 2.34,
          "confidence": 0.993
        },
        {
          "text": "allez",
          "start": 2.34,
          "end": 2.48,
          "confidence": 0.298
        },
        {
          "text": "bien?",
          "start": 2.48,
          "end": 2.8,
          "confidence": 0.979
        }
      ]
    },
    {
      "id": 2,
      "seek": 3148,
      "start": 32.98,
      "end": 33.16,
      "text": " Bonjour!",
      "tokens": [
        25431,
        2298
      ],
      "temperature": 0.0,
      "avg_logprob": -0.34033950169881183,
      "compression_ratio": 0.8181818181818182,
      "no_speech_prob": 0.5495142936706543,
      "confidence": 0.919,
      "words": [
        {
          "text": "Bonjour!",
          "start": 32.98,
          "end": 33.16,
          "confidence": 0.919
        }
      ]
    },
    {
      "id": 3,
      "seek": 3348,
      "start": 34.4,
      "end": 34.61,
      "text": " Bonjour!",
      "tokens": [
        25431,
        2298
      ],
      "temperature": 0.0,
      "avg_logprob": -0.23644089698791504,
      "compression_ratio": 0.8181818181818182,
      "no_speech_prob": 0.40533149242401123,
      "confidence": 0.331,
      "words": [
        {
          "text": "Bonjour!",
          "start": 34.4,
          "end": 34.61,
          "confidence": 0.331
        }
      ]
    },
    {
      "id": 4,
      "seek": 3448,
      "start": 34.61,
      "end": 35.34,
      "text": " Est-ce que vous allez bien?",
      "tokens": [
        50364,
        4410,
        12,
        384,
        631,
        2630,
        18146,
        3610,
        2506,
        50464
      ],
      "temperature": 0.0,
      "avg_logprob": -0.17279924045909534,
      "compression_ratio": 0.7714285714285715,
      "no_speech_prob": 0.5867945551872253,
      "confidence": 0.871,
      "words": [
        {
          "text": "Est-ce",
          "start": 34.61,
          "end": 34.66,
          "confidence": 0.741
        },
        {
          "text": "que",
          "start": 34.66,
          "end": 34.72,
          "confidence": 0.979
        },
        {
          "text": "vous",
          "start": 34.72,
          "end": 34.86,
          "confidence": 0.999
        },
        {
          "text": "allez",
          "start": 34.86,
          "end": 35.0,
          "confidence": 0.959
        },
        {
          "text": "bien?",
          "start": 35.0,
          "end": 35.34,
          "confidence": 1.0
        }
      ]
    }
  ],
  "language": "fr"
}