{
  "text": " Bonjour !",
  "segments": [
    {
      "id": 0,
      "seek": 0,
      "start": 0.14,
      "end": 0.96,
      "text": " Bonjour !",
      "tokens": [
        50364,
        25431,
        2298,
        50414
      ],
      "temperature": 0.0,
      "avg_logprob": -0.698755931854248,
      "compression_ratio": 0.5294117647058824,
      "no_speech_prob": 0.019103480502963066,
      "confidence": 0.828,
      "words": [
        {
          "text": "Bonjour !",
          "start": 0.14,
          "end": 0.96,
          "confidence": 0.828
        }
      ]
    }
  ],
  "language": "fr"
}