{
  "text": " Je suis très très très très très très très très très très très très très très très très très très très très très très très très très très très très très très très très très très très très très très très très très très très très très très très très très très très très très très très très très très très très très très très très très très très très très très très très très très très très très très très très très très très très très très très très très très très très très très très très très très très très très très très très très très très très très très très très très très très très très très très très très très très très très très très très très très très très très très très très très très très très très très très très très très très très très très très très très très très très très très très très très très très très très très très très très très très très très très très très très très très très très très très très très très très très très très très très très très très très très très très très très très très très très très très très très très très très très très très très très très très très très",
  "segments": [
    {
      "id": 0,
      "seek": 0,
      "start": 1.34,
      "end": 29.98,
      "text": " Je suis très très très très très très très très très très très très très très très très très très très très très très très très très très très très très très très très très très très très très très très très très très très très très très très très très très très très très très très très très très très très très très très très très très très très très très très très très très très très très très très très très très très très très très très très très très très très très très très très très très très très très très très très très très très très très très très très très très très très très très très très très très très très très très très très très très très très très très très très très très très très très très très très très très très très très très très très très très très très très très très très très très très très très très très très très très très très très très très très très très très très très très très très très très très très très très très très très très très très très très très très très très très très très très très très très très très très très très très très très très très très très",
      "tokens": [
        50364,
        2588,
        7624,
        5732,
        5732,
        5732,
        5732,
        5732,
        5732,
        5732,
        5732,
        5732,
        5732,
        5732,
        5732,
        5732,
        5732,
        5732,
        5732,
        5732,
        5732,
        5732,
        5732,
        5732,
        5732,
        5732,
        5732,
        5732,
        5732,
        5732,
        5732,
        5732,
        5732,
        5732,
        5732,
        5732,
        5732,
        5732,
        5732,
        5732,
        5732,
        5732,
        5732,
        5732,
        5732,
        5732,
        5732,
        5732,
        5732,
        5732,
        5732,
        5732,
        5732,
        5732,
        5732,
        5732,
        5732,
        5732,
        5732,
        5732,
        5732,
        5732,
        5732,
        5732,
        5732,
        5732,
        5732,
        5732,
        5732,
        5732,
        5732,
        5732,
        5732,
        5732,
        5732,
        5732,
        5732,
        5732,
        5732,
        5732,
        5732,
        5732,
        5732,
        5732,
        5732,
        5732,
        5732,
        5732,
        5732,
        5732,
        5732,
        5732,
        5732,
        5732,
        5732,
        5732,
        5732,
        5732,
        5732,
        5732,
        5732,
        5732,
        5732,
        5732,
        5732,
        5732,
        5732,
        5732,
        5732,
        5732,
        5732,
        5732,
        5732,
        5732,
        5732,
        5732,
        5732,
        5732,
        5732,
        5732,
        5732,
        5732,
        5732,
        5732,
        5732,
        5732,
        5732,
        5732,
        5732,
        5732,
        5732,
        5732,
        5732,
        5732,
        5732,
        5732,
        5732,
        5732,
        5732,
        5732,
        5732,
        5732,
        5732,
        5732,
        5732,
        5732,
        5732,
        5732,
        5732,
        5732,
        5732,
        5732,
        5732,
        5732,
        5732,
        5732,
        5732,
        5732,
        5732,
        5732,
        5732,
        5732,
        5732,
        5732,
        5732,
        5732,
        5732,
        5732,
        5732,
        5732,
        5732,
        5732,
        5732,
        5732,
        5732,
        5732,
        5732,
        5732,
        5732,
        5732,
        5732,
        5732,
        5732,
        5732,
        5732,
        5732,
        5732,
        5732,
        5732,
        5732,
        5732,
        5732,
        5732,
        5732,
        5732,
        5732,
        5732,
        5732,
        5732,
        5732,
        5732,
        5732,
        5732,
        5732,
        5732,
        5732,
        5732,
        5732,
        5732,
        5732,
        5732,
        5732,
        5732,
        5732,
        5732,
        5732,
        5732,
        5732,
        5732,
        5732,
        5732,
        5732,
        5732,
        5732
      ],
      "temperature": 0.0,
      "avg_logprob": -0.3068582153320312,
      "compression_ratio": 43.0,
      "no_speech_prob": 0.11139103770256042,
      "confidence": 0.735,
      "words": [
        {
          "text": "Je",
          "start": 1.34,
          "end": 5.76,
          "confidence": 0.043
        },
        {
          "text": "suis",
          "start": 5.76,
          "end": 5.92,
          "confidence": 0.155
        },
        {
          "text": "très",
          "start": 5.92,
          "end": 6.2,
          "confidence": 0.052
        },
        {
          "text": "très",
          "start": 6.2,
          "end": 10.56,
          "confidence": 0.107
        },
        {
          "text": "très",
          "start": 10.56,
          "end": 11.22,
          "confidence": 0.16
        },
        {
          "text": "très",
          "start": 11.22,
          "end": 11.34,
          "confidence": 0.186
        },
        {
          "text": "très",
          "start": 11.34,
          "end": 11.36,
          "confidence": 0.2
        },
        {
          "text": "très",
          "start": 11.36,
          "end": 11.38,
          "confidence": 0.229
        },
        {
          "text": "très",
          "start": 11.38,
          "end": 11.4,
          "confidence": 0.257
        },
        {
          "text": "très",
          "start": 11.4,
          "end": 11.42,
          "confidence": 0.283
        },
        {
          "text": "très",
          "start": 11.42,
          "end": 11.44,
          "confidence": 0.322
        },
        {
          "text": "très",
          "start": 11.44,
          "end": 11.46,
          "confidence": 0.382
        },
        {
          "text": "très",
          "start": 11.46,
          "end": 11.48,
          "confidence": 0.458
        },
        {
          "text": "très",
          "start": 11.48,
          "end": 11.5,
          "confidence": 0.537
        },
        {
          "text": "très",
          "start": 11.5,
          "end": 11.52,
          "confidence": 0.592
        },
        {
          "text": "très",
          "start": 11.52,
          "end": 11.54,
          "confidence": 0.634
        },
        {
          "text": "très",
          "start": 11.54,
          "end": 11.56,
          "confidence": 0.67
        },
        {
          "text": "très",
          "start": 11.56,
          "end": 11.58,
          "confidence": 0.689
        },
        {
          "text": "très",
          "start": 11.58,
          "end": 11.6,
          "confidence": 0.702
        },
        {
          "text": "très",
          "start": 11.6,
          "end": 11.62,
          "confidence": 0.719
        },
        {
          "text": "très",
          "start": 11.62,
          "end": 11.64,
          "confidence": 0.722
        },
        {
          "text": "très",
          "start": 11.64,
          "end": 11.66,
          "confidence": 0.734
        },
        {
          "text": "très",
          "start": 11.66,
          "end": 11.68,
          "confidence": 0.74
        },
        {
          "text": "très",
          "start": 11.68,
          "end": 11.7,
          "confidence": 0.749
        },
        {
          "text": "très",
          "start": 11.7,
          "end": 11.72,
          "confidence": 0.753
        },
        {
          "text": "très",
          "start": 11.72,
          "end": 11.74,
          "confidence": 0.75
        },
        {
          "text": "très",
          "start": 11.74,
          "end": 11.76,
          "confidence": 0.753
        },
        {
          "text": "très",
          "start": 11.76,
          "end": 11.78,
          "confidence": 0.756
        },
        {
          "text": "très",
          "start": 11.78,
          "end": 11.8,
          "confidence": 0.76
        },
        {
          "text": "très",
          "start": 11.8,
          "end": 11.82,
          "confidence": 0.76
        },
        {
          "text": "très",
          "start": 11.82,
          "end": 11.84,
          "confidence": 0.76
        },
        {
          "text": "très",
          "start": 11.84,
          "end": 11.86,
          "confidence": 0.766
        },
        {
          "text": "très",
          "start": 11.86,
          "end": 11.88,
          "confidence": 0.769
        },
        {
          "text": "très",
          "start": 11.88,
          "end": 11.9,
          "confidence": 0.768
        },
        {
          "text": "très",
          "start": 11.9,
          "end": 11.92,
          "confidence": 0.768
        },
        {
          "text": "très",
          "start": 11.92,
          "end": 11.94,
          "confidence": 0.769
        },
        {
          "text": "très",
          "start": 11.94,
          "end": 11.96,
          "confidence": 0.773
        },
        {
          "text": "très",
          "start": 11.96,
          "end": 11.98,
          "confidence": 0.775
        },
        {
          "text": "très",
          "start": 11.98,
          "end": 12.0,
          "confidence": 0.776
        },
        {
          "text": "très",
          "start": 12.0,
          "end": 12.02,
          "confidence": 0.776
        },
        {
          "text": "très",
          "start": 12.02,
          "end": 12.8,
          "confidence": 0.78
        },
        {
          "text": "très",
          "start": 12.8,
          "end": 13.64,
          "confidence": 0.783
        },
        {
          "text": "très",
          "start": 13.64,
          "end": 13.7,
          "confidence": 0.785
        },
        {
          "text": "très",
          "start": 13.7,
          "end": 14.74,
          "confidence": 0.782
        },
        {
          "text": "très",
          "start": 14.74,
          "end": 14.76,
          "confidence": 0.78
        },
        {
          "text": "très",
          "start": 14.76,
          "end": 14.96,
          "confidence": 0.782
        },
        {
          "text": "très",
          "start": 14.96,
          "end": 14.98,
          "confidence": 0.783
        },
        {
          "text": "très",
          "start": 14.98,
          "end": 15.32,
          "confidence": 0.786
        },
        {
          "text": "très",
          "start": 15.32,
          "end": 15.94,
          "confidence": 0.786
        },
        {
          "text": "très",
          "start": 15.94,
          "end": 15.96,
          "confidence": 0.787
        },
        {
          "text": "très",
          "start": 15.96,
          "end": 15.98,
          "confidence": 0.791
        },
        {
          "text": "très",
          "start": 15.98,
          "end": 16.0,
          "confidence": 0.791
        },
        {
          "text": "très",
          "start": 16.0,
          "end": 16.02,
          "confidence": 0.787
        },
        {
          "text": "très",
          "start": 16.02,
          "end": 16.04,
          "confidence": 0.788
        },
        {
          "text": "très",
          "start": 16.04,
          "end": 16.06,
          "confidence": 0.786
        },
        {
          "text": "très",
          "start": 16.06,
          "end": 17.54,
          "confidence": 0.794
        },
        {
          "text": "très",
          "start": 17.54,
          "end": 17.56,
          "confidence": 0.791
        },
        {
          "text": "très",
          "start": 17.56,
          "end": 17.58,
          "confidence": 0.794
        },
        {
          "text": "très",
          "start": 17.58,
          "end": 17.6,
          "confidence": 0.793
        },
        {
          "text": "très",
          "start": 17.6,
          "end": 17.62,
          "confidence": 0.797
        },
        {
          "text": "très",
          "start": 17.62,
          "end": 17.64,
          "confidence": 0.796
        },
        {
          "text": "très",
          "start": 17.64,
          "end": 17.66,
          "confidence": 0.797
        },
        {
          "text": "très",
          "start": 17.66,
          "end": 17.68,
          "confidence": 0.796
        },
        {
          "text": "très",
          "start": 17.68,
          "end": 17.7,
          "confidence": 0.798
        },
        {
          "text": "très",
          "start": 17.7,
          "end": 17.72,
          "confidence": 0.801
        },
        {
          "text": "très",
          "start": 17.72,
          "end": 17.74,
          "confidence": 0.804
        },
        {
          "text": "très",
          "start": 17.74,
          "end": 17.76,
          "confidence": 0.804
        },
        {
          "text": "très",
          "start": 17.76,
          "end": 17.78,
          "confidence": 0.802
        },
        {
          "text": "très",
          "start": 17.78,
          "end": 17.8,
          "confidence": 0.805
        },
        {
          "text": "très",
          "start": 17.8,
          "end": 17.82,
          "confidence": 0.806
        },
        {
          "text": "très",
          "start": 17.82,
          "end": 17.84,
          "confidence": 0.808
        },
        {
          "text": "très",
          "start": 17.84,
          "end": 17.86,
          "confidence": 0.812
        },
        {
          "text": "très",
          "start": 17.86,
          "end": 17.88,
          "confidence": 0.815
        },
        {
          "text": "très",
          "start": 17.88,
          "end": 17.9,
          "confidence": 0.818
        },
        {
          "text": "très",
          "start": 17.9,
          "end": 17.92,
          "confidence": 0.819
        },
        {
          "text": "très",
          "start": 17.92,
          "end": 17.94,
          "confidence": 0.821
        },
        {
          "text": "très",
          "start": 17.94,
          "end": 17.96,
          "confidence": 0.824
        },
        {
          "text": "très",
          "start": 17.96,
          "end": 17.98,
          "confidence": 0.824
        },
        {
          "text": "très",
          "start": 17.98,
          "end": 19.34,
          "confidence": 0.826
        },
        {
          "text": "très",
          "start": 19.34,
          "end": 19.36,
          "confidence": 0.828
        },
        {
          "text": "très",
          "start": 19.36,
          "end": 19.38,
          "confidence": 0.835
        },
        {
          "text": "très",
          "start": 19.38,
          "end": 19.4,
          "confidence": 0.836
        },
        {
          "text": "très",
          "start": 19.4,
          "end": 19.42,
          "confidence": 0.839
        },
        {
          "text": "très",
          "start": 19.42,
          "end": 19.44,
          "confidence": 0.839
        },
        {
          "text": "très",
          "start": 19.44,
          "end": 19.46,
          "confidence": 0.841
        },
        {
          "text": "très",
          "start": 19.46,
          "end": 19.48,
          "confidence": 0.841
        },
        {
          "text": "très",
          "start": 19.48,
          "end": 19.5,
          "confidence": 0.843
        },
        {
          "text": "très",
          "start": 19.5,
          "end": 19.52,
          "confidence": 0.845
        },
        {
          "text": "très",
          "start": 19.52,
          "end": 19.54,
          "confidence": 0.849
        },
        {
          "text": "très",
          "start": 19.54,
          "end": 19.56,
          "confidence": 0.848
        },
        {
          "text": "très",
          "start": 19.56,
          "end": 19.58,
          "confidence": 0.848
        },
        {
          "text": "très",
          "start": 19.58,
          "end": 19.6,
          "confidence": 0.849
        },
        {
          "text": "très",
          "start": 19.6,
          "end": 19.62,
          "confidence": 0.852
        },
        {
          "text": "très",
          "start": 19.62,
          "end": 19.64,
          "confidence": 0.851
        },
        {
          "text": "très",
          "start": 19.64,
          "end": 20.06,
          "confidence": 0.853
        },
        {
          "text": "très",
          "start": 20.06,
          "end": 20.56,
          "confidence": 0.854
        },
        {
          "text": "très",
          "start": 20.56,
          "end": 20.58,
          "confidence": 0.854
        },
        {
          "text": "très",
          "start": 20.58,
          "end": 20.6,
          "confidence": 0.856
        },
        {
          "text": "très",
          "start": 20.6,
          "end": 20.62,
          "confidence": 0.857
        },
        {
          "text": "très",
          "start": 20.62,
          "end": 20.64,
          "confidence": 0.857
        },
        {
          "text": "très",
          "start": 20.64,
          "end": 20.66,
          "confidence": 0.86
        },
        {
          "text": "très",
          "start": 20.66,
          "end": 20.68,
          "confidence": 0.857
        },
        {
          "text": "très",
          "start": 20.68,
          "end": 20.7,
          "confidence": 0.86
        },
        {
          "text": "très",
          "start": 20.7,
          "end": 20.72,
          "confidence": 0.862
        },
        {
          "text": "très",
          "start": 20.72,
          "end": 20.74,
          "confidence": 0.865
        },
        {
          "text": "très",
          "start": 20.74,
          "end": 20.76,
          "confidence": 0.866
        },
        {
          "text": "très",
          "start": 20.76,
          "end": 20.78,
          "confidence": 0.866
        },
        {
          "text": "très",
          "start": 20.78,
          "end": 20.8,
          "confidence": 0.867
        },
        {
          "text": "très",
          "start": 20.8,
          "end": 20.82,
          "confidence": 0.863
        },
        {
          "text": "très",
          "start": 20.82,
          "end": 20.84,
          "confidence": 0.863
        },
        {
          "text": "très",
          "start": 20.84,
          "end": 20.86,
          "confidence": 0.864
        },
        {
          "text": "très",
          "start": 20.86,
          "end": 20.88,
          "confidence": 0.863
        },
        {
          "text": "très",
          "start": 20.88,
          "end": 20.9,
          "confidence": 0.863
        },
        {
          "text": "très",
          "start": 20.9,
          "end": 20.92,
          "confidence": 0.861
        },
        {
          "text": "très",
          "start": 20.92,
          "end": 20.94,
          "confidence": 0.863
        },
        {
          "text": "très",
          "start": 20.94,
          "end": 20.96,
          "confidence": 0.863
        },
        {
          "text": "très",
          "start": 20.96,
          "end": 20.98,
          "confidence": 0.858
        },
        {
          "text": "très",
          "start": 20.98,
          "end": 21.0,
          "confidence": 0.856
        },
        {
          "text": "très",
          "start": 21.0,
          "end": 21.02,
          "confidence": 0.858
        },
        {
          "text": "très",
          "start": 21.02,
          "end": 21.04,
          "confidence": 0.857
        },
        {
          "text": "très",
          "start": 21.04,
          "end": 21.06,
          "confidence": 0.852
        },
        {
          "text": "très",
          "start": 21.06,
          "end": 21.08,
          "confidence": 0.851
        },
        {
          "text": "très",
          "start": 21.08,
          "end": 21.1,
          "confidence": 0.852
        },
        {
          "text": "très",
          "start": 21.1,
          "end": 21.12,
          "confidence": 0.852
        },
        {
          "text": "très",
          "start": 21.12,
          "end": 21.14,
          "confidence": 0.853
        },
        {
          "text": "très",
          "start": 21.14,
          "end": 21.16,
          "confidence": 0.848
        },
        {
          "text": "très",
          "start": 21.16,
          "end": 21.18,
          "confidence": 0.849
        },
        {
          "text": "très",
          "start": 21.18,
          "end": 21.2,
          "confidence": 0.85
        },
        {
          "text": "très",
          "start": 21.2,
          "end": 21.22,
          "confidence": 0.844
        },
        {
          "text": "très",
          "start": 21.22,
          "end": 21.24,
          "confidence": 0.849
        },
        {
          "text": "très",
          "start": 21.24,
          "end": 21.26,
          "confidence": 0.85
        },
        {
          "text": "très",
          "start": 21.26,
          "end": 21.28,
          "confidence": 0.851
        },
        {
          "text": "très",
          "start": 21.28,
          "end": 21.3,
          "confidence": 0.85
        },
        {
          "text": "très",
          "start": 21.3,
          "end": 21.32,
          "confidence": 0.847
        },
        {
          "text": "très",
          "start": 21.32,
          "end": 21.34,
          "confidence": 0.846
        },
        {
          "text": "très",
          "start": 21.34,
          "end": 21.36,
          "confidence": 0.843
        },
        {
          "text": "très",
          "start": 21.36,
          "end": 21.38,
          "confidence": 0.844
        },
        {
          "text": "très",
          "start": 21.38,
          "end": 21.4,
          "confidence": 0.846
        },
        {
          "text": "très",
          "start": 21.4,
          "end": 21.42,
          "confidence": 0.838
        },
        {
          "text": "très",
          "start": 21.42,
          "end": 21.44,
          "confidence": 0.842
        },
        {
          "text": "très",
          "start": 21.44,
          "end": 21.46,
          "confidence": 0.84
        },
        {
          "text": "très",
          "start": 21.46,
          "end": 21.48,
          "confidence": 0.844
        },
        {
          "text": "très",
          "start": 21.48,
          "end": 21.5,
          "confidence": 0.84
        },
        {
          "text": "très",
          "start": 21.5,
          "end": 21.52,
          "confidence": 0.834
        },
        {
          "text": "très",
          "start": 21.52,
          "end": 21.54,
          "confidence": 0.826
        },
        {
          "text": "très",
          "start": 21.54,
          "end": 21.56,
          "confidence": 0.824
        },
        {
          "text": "très",
          "start": 21.56,
          "end": 21.58,
          "confidence": 0.822
        },
        {
          "text": "très",
          "start": 21.58,
          "end": 21.6,
          "confidence": 0.822
        },
        {
          "text": "très",
          "start": 21.6,
          "end": 21.62,
          "confidence": 0.823
        },
        {
          "text": "très",
          "start": 21.62,
          "end": 21.64,
          "confidence": 0.82
        },
        {
          "text": "très",
          "start": 21.64,
          "end": 21.66,
          "confidence": 0.826
        },
        {
          "text": "très",
          "start": 21.66,
          "end": 21.68,
          "confidence": 0.82
        },
        {
          "text": "très",
          "start": 21.68,
          "end": 21.7,
          "confidence": 0.817
        },
        {
          "text": "très",
          "start": 21.7,
          "end": 21.72,
          "confidence": 0.815
        },
        {
          "text": "très",
          "start": 21.72,
          "end": 21.74,
          "confidence": 0.816
        },
        {
          "text": "très",
          "start": 21.74,
          "end": 21.76,
          "confidence": 0.818
        },
        {
          "text": "très",
          "start": 21.76,
          "end": 21.78,
          "confidence": 0.812
        },
        {
          "text": "très",
          "start": 21.78,
          "end": 21.8,
          "confidence": 0.82
        },
        {
          "text": "très",
          "start": 21.8,
          "end": 21.82,
          "confidence": 0.811
        },
        {
          "text": "très",
          "start": 21.82,
          "end": 21.84,
          "confidence": 0.814
        },
        {
          "text": "très",
          "start": 21.84,
          "end": 21.86,
          "confidence": 0.82
        },
        {
          "text": "très",
          "start": 21.86,
          "end": 21.88,
          "confidence": 0.811
        },
        {
          "text": "très",
          "start": 21.88,
          "end": 21.9,
          "confidence": 0.816
        },
        {
          "text": "très",
          "start": 21.9,
          "end": 21.92,
          "confidence": 0.813
        },
        {
          "text": "très",
          "start": 21.92,
          "end": 21.94,
          "confidence": 0.811
        },
        {
          "text": "très",
          "start": 21.94,
          "end": 21.96,
          "confidence": 0.809
        },
        {
          "text": "très",
          "start": 21.96,
          "end": 21.98,
          "confidence": 0.802
        },
        {
          "text": "très",
          "start": 21.98,
          "end": 22.0,
          "confidence": 0.802
        },
        {
          "text": "très",
          "start": 22.0,
          "end": 22.02,
          "confidence": 0.799
        },
        {
          "text": "très",
          "start": 22.02,
          "end": 22.04,
          "confidence": 0.793
        },
        {
          "text": "très",
          "start": 22.04,
          "end": 22.06,
          "confidence": 0.801
        },
        {
          "text": "très",
          "start": 22.06,
          "end": 22.08,
          "confidence": 0.784
        },
        {
          "text": "très",
          "start": 22.08,
          "end": 22.1,
          "confidence": 0.78
        },
        {
          "text": "très",
          "start": 22.1,
          "end": 22.12,
          "confidence": 0.784
        },
        {
          "text": "très",
          "start": 22.12,
          "end": 22.14,
          "confidence": 0.783
        },
        {
          "text": "très",
          "start": 22.14,
          "end": 22.16,
          "confidence": 0.777
        },
        {
          "text": "très",
          "start": 22.16,
          "end": 22.18,
          "confidence": 0.778
        },
        {
          "text": "très",
          "start": 22.18,
          "end": 22.2,
          "confidence": 0.788
        },
        {
          "text": "très",
          "start": 22.2,
          "end": 22.22,
          "confidence": 0.789
        },
        {
          "text": "très",
          "start": 22.22,
          "end": 22.24,
          "confidence": 0.788
        },
        {
          "text": "très",
          "start": 22.24,
          "end": 22.26,
          "confidence": 0.789
        },
        {
          "text": "très",
          "start": 22.26,
          "end": 22.28,
          "confidence": 0.786
        },
        {
          "text": "très",
          "start": 22.28,
          "end": 22.3,
          "confidence": 0.778
        },
        {
          "text": "très",
          "start": 22.3,
          "end": 22.32,
          "confidence": 0.784
        },
        {
          "text": "très",
          "start": 22.32,
          "end": 22.34,
          "confidence": 0.793
        },
        {
          "text": "très",
          "start": 22.34,
          "end": 22.36,
          "confidence": 0.792
        },
        {
          "text": "très",
          "start": 22.36,
          "end": 22.38,
          "confidence": 0.781
        },
        {
          "text": "très",
          "start": 22.38,
          "end": 22.4,
          "confidence": 0.788
        },
        {
          "text": "très",
          "start": 22.4,
          "end": 22.42,
          "confidence": 0.786
        },
        {
          "text": "très",
          "start": 22.42,
          "end": 22.44,
          "confidence": 0.783
        },
        {
          "text": "très",
          "start": 22.44,
          "end": 22.46,
          "confidence": 0.781
        },
        {
          "text": "très",
          "start": 22.46,
          "end": 22.48,
          "confidence": 0.786
        },
        {
          "text": "très",
          "start": 22.48,
          "end": 22.5,
          "confidence": 0.775
        },
        {
          "text": "très",
          "start": 22.5,
          "end": 22.52,
          "confidence": 0.778
        },
        {
          "text": "très",
          "start": 22.52,
          "end": 22.54,
          "confidence": 0.777
        },
        {
          "text": "très",
          "start": 22.54,
          "end": 22.56,
          "confidence": 0.769
        },
        {
          "text": "très",
          "start": 22.56,
          "end": 22.58,
          "confidence": 0.769
        },
        {
          "text": "très",
          "start": 22.58,
          "end": 22.6,
          "confidence": 0.768
        },
        {
          "text": "très",
          "start": 22.6,
          "end": 22.62,
          "confidence": 0.774
        },
        {
          "text": "très",
          "start": 22.62,
          "end": 22.64,
          "confidence": 0.763
        },
        {
          "text": "très",
          "start": 22.64,
          "end": 22.66,
          "confidence": 0.769
        },
        {
          "text": "très",
          "start": 22.66,
          "end": 22.68,
          "confidence": 0.761
        },
        {
          "text": "très",
          "start": 22.68,
          "end": 22.7,
          "confidence": 0.771
        },
        {
          "text": "très",
          "start": 22.7,
          "end": 22.72,
          "confidence": 0.765
        },
        {
          "text": "très",
          "start": 22.72,
          "end": 22.74,
          "confidence": 0.762
        },
        {
          "text": "très",
          "start": 22.74,
          "end": 22.76,
          "confidence": 0.773
        },
        {
          "text": "très",
          "start": 22.76,
          "end": 22.78,
          "confidence": 0.773
        },
        {
          "text": "très",
          "start": 22.78,
          "end": 22.8,
          "confidence": 0.767
        },
        {
          "text": "très",
          "start": 22.8,
          "end": 22.82,
          "confidence": 0.763
        },
        {
          "text": "très",
          "start": 22.82,
          "end": 22.84,
          "confidence": 0.756
        },
        {
          "text": "très",
          "start": 22.84,
          "end": 22.86,
          "confidence": 0.766
        },
        {
          "text": "très",
          "start": 22.86,
          "end": 22.88,
          "confidence": 0.766
        },
        {
          "text": "très",
          "start": 22.88,
          "end": 22.9,
          "confidence": 0.758
        },
        {
          "text": "très",
          "start": 22.9,
          "end": 22.92,
          "confidence": 0.767
        },
        {
          "text": "très",
          "start": 22.92,
          "end": 23.04,
          "confidence": 0.763
        },
        {
          "text": "très",
          "start": 23.04,
          "end": 23.06,
          "confidence": 0.765
        },
        {
          "text": "très",
          "start": 23.06,
          "end": 23.08,
          "confidence": 0.777
        },
        {
          "text": "très",
          "start": 23.08,
          "end": 23.1,
          "confidence": 0.785
        },
        {
          "text": "très",
          "start": 23.1,
          "end": 23.5,
          "confidence": 0.782
        },
        {
          "text": "très",
          "start": 23.5,
          "end": 23.52,
          "confidence": 0.793
        },
        {
          "text": "très",
          "start": 23.52,
          "end": 23.54,
          "confidence": 0.822
        },
        {
          "text": "très",
          "start": 23.54,
          "end": 26.68,
          "confidence": 0.791
        },
        {
          "text": "très",
          "start": 26.68,
          "end": 29.98,
          "confidence": 0.776
        }
      ]
    }
  ],
  "language": "fr"
}