{
  "text": " Je vais vous donner un peu de temps.",
  "segments": [
    {
      "id": 0,
      "seek": 0,
      "start": 0.18,
      "end": 1.72,
      "text": " Je vais vous donner un peu de temps.",
      "tokens": [
        50364,
        2588,
        9369,
        2630,
        20882,
        517,
        5604,
        368,
        8827,
        13,
        50464
      ],
      "temperature": 0.0,
      "avg_logprob": -1.8613629341125488,
      "compression_ratio": 0.8181818181818182,
      "no_speech_prob": 0.4177960157394409,
      "confidence": 0.103,
      "words": [
        {
          "text": "Je",
          "start": 0.18,
          "end": 0.82,
          "confidence": 0.067
        },
        {
          "text": "vais",
          "start": 0.82,
          "end": 1.04,
          "confidence": 0.128
        },
        {
          "text": "vous",
          "start": 1.04,
          "end": 1.06,
          "confidence": 0.074
        },
        {
          "text": "donner",
          "start": 1.06,
          "end": 1.26,
          "confidence": 0.048
        },
        {
          "text": "un",
          "start": 1.26,
          "end": 1.66,
          "confidence": 0.143
        },
        {
          "text": "peu",
          "start": 1.66,
          "end": 1.68,
          "confidence": 0.091
        },
        {
          "text": "de",
          "start": 1.68,
          "end": 1.7,
          "confidence": 0.625
        },
        {
          "text": "temps.",
          "start": 1.7,
          "end": 1.72,
          "confidence": 0.053
        }
      ]
    }
  ],
  "language": "fr"
}