{
  "text": " ... ... ... ...",
  "segments": [
    {
      "id": 0,
      "seek": 0,
      "start": 0.44,
      "end": 1.46,
      "text": " ...",
      "tokens": [
        50364,
        1097,
        50614
      ],
      "temperature": 0.0,
      "avg_logprob": -1.420121431350708,
      "compression_ratio": 0.2727272727272727,
      "no_speech_prob": 0.5095687508583069,
      "confidence": 0.224,
      "words": [
        {
          "text": "...",
          "start": 0.44,
          "end": 1.46,
          "confidence": 0.224
        }
      ]
    },
    {
      "id": 1,
      "seek": 6000,
      "start": 60.0,
      "end": 69.42,
      "text": " ...",
      "tokens": [
        50364,
        1097,
        51714
      ],
      "temperature": 0.0,
      "avg_logprob": -0.965411365032196,
      "compression_ratio": 0.2727272727272727,
      "no_speech_prob": 0.878373384475708,
      "confidence": 0.464,
      "words": [
        {
          "text": "...",
          "start": 60.0,
          "end": 69.42,
          "confidence": 0.464
        }
      ]
    },
    {
      "id": 2,
      "seek": 9000,
      "start": 105.48,
      "end": 105.5,
      "text": " ...",
      "tokens": [
        50364,
        1097,
        51114
      ],
      "temperature": 0.0,
      "avg_logprob": -0.822394847869873,
      "compression_ratio": 0.2727272727272727,
      "no_speech_prob": 0.6408223509788513,
      "confidence": 0.841,
      "words": [
        {
          "text": "...",
          "start": 105.48,
          "end": 105.5,
          "confidence": 0.841
        }
      ]
    },
    {
      "id": 3,
      "seek": 10500,
      "start": 106.84,
      "end": 108.62,
      "text": " ...",
      "tokens": [
        50414,
        1097,
        50864
      ],
      "temperature": 0.0,
      "avg_logprob": -0.9275697469711304,
      "compression_ratio": 0.2727272727272727,
      "no_speech_prob": 0.8346357345581055,
      "confidence": 0.469,
      "words": [
        {
          "text": "...",
          "start": 106.84,
          "end": 108.62,
          "confidence": 0.469
        }
      ]
    }
  ],
  "language": "fr"
}