Detecting language using up to the first 30 seconds. Use `--language` to specify the language
Detected language: French
[00:00.120 --> 00:00.640] Bonjour.
