[00:00.760 --> 00:01.480] settlement,
[00:02.920 --> 00:03.660] Kentucky,
[00:05.760 --> 00:06.260] causing
[00:07.850 --> 00:08.940] damage,
[00:10.840 --> 00:11.700] president,
[00:14.190 --> 00:14.770] expansion,
[00:17.130 --> 00:17.750] hospital,
[00:21.200 --> 00:21.380] devastated.
