[00:00.750 --> 00:01.470] settlement,
[00:02.950 --> 00:03.670] Kentucky,
[00:05.770 --> 00:06.290] causing
[00:07.900 --> 00:08.950] damage,
[00:10.900 --> 00:11.700] President,
[00:14.200 --> 00:14.780] expansion,
[00:17.120 --> 00:17.760] hospital,
[00:20.730 --> 00:21.290] devastated.
