[00:00.760 --> 00:01.480] settlement,
[00:02.890 --> 00:03.670] Kentucky,
[00:05.710 --> 00:06.270] causing
[00:07.850 --> 00:08.930] damage,
[00:10.940 --> 00:11.700] president,
[00:14.200 --> 00:14.780] expansion,
[00:17.120 --> 00:17.780] hospital,
[00:20.140 --> 00:21.380] devastated.
