[00:00.460 --> 00:00.680] Bonjour!
[00:01.860 --> 00:02.140] Est-ce
[00:02.140 --> 00:02.180] que
[00:02.180 --> 00:02.340] vous
[00:02.340 --> 00:02.480] allez
[00:02.480 --> 00:02.800] bien?
[00:32.980 --> 00:33.160] Bonjour!
[00:34.400 --> 00:34.610] Bonjour!
[00:34.610 --> 00:34.660] Est-ce
[00:34.660 --> 00:34.720] que
[00:34.720 --> 00:34.860] vous
[00:34.860 --> 00:35.000] allez
[00:35.000 --> 00:35.340] bien?
