[00:00.460 --> 00:00.780] Боже
[00:00.780 --> 00:01.980] улыл!
[00:02.020 --> 00:02.260] Таков
[00:02.260 --> 00:02.400] уже
[00:02.400 --> 00:02.460] на
[00:02.460 --> 00:02.800] меня!
[00:32.980 --> 00:33.280] Боже
[00:33.280 --> 00:33.800] улыл!
[00:34.400 --> 00:34.800] Эскому
[00:34.800 --> 00:34.960] за
[00:34.960 --> 00:35.260] меня!
