{
  "text": " Bonjour ! Est-ce que vous allez bien ? Bonjour ! Est-ce que vous allez bien ?",
  "segments": [
    {
      "id": 0,
      "seek": 0,
      "start": 0.42,
      "end": 3.46,
      "text": " Bonjour ! Est-ce que vous allez bien ?",
      "tokens": [
        50364,
        25431,
        2298,
        4410,
        12,
        384,
        631,
        2630,
        18146,
        3610,
        2506,
        50564
      ],
      "temperature": 0.0,
      "avg_logprob": -0.36153463216928333,
      "compression_ratio": 0.8260869565217391,
      "no_speech_prob": 0.07168596982955933,
      "confidence": 0.937,
      "words": [
        {
          "text": "Bonjour !",
          "start": 0.42,
          "end": 1.92,
          "confidence": 0.874
        },
        {
          "text": "Est-ce",
          "start": 1.92,
          "end": 2.16,
          "confidence": 0.886
        },
        {
          "text": "que",
          "start": 2.16,
          "end": 2.24,
          "confidence": 0.987
        },
        {
          "text": "vous",
          "start": 2.24,
          "end": 2.38,
          "confidence": 0.996
        },
        {
          "text": "allez",
          "start": 2.38,
          "end": 2.58,
          "confidence": 0.99
        },
        {
          "text": "bien ?",
          "start": 2.58,
          "end": 3.46,
          "confidence": 0.999
        }
      ]
    },
    {
      "id": 1,
      "seek": 3000,
      "start": 32.94,
      "end": 35.86,
      "text": " Bonjour ! Est-ce que vous allez bien ?",
      "tokens": [
        50364,
        25431,
        2298,
        4410,
        12,
        384,
        631,
        2630,
        18146,
        3610,
        2506,
        50664
      ],
      "temperature": 0.0,
      "avg_logprob": -0.3062671698056735,
      "compression_ratio": 0.8260869565217391,
      "no_speech_prob": 0.40451109409332275,
      "confidence": 0.933,
      "words": [
        {
          "text": "Bonjour !",
          "start": 32.94,
          "end": 34.44,
          "confidence": 0.741
        },
        {
          "text": "Est-ce",
          "start": 34.44,
          "end": 34.7,
          "confidence": 0.921
        },
        {
          "text": "que",
          "start": 34.7,
          "end": 34.76,
          "confidence": 0.996
        },
        {
          "text": "vous",
          "start": 34.76,
          "end": 34.9,
          "confidence": 0.998
        },
        {
          "text": "allez",
          "start": 34.9,
          "end": 35.1,
          "confidence": 0.997
        },
        {
          "text": "bien ?",
          "start": 35.1,
          "end": 35.86,
          "confidence": 0.999
        }
      ]
    }
  ],
  "language": "fr",
  "language_probs": {
    "en": 0.06090075522661209,
    "zh": 0.003714969614520669,
    "de": 0.005753857549279928,
    "es": 0.007160791661590338,
    "ru": 0.0019884801004081964,
    "ko": 0.002675792435184121,
    "fr": 0.7536066174507141,
    "ja": 0.002848366042599082,
    "pt": 0.004921535030007362,
    "tr": 0.000999870477244258,
    "pl": 0.0036573747638612986,
    "ca": 2.107844193233177e-05,
    "nl": 0.002848366042599082,
    "ar": 0.0026343080680817366,
    "sv": 0.0002567879855632782,
    "it": 0.0036573747638612986,
    "id": 0.00012320821406319737,
    "hi": 0.0004168080340605229,
    "fi": 8.467969746561721e-05,
    "vi": 0.0002488874306436628,
    "he": 4.3250154703855515e-05,
    "uk": 3.999985347036272e-05,
    "el": 7.59063841542229e-05,
    "ms": 0.0007201798143796623,
    "cs": 0.00030021555721759796,
    "ro": 9.746573778102174e-05,
    "da": 4.257962427800521e-05,
    "hu": 7.3570990934968e-05,
    "ta": 7.5157495302846655e-06,
    "no": 5.382568997447379e-05,
    "th": 0.00013744870375376195,
    "ur": 7.243038271553814e-05,
    "hr": 2.8526567348308163e-06,
    "bg": 1.182393498311285e-05,
    "lt": 5.035238359596406e-07,
    "la": 0.02311531826853752,
    "mi": 0.0002196424175053835,
    "ml": 1.4946853298170026e-05,
    "cy": 0.006319376640021801,
    "sk": 8.254436579591129e-06,
    "te": 1.9801364032900892e-05,
    "fa": 0.00011574340896913782,
    "lv": 8.70011263032211e-07,
    "bn": 1.1640619959507603e-05,
    "sr": 9.02768562127676e-08,
    "az": 3.3350938792864326e-06,
    "sl": 1.693700505711604e-05,
    "kn": 3.4606654253366287e-07,
    "et": 1.6253949297606596e-06,
    "mk": 6.401587882010062e-08,
    "br": 0.013588794507086277,
    "eu": 2.0113191567361355e-05,
    "is": 4.928948783344822e-06,
    "hy": 1.0659599638529471e-06,
    "ne": 2.054691776720574e-06,
    "mn": 5.056455120211467e-05,
    "bs": 3.440960881562205e-06,
    "kk": 4.957174724040669e-07,
    "sq": 1.9718275723334955e-07,
    "sw": 7.754325451969635e-06,
    "gl": 7.02019315212965e-05,
    "mr": 1.7851471056928858e-06,
    "pa": 4.558532509690849e-06,
    "si": 6.0046888393117115e-05,
    "km": 0.0015730170998722315,
    "sn": 0.00039155493141151965,
    "yo": 0.00011574340896913782,
    "so": 1.5968348066053295e-07,
    "af": 7.876437848608475e-06,
    "oc": 0.000635556410998106,
    "ka": 1.0150099427619352e-07,
    "be": 1.0765814295154996e-05,
    "tg": 1.0071110523313109e-07,
    "sd": 1.2199266166135203e-05,
    "gu": 1.4092016442646127e-07,
    "am": 8.565230018575676e-07,
    "yi": 1.3823579138261266e-05,
    "lo": 7.876437848608475e-06,
    "uz": 3.974836104703172e-08,
    "fo": 2.3514701751992106e-05,
    "ht": 0.00040398421697318554,
    "ps": 3.2833879686222645e-06,
    "tk": 1.9718275723334955e-07,
    "nn": 0.07120019197463989,
    "mt": 1.1707280691553024e-06,
    "sa": 0.0002955611562356353,
    "lb": 6.670607035630383e-07,
    "my": 2.792439772747457e-05,
    "bo": 7.5157495302846655e-06,
    "tl": 7.243038271553814e-05,
    "mg": 5.530127964448184e-07,
    "as": 1.0659599638529471e-06,
    "tt": 2.5068976228226347e-08,
    "haw": 0.01446519698947668,
    "ln": 2.9725370040978305e-05,
    "ha": 3.407012627576478e-07,
    "ba": 2.0664577959905728e-07,
    "jw": 0.006832874845713377,
    "su": 3.407012627576478e-07
  }
}