{
  "text": " Thanks for watching!",
  "segments": [
    {
      "id": 0,
      "seek": 0,
      "start": 0.0,
      "end": 2.52,
      "text": " Thanks for watching!",
      "tokens": [
        50364,
        2561,
        337,
        1976,
        0,
        50518
      ],
      "temperature": 0.0,
      "avg_logprob": -0.8082353728158134,
      "compression_ratio": 0.7142857142857143,
      "no_speech_prob": 0.4414949119091034,
      "confidence": 0.369,
      "words": [
        {
          "text": "Thanks",
          "start": 0.0,
          "end": 1.5,
          "confidence": 0.056
        },
        {
          "text": "for",
          "start": 1.5,
          "end": 2.46,
          "confidence": 0.948
        },
        {
          "text": "watching!",
          "start": 2.46,
          "end": 2.52,
          "confidence": 0.948
        }
      ]
    }
  ],
  "language": "en",
  "language_probs": {
    "en": 0.47342103719711304,
    "zh": 0.014982158318161964,
    "de": 0.007772641722112894,
    "es": 0.009980270639061928,
    "ru": 0.07260146737098694,
    "ko": 0.08099278807640076,
    "fr": 0.008019371889531612,
    "ja": 0.02843114361166954,
    "pt": 0.012038503773510456,
    "tr": 0.008671008981764317,
    "pl": 0.005018395371735096,
    "ca": 8.500757394358516e-05,
    "nl": 0.00318988598883152,
    "ar": 0.005776137113571167,
    "sv": 0.0022975888568907976,
    "it": 0.0030917434487491846,
    "id": 0.0014834346948191524,
    "hi": 0.0032911438029259443,
    "fi": 0.0010037421016022563,
    "vi": 0.0018752370961010456,
    "he": 0.0002384096587775275,
    "uk": 0.0007459177868440747,
    "el": 0.0014155033277347684,
    "ms": 0.0035034040920436382,
    "cs": 0.0009139176108874381,
    "ro": 0.0007229683105833828,
    "da": 0.00015154240827541798,
    "hu": 0.0007817152072675526,
    "ta": 0.0012688488932326436,
    "no": 0.0002744078228715807,
    "th": 0.0022619678638875484,
    "ur": 0.0007576643256470561,
    "hr": 6.938115984667093e-05,
    "bg": 0.00011619159340625629,
    "lt": 1.3450153346639127e-05,
    "la": 0.010961182415485382,
    "mi": 0.0003309990279376507,
    "ml": 0.0007343534380197525,
    "cy": 0.004940592218190432,
    "sk": 6.938115984667093e-05,
    "te": 0.0004055484605487436,
    "fa": 0.0001638563844608143,
    "lv": 4.7214471123879775e-06,
    "bn": 0.00011261674080742523,
    "sr": 1.0210846994596068e-06,
    "az": 9.743258715388947e-07,
    "sl": 6.219287752173841e-05,
    "kn": 1.6316886330969282e-06,
    "et": 5.025954578741221e-06,
    "mk": 1.7197871216012572e-07,
    "br": 0.00019156753842253238,
    "eu": 3.6770668430108344e-06,
    "is": 2.0832003428949974e-05,
    "hy": 3.91421735912445e-06,
    "ne": 8.286398951895535e-06,
    "mn": 6.027939889463596e-05,
    "bs": 8.286398951895535e-06,
    "kk": 1.175261218122614e-06,
    "sq": 1.3317454659045325e-06,
    "sw": 5.155970575287938e-05,
    "gl": 5.4885022109374404e-05,
    "mr": 1.5328296285588294e-06,
    "pa": 2.1281230146996677e-06,
    "si": 0.00022049288963899016,
    "km": 0.0006380173726938665,
    "sn": 0.0003523466584738344,
    "yo": 3.713705882546492e-05,
    "so": 7.812485591784935e-08,
    "af": 1.115056875278242e-05,
    "oc": 8.031453035073355e-06,
    "ka": 3.4202051324427885e-07,
    "be": 5.434352715383284e-06,
    "tg": 4.348302695689199e-08,
    "sd": 2.1616360754705966e-06,
    "gu": 1.4710117568483838e-07,
    "am": 4.5310360974326613e-07,
    "yi": 2.337286105102976e-06,
    "lo": 9.995304026233498e-06,
    "uz": 9.702374903497457e-09,
    "fo": 7.784351510053966e-06,
    "ht": 9.840341590461321e-06,
    "ps": 4.795799213752616e-06,
    "tk": 8.316347788195344e-08,
    "nn": 0.213387593626976,
    "mt": 4.2565142166495207e-07,
    "sa": 6.938115984667093e-05,
    "lb": 4.084852989194587e-08,
    "my": 7.3127202995237894e-06,
    "bo": 8.286398951895535e-06,
    "tl": 0.0013091264991089702,
    "mg": 1.653903041187732e-07,
    "as": 3.3671796018097666e-07,
    "tt": 1.6633739718940888e-08,
    "haw": 0.0035034040920436382,
    "ln": 3.0658520699944347e-07,
    "ha": 1.2680915517648828e-07,
    "ba": 7.997752504707023e-08,
    "jw": 0.004940592218190432,
    "su": 3.4202051324427885e-07
  }
}