{
  "text": " Die Wiederzulassung des Messbuchs von 1962 als Missale für die außerordentliche Form des römischen Rethus ist dann nicht so weitergegangen, wie sich Papst Benediktas gewünscht hatte. Das hat er als Emeritor so gemacht.",
  "segments": [
    {
      "id": 0,
      "seek": 0,
      "start": 0.84,
      "end": 8.56,
      "text": " Die Wiederzulassung des Messbuchs von 1962 als Missale für die außerordentliche Form des römischen Rethus",
      "tokens": [
        50364,
        3229,
        45742,
        89,
        425,
        40828,
        730,
        9847,
        65,
        37503,
        2957,
        39498,
        3907,
        5275,
        1220,
        2959,
        978,
        39428,
        765,
        7698,
        68,
        10126,
        730,
        367,
        32374,
        6282,
        497,
        3293,
        301,
        50814
      ],
      "temperature": 0.0,
      "avg_logprob": -0.2819720928485577,
      "compression_ratio": 1.247191011235955,
      "no_speech_prob": 0.2541808485984802,
      "confidence": 0.869,
      "words": [
        {
          "text": "Die",
          "start": 0.84,
          "end": 1.12,
          "confidence": 0.872
        },
        {
          "text": "Wiederzulassung",
          "start": 1.12,
          "end": 1.92,
          "confidence": 0.976
        },
        {
          "text": "des",
          "start": 1.92,
          "end": 2.16,
          "confidence": 0.986
        },
        {
          "text": "Messbuchs",
          "start": 2.16,
          "end": 2.74,
          "confidence": 0.947
        },
        {
          "text": "von",
          "start": 2.74,
          "end": 3.28,
          "confidence": 0.971
        },
        {
          "text": "1962",
          "start": 3.28,
          "end": 4.9,
          "confidence": 0.98
        },
        {
          "text": "als",
          "start": 4.9,
          "end": 5.26,
          "confidence": 0.925
        },
        {
          "text": "Missale",
          "start": 5.26,
          "end": 5.76,
          "confidence": 0.905
        },
        {
          "text": "für",
          "start": 5.76,
          "end": 5.96,
          "confidence": 0.956
        },
        {
          "text": "die",
          "start": 5.96,
          "end": 6.12,
          "confidence": 0.99
        },
        {
          "text": "außerordentliche",
          "start": 6.12,
          "end": 7.06,
          "confidence": 0.942
        },
        {
          "text": "Form",
          "start": 7.06,
          "end": 7.32,
          "confidence": 0.834
        },
        {
          "text": "des",
          "start": 7.32,
          "end": 7.64,
          "confidence": 0.863
        },
        {
          "text": "römischen",
          "start": 7.64,
          "end": 8.04,
          "confidence": 0.675
        },
        {
          "text": "Rethus",
          "start": 8.04,
          "end": 8.56,
          "confidence": 0.63
        }
      ]
    },
    {
      "id": 1,
      "seek": 0,
      "start": 9.44,
      "end": 12.74,
      "text": " ist dann nicht so weitergegangen, wie sich Papst Benediktas gewünscht hatte.",
      "tokens": [
        50814,
        1418,
        3594,
        1979,
        370,
        8988,
        432,
        47152,
        11,
        3355,
        3041,
        15919,
        372,
        39753,
        9874,
        296,
        6906,
        3412,
        82,
        4701,
        13299,
        13,
        51014
      ],
      "temperature": 0.0,
      "avg_logprob": -0.2819720928485577,
      "compression_ratio": 1.247191011235955,
      "no_speech_prob": 0.2541808485984802,
      "confidence": 0.889,
      "words": [
        {
          "text": "ist",
          "start": 9.44,
          "end": 9.66,
          "confidence": 0.975
        },
        {
          "text": "dann",
          "start": 9.66,
          "end": 9.82,
          "confidence": 0.685
        },
        {
          "text": "nicht",
          "start": 9.82,
          "end": 10.0,
          "confidence": 0.996
        },
        {
          "text": "so",
          "start": 10.0,
          "end": 10.16,
          "confidence": 0.992
        },
        {
          "text": "weitergegangen,",
          "start": 10.16,
          "end": 10.84,
          "confidence": 0.811
        },
        {
          "text": "wie",
          "start": 10.9,
          "end": 11.06,
          "confidence": 0.988
        },
        {
          "text": "sich",
          "start": 11.06,
          "end": 11.26,
          "confidence": 0.964
        },
        {
          "text": "Papst",
          "start": 11.26,
          "end": 11.56,
          "confidence": 0.885
        },
        {
          "text": "Benediktas",
          "start": 11.56,
          "end": 12.08,
          "confidence": 0.764
        },
        {
          "text": "gewünscht",
          "start": 12.08,
          "end": 12.56,
          "confidence": 0.993
        },
        {
          "text": "hatte.",
          "start": 12.56,
          "end": 12.74,
          "confidence": 0.952
        }
      ]
    },
    {
      "id": 2,
      "seek": 0,
      "start": 14.0,
      "end": 15.48,
      "text": " Das hat er als Emeritor so gemacht.",
      "tokens": [
        51014,
        2846,
        2385,
        1189,
        3907,
        18477,
        3029,
        370,
        12293,
        13,
        51114
      ],
      "temperature": 0.0,
      "avg_logprob": -0.2819720928485577,
      "compression_ratio": 1.247191011235955,
      "no_speech_prob": 0.2541808485984802,
      "confidence": 0.441,
      "words": [
        {
          "text": "Das",
          "start": 14.0,
          "end": 14.2,
          "confidence": 0.967
        },
        {
          "text": "hat",
          "start": 14.2,
          "end": 14.36,
          "confidence": 0.845
        },
        {
          "text": "er",
          "start": 14.36,
          "end": 14.5,
          "confidence": 0.99
        },
        {
          "text": "als",
          "start": 14.5,
          "end": 14.7,
          "confidence": 0.977
        },
        {
          "text": "Emeritor",
          "start": 14.7,
          "end": 15.24,
          "confidence": 0.427
        },
        {
          "text": "so",
          "start": 15.24,
          "end": 15.42,
          "confidence": 0.111
        },
        {
          "text": "gemacht.",
          "start": 15.42,
          "end": 15.48,
          "confidence": 0.09
        }
      ]
    }
  ],
  "language": "de",
  "language_probs": {
    "en": 0.006050276570022106,
    "zh": 0.0003577142197173089,
    "de": 0.9861949682235718,
    "es": 0.00043148567783646286,
    "ru": 0.0005806274712085724,
    "ko": 0.0005716257146559656,
    "fr": 0.000818815955426544,
    "ja": 0.0003577142197173089,
    "pt": 0.0006788222817704082,
    "tr": 0.0003577142197173089,
    "pl": 0.0007572810281999409,
    "ca": 1.290118916585925e-06,
    "nl": 0.0009876806288957596,
    "ar": 0.00017433597531635314,
    "sv": 5.316946771927178e-05,
    "it": 0.0005897710216231644,
    "id": 1.8958158761961386e-05,
    "hi": 5.23451562912669e-05,
    "fi": 1.1144927157147322e-05,
    "vi": 6.119767931522802e-05,
    "he": 6.65493917040294e-06,
    "uk": 7.90293597674463e-06,
    "el": 4.013441866845824e-05,
    "ms": 1.780953971319832e-05,
    "cs": 9.99024723569164e-06,
    "ro": 1.673051701800432e-05,
    "da": 4.945531145494897e-06,
    "hu": 4.477318361750804e-05,
    "ta": 1.7633834659136483e-06,
    "no": 2.9531115615100134e-06,
    "th": 4.140842429478653e-05,
    "ur": 2.6320798497181386e-05,
    "hr": 2.313055773583983e-07,
    "bg": 2.424061449346482e-07,
    "lt": 1.8585924976832757e-07,
    "la": 0.0002169646177208051,
    "mi": 3.5069065233983565e-06,
    "ml": 3.6182279927743366e-06,
    "cy": 4.076644472661428e-05,
    "sk": 3.5825306099468435e-07,
    "te": 3.9346403468698554e-07,
    "fa": 3.0948342555348063e-06,
    "lv": 4.346102855379286e-08,
    "bn": 5.131738589625456e-07,
    "sr": 5.525449875420918e-09,
    "az": 2.2902353791209862e-08,
    "sl": 1.020567992782162e-06,
    "kn": 8.829642794694337e-09,
    "et": 6.891006165687941e-08,
    "mk": 1.534361970811915e-09,
    "br": 2.8178787943033967e-06,
    "eu": 2.2071331784445647e-07,
    "is": 1.381188639015818e-07,
    "hy": 1.4474733234237647e-07,
    "ne": 1.257586603742311e-07,
    "mn": 3.161572408316715e-07,
    "bs": 4.810697618040649e-08,
    "kk": 7.320031247814995e-09,
    "sq": 1.197477228487287e-08,
    "sw": 2.621035548600048e-07,
    "gl": 2.0940697140758857e-06,
    "mr": 2.0529535404989474e-08,
    "pa": 3.775959456220335e-08,
    "si": 6.589282293134602e-07,
    "km": 2.3965356376720592e-05,
    "sn": 3.6182279927743366e-06,
    "yo": 2.2771951080358122e-07,
    "so": 3.266845127747331e-10,
    "af": 1.0425758745213898e-07,
    "oc": 4.6725008928660827e-07,
    "ka": 1.3435321744026396e-09,
    "be": 2.746821508026187e-07,
    "tg": 2.0603733996704676e-10,
    "sd": 1.869235610740816e-08,
    "gu": 1.0463440114349964e-09,
    "am": 1.924520987017786e-09,
    "yi": 2.7042361239182355e-07,
    "lo": 4.449167789744024e-08,
    "uz": 1.629889556653552e-10,
    "fo": 7.869775942026536e-08,
    "ht": 1.3597754389138572e-07,
    "ps": 6.945052888340797e-08,
    "tk": 9.452930660458492e-10,
    "nn": 0.0003206529363524169,
    "mt": 1.4190527641844142e-09,
    "sa": 3.3463138606748544e-06,
    "lb": 7.898218190582895e-10,
    "my": 1.238089453181601e-07,
    "bo": 6.784170381024524e-08,
    "tl": 3.046853180421749e-06,
    "mg": 1.0463440114349964e-09,
    "as": 1.6851668949158238e-09,
    "tt": 3.1106988512830114e-11,
    "haw": 7.195705165941035e-06,
    "ln": 3.7387062334914845e-09,
    "ha": 3.8193290197163776e-10,
    "ba": 9.306375114981336e-10,
    "jw": 2.982536898343824e-05,
    "su": 2.2104579278092729e-10
  }
}