{
  "text": " hahahaha",
  "segments": [
    {
      "id": 0,
      "seek": 0,
      "start": 0.32,
      "end": 1.58,
      "text": " hahahaha",
      "tokens": [
        50364,
        17206,
        15380,
        50464
      ],
      "temperature": 0.0,
      "avg_logprob": -1.2676313400268555,
      "compression_ratio": 0.6666666666666666,
      "no_speech_prob": 0.5892603397369385,
      "confidence": 0.135,
      "words": [
        {
          "text": "hahahaha",
          "start": 0.32,
          "end": 1.58,
          "confidence": 0.135
        }
      ]
    }
  ],
  "language": "en",
  "language_probs": {
    "en": 0.4557611346244812,
    "zh": 0.02531365118920803,
    "de": 0.0465589314699173,
    "es": 0.07324747741222382,
    "ru": 0.03406323865056038,
    "ko": 0.01233688835054636,
    "fr": 0.037411149591207504,
    "ja": 0.0108872652053833,
    "pt": 0.05978284776210785,
    "tr": 0.016090335324406624,
    "pl": 0.022339219227433205,
    "ca": 0.0015202028444036841,
    "nl": 0.008612535893917084,
    "ar": 0.030060704797506332,
    "sv": 0.01660109870135784,
    "it": 0.011409756727516651,
    "id": 0.001280139316804707,
    "hi": 0.009912967681884766,
    "fi": 0.003821789985522628,
    "vi": 0.004682554863393307,
    "he": 0.0012215173337608576,
    "uk": 0.005919303745031357,
    "el": 0.0043306550942361355,
    "ms": 0.006400293670594692,
    "cs": 0.009912967681884766,
    "ro": 0.011058715172111988,
    "da": 0.0026680391747504473,
    "hu": 0.0022118822671473026,
    "ta": 0.00040281369001604617,
    "no": 0.0018919231370091438,
    "th": 0.0018625915981829166,
    "ur": 0.006400293670594692,
    "hr": 0.0008527565514668822,
    "bg": 0.0015202028444036841,
    "lt": 0.0001932721061166376,
    "la": 0.006400293670594692,
    "mi": 0.0027100546285510063,
    "ml": 0.0003610798448789865,
    "cy": 0.011409756727516651,
    "sk": 0.0009365698206238449,
    "te": 0.001777297118678689,
    "fa": 0.003821789985522628,
    "lv": 0.0001679177221376449,
    "bn": 0.001618247595615685,
    "sr": 6.473804387496784e-05,
    "az": 2.308306284248829e-05,
    "sl": 0.0014280985342338681,
    "kn": 2.656844117154833e-05,
    "et": 0.00013283385487738997,
    "mk": 4.662906576413661e-05,
    "br": 0.0002812092425301671,
    "eu": 0.0001902756921481341,
    "is": 0.00027684951783157885,
    "hy": 0.00018442152941133827,
    "ne": 0.00011907148291356862,
    "mn": 0.00012094659177819267,
    "bs": 0.0003339442773722112,
    "kk": 5.20184839842841e-05,
    "sq": 0.00022595797781832516,
    "sw": 0.0022118822671473026,
    "gl": 0.0008137059630826116,
    "mr": 4.963638639310375e-05,
    "pa": 0.0001101231318898499,
    "si": 0.0010612726910039783,
    "km": 0.0010448191314935684,
    "sn": 0.0018919231370091438,
    "yo": 0.0003040597075596452,
    "so": 1.1606892257987056e-05,
    "af": 0.00010026824747910723,
    "oc": 8.987988258013502e-05,
    "ka": 3.1061652407515794e-05,
    "be": 0.0001732480013743043,
    "tg": 5.314022928359918e-06,
    "sd": 6.177347677294165e-05,
    "gu": 1.3359451259020716e-05,
    "am": 1.9136530681862496e-05,
    "yi": 7.451303099514917e-05,
    "lo": 0.0001528908178443089,
    "uz": 3.093131795139925e-07,
    "fo": 5.713112841476686e-05,
    "ht": 8.987988258013502e-05,
    "ps": 0.00048588606296107173,
    "tk": 2.250098987133242e-06,
    "nn": 0.012928948737680912,
    "mt": 1.6626105207251385e-05,
    "sa": 0.0003499705926515162,
    "lb": 1.2820676147384802e-06,
    "my": 0.0001528908178443089,
    "bo": 0.00016531439905520529,
    "tl": 0.0021438298281282187,
    "mg": 5.569047516473802e-06,
    "as": 1.8260203432873823e-05,
    "tt": 1.4988888779043918e-06,
    "haw": 0.0009662997908890247,
    "ln": 1.0903666407102719e-05,
    "ha": 5.482707820192445e-06,
    "ba": 2.250098987133242e-06,
    "jw": 0.003119254019111395,
    "su": 4.838472705159802e-06
  }
}