{
  "text": " Hehehe",
  "segments": [
    {
      "id": 0,
      "seek": 0,
      "start": 0.22,
      "end": 0.64,
      "text": " Hehehe",
      "tokens": [
        50364,
        634,
        23500,
        50464
      ],
      "temperature": 0.0,
      "avg_logprob": -1.0083972930908203,
      "compression_ratio": 0.5,
      "no_speech_prob": 0.3666148781776428,
      "confidence": 0.334,
      "words": [
        {
          "text": "Hehehe",
          "start": 0.22,
          "end": 0.64,
          "confidence": 0.334
        }
      ]
    }
  ],
  "language": "en",
  "language_probs": {
    "en": 0.6813932657241821,
    "zh": 0.020576294511556625,
    "de": 0.017058348283171654,
    "es": 0.016793882474303246,
    "ru": 0.02368316985666752,
    "ko": 0.09514381736516953,
    "fr": 0.014590777456760406,
    "ja": 0.04092084616422653,
    "pt": 0.016533516347408295,
    "tr": 0.002575425198301673,
    "pl": 0.0035201888531446457,
    "ca": 0.00028895470313727856,
    "nl": 0.007688799407333136,
    "ar": 0.0034118841867893934,
    "sv": 0.0032556424848735332,
    "it": 0.003631931496784091,
    "id": 0.004887297749519348,
    "hi": 0.004115517716854811,
    "fi": 0.0030583932530134916,
    "vi": 0.002657177858054638,
    "he": 0.0002510481863282621,
    "uk": 0.0007854602881707251,
    "el": 0.0005398384528234601,
    "ms": 0.003806231776252389,
    "cs": 0.0009929147781804204,
    "ro": 0.0006718398653902113,
    "da": 0.00031735465745441616,
    "hu": 0.0006117171142250299,
    "ta": 0.0010085509857162833,
    "no": 0.00040117386379279196,
    "th": 0.00520250154659152,
    "ur": 0.00040749143227003515,
    "hr": 0.00012045423500239849,
    "bg": 8.812620944809169e-05,
    "lt": 2.263267924718093e-05,
    "la": 0.0005151174264028668,
    "mi": 0.0007854602881707251,
    "ml": 0.0007040820200927556,
    "cy": 0.0016628194134682417,
    "sk": 6.347492308123037e-05,
    "te": 0.0003596099268179387,
    "fa": 5.429297380032949e-05,
    "lv": 1.4612756785936654e-05,
    "bn": 5.779457205790095e-05,
    "sr": 1.9469614471745444e-06,
    "az": 7.1624708652962e-07,
    "sl": 0.00010630048927851021,
    "kn": 2.138318905053893e-06,
    "et": 1.735307705530431e-05,
    "mk": 7.624410045536933e-07,
    "br": 0.00010630048927851021,
    "eu": 1.2695783880189992e-05,
    "is": 3.241981903556734e-05,
    "hy": 8.326097486133222e-06,
    "ne": 2.0607289116014726e-05,
    "mn": 2.2989092030911706e-05,
    "bs": 1.0859279427677393e-05,
    "kk": 3.5810101053357357e-06,
    "sq": 2.3854670416767476e-06,
    "sw": 0.00012623495422303677,
    "gl": 8.951398922363296e-05,
    "mr": 5.81255289944238e-06,
    "pa": 2.7456558200356085e-06,
    "si": 0.00014758360339328647,
    "km": 0.0007732828380540013,
    "sn": 0.00042042657150886953,
    "yo": 2.3351120034931228e-05,
    "so": 1.988946252140522e-07,
    "af": 1.1203989743080456e-05,
    "oc": 9.434705134481192e-06,
    "ka": 5.000210308025999e-07,
    "be": 1.507661636424018e-05,
    "tg": 5.7431197575397164e-08,
    "sd": 2.7888936529052444e-06,
    "gu": 6.031405064277351e-07,
    "am": 1.1093451348642702e-06,
    "yi": 4.25255484515219e-06,
    "lo": 2.3718846932752058e-05,
    "uz": 1.9539980300464777e-08,
    "fo": 3.811965598288225e-06,
    "ht": 7.121688668121351e-06,
    "ps": 9.144429895968642e-06,
    "tk": 1.701235845530391e-07,
    "nn": 0.007688799407333136,
    "mt": 4.5527434622272267e-07,
    "sa": 3.790260961977765e-05,
    "lb": 8.621444180789695e-08,
    "my": 2.524857882235665e-05,
    "bo": 1.4386207112693228e-05,
    "tl": 0.002699022414162755,
    "mg": 4.2105995134988916e-07,
    "as": 7.389831466753094e-07,
    "tt": 4.724161328795162e-08,
    "haw": 0.0005314690642990172,
    "ln": 4.697263022990228e-07,
    "ha": 3.080540125210973e-07,
    "ba": 2.0045457915784937e-07,
    "jw": 0.0017426196718588471,
    "su": 6.031405064277351e-07
  }
}