{
  "text": " Dis-moi, est-ce que l'avion vole ?",
  "segments": [
    {
      "id": 0,
      "seek": 0,
      "start": 0.38,
      "end": 2.76,
      "text": " Dis-moi, est-ce que l'avion vole ?",
      "tokens": [
        50364,
        4208,
        12,
        29292,
        11,
        871,
        12,
        384,
        631,
        287,
        6,
        706,
        313,
        49877,
        2506,
        50496
      ],
      "temperature": 0.0,
      "avg_logprob": -0.26349667941822724,
      "compression_ratio": 0.8095238095238095,
      "no_speech_prob": 0.03940592333674431,
      "confidence": 0.928,
      "words": [
        {
          "text": "Dis-moi,",
          "start": 0.38,
          "end": 1.1,
          "confidence": 0.807
        },
        {
          "text": "est-ce",
          "start": 1.28,
          "end": 1.5,
          "confidence": 0.968
        },
        {
          "text": "que",
          "start": 1.5,
          "end": 1.66,
          "confidence": 0.978
        },
        {
          "text": "l'avion",
          "start": 1.66,
          "end": 2.04,
          "confidence": 0.993
        },
        {
          "text": "vole ?",
          "start": 2.04,
          "end": 2.76,
          "confidence": 0.898
        }
      ]
    }
  ],
  "language": "fr",
  "language_probs": {
    "en": 0.0032707557547837496,
    "zh": 0.00046389183262363076,
    "de": 0.0010785807389765978,
    "es": 0.0011662238975986838,
    "ru": 0.0009370873449370265,
    "ko": 0.0007529708091169596,
    "fr": 0.9805818200111389,
    "ja": 0.0011303429491817951,
    "pt": 0.0008141555008478463,
    "tr": 0.0001845234219217673,
    "pl": 0.0005864141858182847,
    "ca": 1.4228917279979214e-05,
    "nl": 0.0010785807389765978,
    "ar": 0.00047119706869125366,
    "sv": 9.134571882896125e-05,
    "it": 0.0027542528696358204,
    "id": 5.540397614822723e-05,
    "hi": 4.8135811084648594e-05,
    "fi": 4.96638058393728e-05,
    "vi": 5.806286935694516e-05,
    "he": 0.00010513827874092385,
    "uk": 1.743363645800855e-05,
    "el": 0.0002902960986830294,
    "ms": 0.00015297529171220958,
    "cs": 7.692080544074997e-05,
    "ro": 0.00010847572411876172,
    "da": 4.076653112861095e-06,
    "hu": 7.003719656495377e-05,
    "ta": 3.7702884583268315e-06,
    "no": 5.234526270214701e-06,
    "th": 4.96638058393728e-05,
    "ur": 9.62776812230004e-06,
    "hr": 9.33155206439551e-06,
    "bg": 1.0410099093860481e-05,
    "lt": 3.3990178849307995e-07,
    "la": 0.0007298043346963823,
    "mi": 1.770817289070692e-05,
    "ml": 7.195720854724641e-07,
    "cy": 0.00010847572411876172,
    "sk": 2.9825432648067363e-06,
    "te": 1.0634585123625584e-06,
    "fa": 1.1796187209256459e-05,
    "lv": 2.6888443471762e-07,
    "bn": 6.654953494944493e-07,
    "sr": 7.069282759175621e-08,
    "az": 1.484920915117982e-07,
    "sl": 1.3366831808525603e-05,
    "kn": 2.6210409842519766e-08,
    "et": 6.866204671496234e-07,
    "mk": 1.484920915117982e-07,
    "br": 0.0005956488894298673,
    "eu": 5.83953624300193e-06,
    "is": 3.0948407925279753e-07,
    "hy": 5.102530167278019e-07,
    "ne": 1.3104380514050717e-07,
    "mn": 8.545129617232305e-07,
    "bs": 1.895819650599151e-06,
    "kk": 9.006500789610072e-08,
    "sq": 8.594062705924443e-08,
    "sw": 6.314044185273815e-06,
    "gl": 2.742695687629748e-05,
    "mr": 1.3310744861882995e-07,
    "pa": 5.636124456032121e-08,
    "si": 2.182075377277215e-06,
    "km": 0.00010847572411876172,
    "sn": 5.7162687880918384e-05,
    "yo": 4.477327820495702e-06,
    "so": 6.225518323077495e-09,
    "af": 3.4525447745181737e-07,
    "oc": 9.424534073332325e-05,
    "ka": 3.813592286405765e-08,
    "be": 4.917382739222376e-06,
    "tg": 6.945067632102564e-09,
    "sd": 2.565712975410861e-07,
    "gu": 3.016799965394057e-08,
    "am": 6.141899433487197e-08,
    "yi": 5.264501510282571e-07,
    "lo": 9.239488463208545e-07,
    "uz": 3.51958884259318e-09,
    "fo": 1.936701892191195e-07,
    "ht": 8.630276170151774e-06,
    "ps": 5.965462150925305e-07,
    "tk": 2.64159805141162e-08,
    "nn": 0.0012221921933814883,
    "mt": 3.667495818149291e-08,
    "sa": 8.496474947605748e-06,
    "lb": 2.2771999397264153e-08,
    "my": 1.323495553151588e-06,
    "bo": 5.264501510282571e-07,
    "tl": 2.6170988348894753e-05,
    "mg": 6.693063170359892e-08,
    "as": 1.6660351320751943e-08,
    "tt": 3.057871955647329e-09,
    "haw": 5.454502024804242e-05,
    "ln": 2.0498698631854495e-06,
    "ha": 2.0412686652093726e-08,
    "ba": 3.1125633626061244e-08,
    "jw": 0.000372747570509091,
    "su": 1.4029421180339341e-08
  }
}