{
  "text": " Thanks for watching!",
  "segments": [
    {
      "id": 0,
      "seek": 0,
      "start": 0.02,
      "end": 3.06,
      "text": " Thanks for watching!",
      "tokens": [
        50364,
        2561,
        337,
        1976,
        0,
        50514
      ],
      "temperature": 0.0,
      "avg_logprob": -0.8994035720825195,
      "compression_ratio": 0.7142857142857143,
      "no_speech_prob": 0.6661779880523682,
      "confidence": 0.373,
      "words": [
        {
          "text": "Thanks",
          "start": 0.02,
          "end": 0.44,
          "confidence": 0.06
        },
        {
          "text": "for",
          "start": 0.44,
          "end": 1.02,
          "confidence": 0.916
        },
        {
          "text": "watching!",
          "start": 1.02,
          "end": 3.06,
          "confidence": 0.936
        }
      ]
    }
  ],
  "language": "en"
}