{
  "text": "3212122222222211111111111111111111111111111111111111111111111111111111",
  "segments": [
    {
      "id": 0,
      "seek": 0,
      "start": 0.04,
      "end": 0.64,
      "text": "3",
      "tokens": [
        18
      ],
      "temperature": 0.0,
      "avg_logprob": -0.28690400990572845,
      "compression_ratio": 1.0,
      "no_speech_prob": 0.8406417965888977,
      "confidence": 0.029,
      "words": [
        {
          "text": "3",
          "start": 0.04,
          "end": 0.64,
          "confidence": 0.029
        }
      ]
    },
    {
      "id": 1,
      "seek": 0,
      "start": 1.52,
      "end": 3.0,
      "text": "2",
      "tokens": [
        17
      ],
      "temperature": 0.0,
      "avg_logprob": -0.28690400990572845,
      "compression_ratio": 1.0,
      "no_speech_prob": 0.8406417965888977,
      "confidence": 0.688,
      "words": [
        {
          "text": "2",
          "start": 1.52,
          "end": 3.0,
          "confidence": 0.688
        }
      ]
    },
    {
      "id": 2,
      "seek": 0,
      "start": 3.68,
      "end": 5.32,
      "text": "1",
      "tokens": [
        16
      ],
      "temperature": 0.0,
      "avg_logprob": -0.28690400990572845,
      "compression_ratio": 1.0,
      "no_speech_prob": 0.8406417965888977,
      "confidence": 0.95,
      "words": [
        {
          "text": "1",
          "start": 3.68,
          "end": 5.32,
          "confidence": 0.95
        }
      ]
    },
    {
      "id": 3,
      "seek": 0,
      "start": 6.5,
      "end": 7.02,
      "text": "2",
      "tokens": [
        17
      ],
      "temperature": 0.0,
      "avg_logprob": -0.28690400990572845,
      "compression_ratio": 1.0,
      "no_speech_prob": 0.8406417965888977,
      "confidence": 0.278,
      "words": [
        {
          "text": "2",
          "start": 6.5,
          "end": 7.02,
          "confidence": 0.278
        }
      ]
    },
    {
      "id": 4,
      "seek": 0,
      "start": 8.08,
      "end": 9.68,
      "text": "1",
      "tokens": [
        16
      ],
      "temperature": 0.0,
      "avg_logprob": -0.28690400990572845,
      "compression_ratio": 1.0,
      "no_speech_prob": 0.8406417965888977,
      "confidence": 0.702,
      "words": [
        {
          "text": "1",
          "start": 8.08,
          "end": 9.68,
          "confidence": 0.702
        }
      ]
    },
    {
      "id": 5,
      "seek": 0,
      "start": 10.38,
      "end": 11.04,
      "text": "2",
      "tokens": [
        17
      ],
      "temperature": 0.0,
      "avg_logprob": -0.28690400990572845,
      "compression_ratio": 1.0,
      "no_speech_prob": 0.8406417965888977,
      "confidence": 0.919,
      "words": [
        {
          "text": "2",
          "start": 10.38,
          "end": 11.04,
          "confidence": 0.919
        }
      ]
    },
    {
      "id": 6,
      "seek": 0,
      "start": 11.54,
      "end": 13.04,
      "text": "2",
      "tokens": [
        17
      ],
      "temperature": 0.0,
      "avg_logprob": -0.28690400990572845,
      "compression_ratio": 1.0,
      "no_speech_prob": 0.8406417965888977,
      "confidence": 0.657,
      "words": [
        {
          "text": "2",
          "start": 11.54,
          "end": 13.04,
          "confidence": 0.657
        }
      ]
    },
    {
      "id": 7,
      "seek": 0,
      "start": 13.52,
      "end": 15.57,
      "text": "2",
      "tokens": [
        17
      ],
      "temperature": 0.0,
      "avg_logprob": -0.28690400990572845,
      "compression_ratio": 1.0,
      "no_speech_prob": 0.8406417965888977,
      "confidence": 0.772,
      "words": [
        {
          "text": "2",
          "start": 13.52,
          "end": 15.57,
          "confidence": 0.772
        }
      ]
    },
    {
      "id": 8,
      "seek": 0,
      "start": 15.57,
      "end": 16.98,
      "text": "2",
      "tokens": [
        17
      ],
      "temperature": 0.0,
      "avg_logprob": -0.28690400990572845,
      "compression_ratio": 1.0,
      "no_speech_prob": 0.8406417965888977,
      "confidence": 0.905,
      "words": [
        {
          "text": "2",
          "start": 15.57,
          "end": 16.98,
          "confidence": 0.905
        }
      ]
    },
    {
      "id": 9,
      "seek": 0,
      "start": 17.52,
      "end": 19.22,
      "text": "2",
      "tokens": [
        17
      ],
      "temperature": 0.0,
      "avg_logprob": -0.28690400990572845,
      "compression_ratio": 1.0,
      "no_speech_prob": 0.8406417965888977,
      "confidence": 0.808,
      "words": [
        {
          "text": "2",
          "start": 17.52,
          "end": 19.22,
          "confidence": 0.808
        }
      ]
    },
    {
      "id": 10,
      "seek": 0,
      "start": 19.62,
      "end": 20.68,
      "text": "2",
      "tokens": [
        17
      ],
      "temperature": 0.0,
      "avg_logprob": -0.28690400990572845,
      "compression_ratio": 1.0,
      "no_speech_prob": 0.8406417965888977,
      "confidence": 0.626,
      "words": [
        {
          "text": "2",
          "start": 19.62,
          "end": 20.68,
          "confidence": 0.626
        }
      ]
    },
    {
      "id": 11,
      "seek": 0,
      "start": 22.22,
      "end": 22.86,
      "text": "2",
      "tokens": [
        17
      ],
      "temperature": 0.0,
      "avg_logprob": -0.28690400990572845,
      "compression_ratio": 1.0,
      "no_speech_prob": 0.8406417965888977,
      "confidence": 0.835,
      "words": [
        {
          "text": "2",
          "start": 22.22,
          "end": 22.86,
          "confidence": 0.835
        }
      ]
    },
    {
      "id": 12,
      "seek": 0,
      "start": 23.52,
      "end": 24.68,
      "text": "2",
      "tokens": [
        17
      ],
      "temperature": 0.0,
      "avg_logprob": -0.28690400990572845,
      "compression_ratio": 1.0,
      "no_speech_prob": 0.8406417965888977,
      "confidence": 0.974,
      "words": [
        {
          "text": "2",
          "start": 23.52,
          "end": 24.68,
          "confidence": 0.974
        }
      ]
    },
    {
      "id": 13,
      "seek": 0,
      "start": 25.7,
      "end": 27.1,
      "text": "2",
      "tokens": [
        17
      ],
      "temperature": 0.0,
      "avg_logprob": -0.28690400990572845,
      "compression_ratio": 1.0,
      "no_speech_prob": 0.8406417965888977,
      "confidence": 0.97,
      "words": [
        {
          "text": "2",
          "start": 25.7,
          "end": 27.1,
          "confidence": 0.97
        }
      ]
    },
    {
      "id": 14,
      "seek": 2800,
      "start": 28.02,
      "end": 28.86,
      "text": "1",
      "tokens": [
        16
      ],
      "temperature": 0.0,
      "avg_logprob": -0.12449877912347967,
      "compression_ratio": 1.2727272727272727,
      "no_speech_prob": 0.022917350754141808,
      "confidence": 0.271,
      "words": [
        {
          "text": "1",
          "start": 28.02,
          "end": 28.86,
          "confidence": 0.271
        }
      ]
    },
    {
      "id": 15,
      "seek": 2800,
      "start": 30.5,
      "end": 31.12,
      "text": "1",
      "tokens": [
        16
      ],
      "temperature": 0.0,
      "avg_logprob": -0.12449877912347967,
      "compression_ratio": 1.2727272727272727,
      "no_speech_prob": 0.022917350754141808,
      "confidence": 0.504,
      "words": [
        {
          "text": "1",
          "start": 30.5,
          "end": 31.12,
          "confidence": 0.504
        }
      ]
    },
    {
      "id": 16,
      "seek": 2800,
      "start": 31.52,
      "end": 33.55,
      "text": "1",
      "tokens": [
        16
      ],
      "temperature": 0.0,
      "avg_logprob": -0.12449877912347967,
      "compression_ratio": 1.2727272727272727,
      "no_speech_prob": 0.022917350754141808,
      "confidence": 0.911,
      "words": [
        {
          "text": "1",
          "start": 31.52,
          "end": 33.55,
          "confidence": 0.911
        }
      ]
    },
    {
      "id": 17,
      "seek": 2800,
      "start": 33.55,
      "end": 35.02,
      "text": "1",
      "tokens": [
        16
      ],
      "temperature": 0.0,
      "avg_logprob": -0.12449877912347967,
      "compression_ratio": 1.2727272727272727,
      "no_speech_prob": 0.022917350754141808,
      "confidence": 0.894,
      "words": [
        {
          "text": "1",
          "start": 33.55,
          "end": 35.02,
          "confidence": 0.894
        }
      ]
    },
    {
      "id": 18,
      "seek": 2800,
      "start": 36.24,
      "end": 37.52,
      "text": "1",
      "tokens": [
        16
      ],
      "temperature": 0.0,
      "avg_logprob": -0.12449877912347967,
      "compression_ratio": 1.2727272727272727,
      "no_speech_prob": 0.022917350754141808,
      "confidence": 0.957,
      "words": [
        {
          "text": "1",
          "start": 36.24,
          "end": 37.52,
          "confidence": 0.957
        }
      ]
    },
    {
      "id": 19,
      "seek": 2800,
      "start": 37.68,
      "end": 39.8,
      "text": "1",
      "tokens": [
        16
      ],
      "temperature": 0.0,
      "avg_logprob": -0.12449877912347967,
      "compression_ratio": 1.2727272727272727,
      "no_speech_prob": 0.022917350754141808,
      "confidence": 0.958,
      "words": [
        {
          "text": "1",
          "start": 37.68,
          "end": 39.8,
          "confidence": 0.958
        }
      ]
    },
    {
      "id": 20,
      "seek": 2800,
      "start": 39.8,
      "end": 41.2,
      "text": "1",
      "tokens": [
        16
      ],
      "temperature": 0.0,
      "avg_logprob": -0.12449877912347967,
      "compression_ratio": 1.2727272727272727,
      "no_speech_prob": 0.022917350754141808,
      "confidence": 0.967,
      "words": [
        {
          "text": "1",
          "start": 39.8,
          "end": 41.2,
          "confidence": 0.967
        }
      ]
    },
    {
      "id": 21,
      "seek": 2800,
      "start": 41.52,
      "end": 44.02,
      "text": "1",
      "tokens": [
        16
      ],
      "temperature": 0.0,
      "avg_logprob": -0.12449877912347967,
      "compression_ratio": 1.2727272727272727,
      "no_speech_prob": 0.022917350754141808,
      "confidence": 0.973,
      "words": [
        {
          "text": "1",
          "start": 41.52,
          "end": 44.02,
          "confidence": 0.973
        }
      ]
    },
    {
      "id": 22,
      "seek": 2800,
      "start": 44.02,
      "end": 45.04,
      "text": "1",
      "tokens": [
        16
      ],
      "temperature": 0.0,
      "avg_logprob": -0.12449877912347967,
      "compression_ratio": 1.2727272727272727,
      "no_speech_prob": 0.022917350754141808,
      "confidence": 0.944,
      "words": [
        {
          "text": "1",
          "start": 44.02,
          "end": 45.04,
          "confidence": 0.944
        }
      ]
    },
    {
      "id": 23,
      "seek": 2800,
      "start": 45.52,
      "end": 47.53,
      "text": "1",
      "tokens": [
        16
      ],
      "temperature": 0.0,
      "avg_logprob": -0.12449877912347967,
      "compression_ratio": 1.2727272727272727,
      "no_speech_prob": 0.022917350754141808,
      "confidence": 0.959,
      "words": [
        {
          "text": "1",
          "start": 45.52,
          "end": 47.53,
          "confidence": 0.959
        }
      ]
    },
    {
      "id": 24,
      "seek": 2800,
      "start": 47.53,
      "end": 48.94,
      "text": "1",
      "tokens": [
        16
      ],
      "temperature": 0.0,
      "avg_logprob": -0.12449877912347967,
      "compression_ratio": 1.2727272727272727,
      "no_speech_prob": 0.022917350754141808,
      "confidence": 0.966,
      "words": [
        {
          "text": "1",
          "start": 47.53,
          "end": 48.94,
          "confidence": 0.966
        }
      ]
    },
    {
      "id": 25,
      "seek": 2800,
      "start": 50.2,
      "end": 52.06,
      "text": "1",
      "tokens": [
        16
      ],
      "temperature": 0.0,
      "avg_logprob": -0.12449877912347967,
      "compression_ratio": 1.2727272727272727,
      "no_speech_prob": 0.022917350754141808,
      "confidence": 0.968,
      "words": [
        {
          "text": "1",
          "start": 50.2,
          "end": 52.06,
          "confidence": 0.968
        }
      ]
    },
    {
      "id": 26,
      "seek": 2800,
      "start": 52.32,
      "end": 52.84,
      "text": "1",
      "tokens": [
        16
      ],
      "temperature": 0.0,
      "avg_logprob": -0.12449877912347967,
      "compression_ratio": 1.2727272727272727,
      "no_speech_prob": 0.022917350754141808,
      "confidence": 0.964,
      "words": [
        {
          "text": "1",
          "start": 52.32,
          "end": 52.84,
          "confidence": 0.964
        }
      ]
    },
    {
      "id": 27,
      "seek": 2800,
      "start": 53.64,
      "end": 54.9,
      "text": "1",
      "tokens": [
        16
      ],
      "temperature": 0.0,
      "avg_logprob": -0.12449877912347967,
      "compression_ratio": 1.2727272727272727,
      "no_speech_prob": 0.022917350754141808,
      "confidence": 0.944,
      "words": [
        {
          "text": "1",
          "start": 53.64,
          "end": 54.9,
          "confidence": 0.944
        }
      ]
    },
    {
      "id": 28,
      "seek": 5600,
      "start": 56.02,
      "end": 57.06,
      "text": "1",
      "tokens": [
        16
      ],
      "temperature": 0.0,
      "avg_logprob": -0.12232361056587913,
      "compression_ratio": 1.2727272727272727,
      "no_speech_prob": 0.015843844041228294,
      "confidence": 0.377,
      "words": [
        {
          "text": "1",
          "start": 56.02,
          "end": 57.06,
          "confidence": 0.377
        }
      ]
    },
    {
      "id": 29,
      "seek": 5600,
      "start": 57.52,
      "end": 58.8,
      "text": "1",
      "tokens": [
        16
      ],
      "temperature": 0.0,
      "avg_logprob": -0.12232361056587913,
      "compression_ratio": 1.2727272727272727,
      "no_speech_prob": 0.015843844041228294,
      "confidence": 0.763,
      "words": [
        {
          "text": "1",
          "start": 57.52,
          "end": 58.8,
          "confidence": 0.763
        }
      ]
    },
    {
      "id": 30,
      "seek": 5600,
      "start": 59.8,
      "end": 61.08,
      "text": "1",
      "tokens": [
        16
      ],
      "temperature": 0.0,
      "avg_logprob": -0.12232361056587913,
      "compression_ratio": 1.2727272727272727,
      "no_speech_prob": 0.015843844041228294,
      "confidence": 0.952,
      "words": [
        {
          "text": "1",
          "start": 59.8,
          "end": 61.08,
          "confidence": 0.952
        }
      ]
    },
    {
      "id": 31,
      "seek": 5600,
      "start": 61.52,
      "end": 63.08,
      "text": "1",
      "tokens": [
        16
      ],
      "temperature": 0.0,
      "avg_logprob": -0.12232361056587913,
      "compression_ratio": 1.2727272727272727,
      "no_speech_prob": 0.015843844041228294,
      "confidence": 0.949,
      "words": [
        {
          "text": "1",
          "start": 61.52,
          "end": 63.08,
          "confidence": 0.949
        }
      ]
    },
    {
      "id": 32,
      "seek": 5600,
      "start": 64.04,
      "end": 65.18,
      "text": "1",
      "tokens": [
        16
      ],
      "temperature": 0.0,
      "avg_logprob": -0.12232361056587913,
      "compression_ratio": 1.2727272727272727,
      "no_speech_prob": 0.015843844041228294,
      "confidence": 0.954,
      "words": [
        {
          "text": "1",
          "start": 64.04,
          "end": 65.18,
          "confidence": 0.954
        }
      ]
    },
    {
      "id": 33,
      "seek": 5600,
      "start": 65.52,
      "end": 66.7,
      "text": "1",
      "tokens": [
        16
      ],
      "temperature": 0.0,
      "avg_logprob": -0.12232361056587913,
      "compression_ratio": 1.2727272727272727,
      "no_speech_prob": 0.015843844041228294,
      "confidence": 0.952,
      "words": [
        {
          "text": "1",
          "start": 65.52,
          "end": 66.7,
          "confidence": 0.952
        }
      ]
    },
    {
      "id": 34,
      "seek": 5600,
      "start": 67.52,
      "end": 69.08,
      "text": "1",
      "tokens": [
        16
      ],
      "temperature": 0.0,
      "avg_logprob": -0.12232361056587913,
      "compression_ratio": 1.2727272727272727,
      "no_speech_prob": 0.015843844041228294,
      "confidence": 0.966,
      "words": [
        {
          "text": "1",
          "start": 67.52,
          "end": 69.08,
          "confidence": 0.966
        }
      ]
    },
    {
      "id": 35,
      "seek": 5600,
      "start": 69.58,
      "end": 71.65,
      "text": "1",
      "tokens": [
        16
      ],
      "temperature": 0.0,
      "avg_logprob": -0.12232361056587913,
      "compression_ratio": 1.2727272727272727,
      "no_speech_prob": 0.015843844041228294,
      "confidence": 0.958,
      "words": [
        {
          "text": "1",
          "start": 69.58,
          "end": 71.65,
          "confidence": 0.958
        }
      ]
    },
    {
      "id": 36,
      "seek": 5600,
      "start": 71.65,
      "end": 73.62,
      "text": "1",
      "tokens": [
        16
      ],
      "temperature": 0.0,
      "avg_logprob": -0.12232361056587913,
      "compression_ratio": 1.2727272727272727,
      "no_speech_prob": 0.015843844041228294,
      "confidence": 0.957,
      "words": [
        {
          "text": "1",
          "start": 71.65,
          "end": 73.62,
          "confidence": 0.957
        }
      ]
    },
    {
      "id": 37,
      "seek": 5600,
      "start": 73.62,
      "end": 75.85,
      "text": "1",
      "tokens": [
        16
      ],
      "temperature": 0.0,
      "avg_logprob": -0.12232361056587913,
      "compression_ratio": 1.2727272727272727,
      "no_speech_prob": 0.015843844041228294,
      "confidence": 0.953,
      "words": [
        {
          "text": "1",
          "start": 73.62,
          "end": 75.85,
          "confidence": 0.953
        }
      ]
    },
    {
      "id": 38,
      "seek": 5600,
      "start": 75.85,
      "end": 77.12,
      "text": "1",
      "tokens": [
        16
      ],
      "temperature": 0.0,
      "avg_logprob": -0.12232361056587913,
      "compression_ratio": 1.2727272727272727,
      "no_speech_prob": 0.015843844041228294,
      "confidence": 0.942,
      "words": [
        {
          "text": "1",
          "start": 75.85,
          "end": 77.12,
          "confidence": 0.942
        }
      ]
    },
    {
      "id": 39,
      "seek": 5600,
      "start": 78.22,
      "end": 78.78,
      "text": "1",
      "tokens": [
        16
      ],
      "temperature": 0.0,
      "avg_logprob": -0.12232361056587913,
      "compression_ratio": 1.2727272727272727,
      "no_speech_prob": 0.015843844041228294,
      "confidence": 0.936,
      "words": [
        {
          "text": "1",
          "start": 78.22,
          "end": 78.78,
          "confidence": 0.936
        }
      ]
    },
    {
      "id": 40,
      "seek": 5600,
      "start": 80.08,
      "end": 80.86,
      "text": "1",
      "tokens": [
        16
      ],
      "temperature": 0.0,
      "avg_logprob": -0.12232361056587913,
      "compression_ratio": 1.2727272727272727,
      "no_speech_prob": 0.015843844041228294,
      "confidence": 0.929,
      "words": [
        {
          "text": "1",
          "start": 80.08,
          "end": 80.86,
          "confidence": 0.929
        }
      ]
    },
    {
      "id": 41,
      "seek": 5600,
      "start": 81.52,
      "end": 82.7,
      "text": "1",
      "tokens": [
        16
      ],
      "temperature": 0.0,
      "avg_logprob": -0.12232361056587913,
      "compression_ratio": 1.2727272727272727,
      "no_speech_prob": 0.015843844041228294,
      "confidence": 0.903,
      "words": [
        {
          "text": "1",
          "start": 81.52,
          "end": 82.7,
          "confidence": 0.903
        }
      ]
    },
    {
      "id": 42,
      "seek": 8400,
      "start": 84.88,
      "end": 85.08,
      "text": "1",
      "tokens": [
        16
      ],
      "temperature": 0.0,
      "avg_logprob": -0.10775410045276988,
      "compression_ratio": 1.2727272727272727,
      "no_speech_prob": 0.02908501960337162,
      "confidence": 0.82,
      "words": [
        {
          "text": "1",
          "start": 84.88,
          "end": 85.08,
          "confidence": 0.82
        }
      ]
    },
    {
      "id": 43,
      "seek": 8400,
      "start": 85.58,
      "end": 86.86,
      "text": "1",
      "tokens": [
        16
      ],
      "temperature": 0.0,
      "avg_logprob": -0.10775410045276988,
      "compression_ratio": 1.2727272727272727,
      "no_speech_prob": 0.02908501960337162,
      "confidence": 0.884,
      "words": [
        {
          "text": "1",
          "start": 85.58,
          "end": 86.86,
          "confidence": 0.884
        }
      ]
    },
    {
      "id": 44,
      "seek": 8400,
      "start": 88.02,
      "end": 89.2,
      "text": "1",
      "tokens": [
        16
      ],
      "temperature": 0.0,
      "avg_logprob": -0.10775410045276988,
      "compression_ratio": 1.2727272727272727,
      "no_speech_prob": 0.02908501960337162,
      "confidence": 0.957,
      "words": [
        {
          "text": "1",
          "start": 88.02,
          "end": 89.2,
          "confidence": 0.957
        }
      ]
    },
    {
      "id": 45,
      "seek": 8400,
      "start": 89.52,
      "end": 90.98,
      "text": "1",
      "tokens": [
        16
      ],
      "temperature": 0.0,
      "avg_logprob": -0.10775410045276988,
      "compression_ratio": 1.2727272727272727,
      "no_speech_prob": 0.02908501960337162,
      "confidence": 0.952,
      "words": [
        {
          "text": "1",
          "start": 89.52,
          "end": 90.98,
          "confidence": 0.952
        }
      ]
    },
    {
      "id": 46,
      "seek": 8400,
      "start": 92.5,
      "end": 93.04,
      "text": "1",
      "tokens": [
        16
      ],
      "temperature": 0.0,
      "avg_logprob": -0.10775410045276988,
      "compression_ratio": 1.2727272727272727,
      "no_speech_prob": 0.02908501960337162,
      "confidence": 0.917,
      "words": [
        {
          "text": "1",
          "start": 92.5,
          "end": 93.04,
          "confidence": 0.917
        }
      ]
    },
    {
      "id": 47,
      "seek": 8400,
      "start": 93.58,
      "end": 95.56,
      "text": "1",
      "tokens": [
        16
      ],
      "temperature": 0.0,
      "avg_logprob": -0.10775410045276988,
      "compression_ratio": 1.2727272727272727,
      "no_speech_prob": 0.02908501960337162,
      "confidence": 0.947,
      "words": [
        {
          "text": "1",
          "start": 93.58,
          "end": 95.56,
          "confidence": 0.947
        }
      ]
    },
    {
      "id": 48,
      "seek": 8400,
      "start": 95.6,
      "end": 97.95,
      "text": "1",
      "tokens": [
        16
      ],
      "temperature": 0.0,
      "avg_logprob": -0.10775410045276988,
      "compression_ratio": 1.2727272727272727,
      "no_speech_prob": 0.02908501960337162,
      "confidence": 0.97,
      "words": [
        {
          "text": "1",
          "start": 95.6,
          "end": 97.95,
          "confidence": 0.97
        }
      ]
    },
    {
      "id": 49,
      "seek": 8400,
      "start": 97.95,
      "end": 99.14,
      "text": "1",
      "tokens": [
        16
      ],
      "temperature": 0.0,
      "avg_logprob": -0.10775410045276988,
      "compression_ratio": 1.2727272727272727,
      "no_speech_prob": 0.02908501960337162,
      "confidence": 0.976,
      "words": [
        {
          "text": "1",
          "start": 97.95,
          "end": 99.14,
          "confidence": 0.976
        }
      ]
    },
    {
      "id": 50,
      "seek": 8400,
      "start": 99.52,
      "end": 101.08,
      "text": "1",
      "tokens": [
        16
      ],
      "temperature": 0.0,
      "avg_logprob": -0.10775410045276988,
      "compression_ratio": 1.2727272727272727,
      "no_speech_prob": 0.02908501960337162,
      "confidence": 0.984,
      "words": [
        {
          "text": "1",
          "start": 99.52,
          "end": 101.08,
          "confidence": 0.984
        }
      ]
    },
    {
      "id": 51,
      "seek": 8400,
      "start": 101.52,
      "end": 103.62,
      "text": "1",
      "tokens": [
        16
      ],
      "temperature": 0.0,
      "avg_logprob": -0.10775410045276988,
      "compression_ratio": 1.2727272727272727,
      "no_speech_prob": 0.02908501960337162,
      "confidence": 0.985,
      "words": [
        {
          "text": "1",
          "start": 101.52,
          "end": 103.62,
          "confidence": 0.985
        }
      ]
    },
    {
      "id": 52,
      "seek": 8400,
      "start": 103.62,
      "end": 105.7,
      "text": "1",
      "tokens": [
        16
      ],
      "temperature": 0.0,
      "avg_logprob": -0.10775410045276988,
      "compression_ratio": 1.2727272727272727,
      "no_speech_prob": 0.02908501960337162,
      "confidence": 0.988,
      "words": [
        {
          "text": "1",
          "start": 103.62,
          "end": 105.7,
          "confidence": 0.988
        }
      ]
    },
    {
      "id": 53,
      "seek": 8400,
      "start": 106.5,
      "end": 107.12,
      "text": "1",
      "tokens": [
        16
      ],
      "temperature": 0.0,
      "avg_logprob": -0.10775410045276988,
      "compression_ratio": 1.2727272727272727,
      "no_speech_prob": 0.02908501960337162,
      "confidence": 0.957,
      "words": [
        {
          "text": "1",
          "start": 106.5,
          "end": 107.12,
          "confidence": 0.957
        }
      ]
    },
    {
      "id": 54,
      "seek": 8400,
      "start": 108.5,
      "end": 109.22,
      "text": "1",
      "tokens": [
        16
      ],
      "temperature": 0.0,
      "avg_logprob": -0.10775410045276988,
      "compression_ratio": 1.2727272727272727,
      "no_speech_prob": 0.02908501960337162,
      "confidence": 0.946,
      "words": [
        {
          "text": "1",
          "start": 108.5,
          "end": 109.22,
          "confidence": 0.946
        }
      ]
    },
    {
      "id": 55,
      "seek": 8400,
      "start": 109.52,
      "end": 111.36,
      "text": "1",
      "tokens": [
        16
      ],
      "temperature": 0.0,
      "avg_logprob": -0.10775410045276988,
      "compression_ratio": 1.2727272727272727,
      "no_speech_prob": 0.02908501960337162,
      "confidence": 0.89,
      "words": [
        {
          "text": "1",
          "start": 109.52,
          "end": 111.36,
          "confidence": 0.89
        }
      ]
    },
    {
      "id": 56,
      "seek": 11200,
      "start": 112.98,
      "end": 113.34,
      "text": "1",
      "tokens": [
        16
      ],
      "temperature": 0.0,
      "avg_logprob": -0.10804855823516846,
      "compression_ratio": 1.2727272727272727,
      "no_speech_prob": 0.04961525276303291,
      "confidence": 0.895,
      "words": [
        {
          "text": "1",
          "start": 112.98,
          "end": 113.34,
          "confidence": 0.895
        }
      ]
    },
    {
      "id": 57,
      "seek": 11200,
      "start": 113.88,
      "end": 114.52,
      "text": "1",
      "tokens": [
        16
      ],
      "temperature": 0.0,
      "avg_logprob": -0.10804855823516846,
      "compression_ratio": 1.2727272727272727,
      "no_speech_prob": 0.04961525276303291,
      "confidence": 0.871,
      "words": [
        {
          "text": "1",
          "start": 113.88,
          "end": 114.52,
          "confidence": 0.871
        }
      ]
    },
    {
      "id": 58,
      "seek": 11200,
      "start": 115.94,
      "end": 117.2,
      "text": "1",
      "tokens": [
        16
      ],
      "temperature": 0.0,
      "avg_logprob": -0.10804855823516846,
      "compression_ratio": 1.2727272727272727,
      "no_speech_prob": 0.04961525276303291,
      "confidence": 0.977,
      "words": [
        {
          "text": "1",
          "start": 115.94,
          "end": 117.2,
          "confidence": 0.977
        }
      ]
    },
    {
      "id": 59,
      "seek": 11200,
      "start": 117.52,
      "end": 118.64,
      "text": "1",
      "tokens": [
        16
      ],
      "temperature": 0.0,
      "avg_logprob": -0.10804855823516846,
      "compression_ratio": 1.2727272727272727,
      "no_speech_prob": 0.04961525276303291,
      "confidence": 0.975,
      "words": [
        {
          "text": "1",
          "start": 117.52,
          "end": 118.64,
          "confidence": 0.975
        }
      ]
    },
    {
      "id": 60,
      "seek": 11200,
      "start": 120.5,
      "end": 120.8,
      "text": "1",
      "tokens": [
        16
      ],
      "temperature": 0.0,
      "avg_logprob": -0.10804855823516846,
      "compression_ratio": 1.2727272727272727,
      "no_speech_prob": 0.04961525276303291,
      "confidence": 0.957,
      "words": [
        {
          "text": "1",
          "start": 120.5,
          "end": 120.8,
          "confidence": 0.957
        }
      ]
    },
    {
      "id": 61,
      "seek": 11200,
      "start": 121.58,
      "end": 123.74,
      "text": "1",
      "tokens": [
        16
      ],
      "temperature": 0.0,
      "avg_logprob": -0.10804855823516846,
      "compression_ratio": 1.2727272727272727,
      "no_speech_prob": 0.04961525276303291,
      "confidence": 0.959,
      "words": [
        {
          "text": "1",
          "start": 121.58,
          "end": 123.74,
          "confidence": 0.959
        }
      ]
    },
    {
      "id": 62,
      "seek": 11200,
      "start": 123.9,
      "end": 125.56,
      "text": "1",
      "tokens": [
        16
      ],
      "temperature": 0.0,
      "avg_logprob": -0.10804855823516846,
      "compression_ratio": 1.2727272727272727,
      "no_speech_prob": 0.04961525276303291,
      "confidence": 0.967,
      "words": [
        {
          "text": "1",
          "start": 123.9,
          "end": 125.56,
          "confidence": 0.967
        }
      ]
    },
    {
      "id": 63,
      "seek": 11200,
      "start": 125.56,
      "end": 127.34,
      "text": "1",
      "tokens": [
        16
      ],
      "temperature": 0.0,
      "avg_logprob": -0.10804855823516846,
      "compression_ratio": 1.2727272727272727,
      "no_speech_prob": 0.04961525276303291,
      "confidence": 0.968,
      "words": [
        {
          "text": "1",
          "start": 125.56,
          "end": 127.34,
          "confidence": 0.968
        }
      ]
    },
    {
      "id": 64,
      "seek": 11200,
      "start": 127.52,
      "end": 129.2,
      "text": "1",
      "tokens": [
        16
      ],
      "temperature": 0.0,
      "avg_logprob": -0.10804855823516846,
      "compression_ratio": 1.2727272727272727,
      "no_speech_prob": 0.04961525276303291,
      "confidence": 0.96,
      "words": [
        {
          "text": "1",
          "start": 127.52,
          "end": 129.2,
          "confidence": 0.96
        }
      ]
    },
    {
      "id": 65,
      "seek": 11200,
      "start": 129.52,
      "end": 131.06,
      "text": "1",
      "tokens": [
        16
      ],
      "temperature": 0.0,
      "avg_logprob": -0.10804855823516846,
      "compression_ratio": 1.2727272727272727,
      "no_speech_prob": 0.04961525276303291,
      "confidence": 0.965,
      "words": [
        {
          "text": "1",
          "start": 129.52,
          "end": 131.06,
          "confidence": 0.965
        }
      ]
    },
    {
      "id": 66,
      "seek": 11200,
      "start": 131.52,
      "end": 133.3,
      "text": "1",
      "tokens": [
        16
      ],
      "temperature": 0.0,
      "avg_logprob": -0.10804855823516846,
      "compression_ratio": 1.2727272727272727,
      "no_speech_prob": 0.04961525276303291,
      "confidence": 0.969,
      "words": [
        {
          "text": "1",
          "start": 131.52,
          "end": 133.3,
          "confidence": 0.969
        }
      ]
    },
    {
      "id": 67,
      "seek": 11200,
      "start": 133.52,
      "end": 135.73,
      "text": "1",
      "tokens": [
        16
      ],
      "temperature": 0.0,
      "avg_logprob": -0.10804855823516846,
      "compression_ratio": 1.2727272727272727,
      "no_speech_prob": 0.04961525276303291,
      "confidence": 0.966,
      "words": [
        {
          "text": "1",
          "start": 133.52,
          "end": 135.73,
          "confidence": 0.966
        }
      ]
    },
    {
      "id": 68,
      "seek": 11200,
      "start": 135.73,
      "end": 137.34,
      "text": "1",
      "tokens": [
        16
      ],
      "temperature": 0.0,
      "avg_logprob": -0.10804855823516846,
      "compression_ratio": 1.2727272727272727,
      "no_speech_prob": 0.04961525276303291,
      "confidence": 0.971,
      "words": [
        {
          "text": "1",
          "start": 135.73,
          "end": 137.34,
          "confidence": 0.971
        }
      ]
    },
    {
      "id": 69,
      "seek": 11200,
      "start": 137.52,
      "end": 139.8,
      "text": "1",
      "tokens": [
        16
      ],
      "temperature": 0.0,
      "avg_logprob": -0.10804855823516846,
      "compression_ratio": 1.2727272727272727,
      "no_speech_prob": 0.04961525276303291,
      "confidence": 0.925,
      "words": [
        {
          "text": "1",
          "start": 137.52,
          "end": 139.8,
          "confidence": 0.925
        }
      ]
    }
  ],
  "language": "zh"
}